{
	"lang": {
		"piggy": {
			"leverage": {
				"minimumQuality": 1,
				"prjLeverage": {
					"default": {
						"translated": 11,
						"translatedWords": 63,
						"translatedByQ": {
							"1": 5,
							"2": 5,
							"70": 1
						},
						"untranslated": 0,
						"untranslatedChars": 0,
						"untranslatedWords": 0,
						"pending": 0,
						"pendingWords": 0,
						"internalRepetitions": 0,
						"internalRepetitionWords": 0
					}
				},
				"numSources": 2
			}
		}
	},
	"numSources": 2
}