{
	"sourceLang": "en",
	"targetLang": "piggy",
	"jobGuid": "tmexport_en_piggy",
	"updatedAt": "2022-05-30T00:00:00.000Z",
	"status": "created",
	"tus": [
		{
			"rid": "app/src/main/res/values/strings.xml",
			"sid": "winter",
			"nsrc": [
				"Winter is ",
				{
					"t": "bx",
					"v": "<b>"
				},
				"coming",
				{
					"t": "ex",
					"v": "</b>"
				}
			],
			"guid": "Mi8CGeTkNxfnO-OshrNPE4_FrkVbQajzADA09g5O2Zk"
		},
		{
			"rid": "app/src/main/res/values/strings.xml",
			"sid": "frozen",
			"nsrc": [
				"Frozen: ",
				{
					"t": "bx",
					"v": "<strike>"
				},
				{
					"t": "x",
					"v": "%1$s"
				},
				{
					"t": "ex",
					"v": "</strike>"
				}
			],
			"guid": "oRdDrqs0lf4rPJdRA5ut9PI_ix2KZmBaqiDiyAnT9XU"
		},
		{
			"rid": "app/src/main/res/values/strings.xml",
			"sid": "house",
			"nsrc": [
				"house: ",
				{
					"t": "x",
					"v": "%1$s"
				},
				" motto: ",
				{
					"t": "x",
					"v": "%2$s"
				}
			],
			"guid": "Kexjq-2WakTgEVK2nZbiSlWPNJ_dQ1_Cll0vWPnNzVg"
		},
		{
			"rid": "app/src/main/res/values/strings.xml",
			"sid": "nothing",
			"nsrc": [
				"I know 100%%"
			],
			"guid": "DZAA56iaQf0fJvMG8fv3FgBCiGkUGweBDBEJunOp5zw"
		},
		{
			"rid": "app/src/main/res/values/strings.xml",
			"sid": "everything",
			"nsrc": [
				"I know",
				{
					"t": "bx",
					"v": "<strong>"
				},
				{
					"t": "bx",
					"v": "<font color=\"%1$s\">"
				},
				{
					"t": "x",
					"v": "%2$s"
				},
				{
					"t": "ex",
					"v": "</font>"
				},
				"%%",
				{
					"t": "ex",
					"v": "</strong>"
				}
			],
			"guid": "I03QeYafhq_YEbZNosi-sFm13oZw6d1X0npVhcuEl8U"
		},
		{
			"rid": "app/src/main/res/values/strings.xml",
			"sid": "base",
			"nsrc": [
				"Base: ",
				{
					"t": "bx",
					"v": "<strike>"
				},
				{
					"t": "x",
					"v": "%1$s"
				},
				{
					"t": "ex",
					"v": "</strike>"
				}
			],
			"guid": "w0UxEP41XoniWJO96xoPAV78tzMHe-mppZGKdvLInIU"
		},
		{
			"rid": "app/src/main/res/values/strings-with-comments.xml",
			"sid": "included_wallet_balance",
			"nsrc": [
				"Includes ",
				{
					"t": "x",
					"v": "%s",
					"s": "$50"
				},
				" from Wallet"
			],
			"guid": "HwgvL0cEhi63k9J4qJl1XI5jV8qU_tvfP1JOe6Q2nCw",
			"notes": {
				"ph": {
					"%s": {
						"sample": "$50",
						"desc": "Amount from wallet to be applied on hotel booking"
					}
				},
				"desc": ""
			}
		},
		{
			"rid": "app/src/main/res/values/strings-with-comments.xml",
			"sid": "price_freeze_header_subtitle",
			"nsrc": [
				"If prices go down, you pay the lower price. If prices increase, Hopper covers up to ",
				{
					"t": "x",
					"v": "%1$s",
					"s": "$300"
				},
				"."
			],
			"guid": "Ew2fYzyDfQwjtnekNw-fMGCxB0JGKMq2C19H9E50Mm0",
			"notes": {
				"ph": {
					"%1$s": {
						"sample": "$300",
						"desc": "Coverage cap for the price freeze"
					}
				},
				"desc": ""
			}
		},
		{
			"rid": "app/src/main/res/values/strings-with-comments.xml",
			"sid": "price_freeze_header_subtitle_compliance",
			"nsrc": [
				"You can save up to ",
				{
					"t": "x",
					"v": "%1$s",
					"s": "$300"
				},
				" when you come back to book. If the price drops, you pay the lower price."
			],
			"guid": "dOknHLDILZNhXxHYaG0eYVnVV1S-E76-Oda3vQm8F9g",
			"notes": {
				"ph": {
					"%1$s": {
						"sample": "$300",
						"desc": "Coverage cap for the price freeze"
					}
				},
				"desc": ""
			}
		},
		{
			"rid": "app/src/main/res/values/strings-with-comments.xml",
			"sid": "rooms_count_with_suffix_one",
			"nsrc": [
				{
					"t": "x",
					"v": "%1$d",
					"s": "1"
				},
				" room • ",
				{
					"t": "x",
					"v": "%2$s",
					"s": "2 Adults"
				}
			],
			"guid": "TBomaX-yNmx1U6mUgi-uPb6uzM5GI_z5LSFna60WCfA",
			"notes": {
				"ph": {
					"%1$d": {
						"sample": "1",
						"desc": "The number of rooms desired for a hotel search"
					},
					"%2$s": {
						"sample": "2 Adults",
						"desc": "A suffix, in this case the number of adult and children passengers"
					}
				},
				"desc": " "
			},
			"isSuffixPluralized": true
		},
		{
			"rid": "app/src/main/res/values/strings-with-comments.xml",
			"sid": "rooms_count_with_suffix_other",
			"nsrc": [
				{
					"t": "x",
					"v": "%1$d",
					"s": "1"
				},
				" rooms • ",
				{
					"t": "x",
					"v": "%2$s",
					"s": "2 Adults"
				}
			],
			"guid": "_nIZEEilZbiPz1PGL9hJgNBmpEy7oySaeyy2Y08PWNA",
			"notes": {
				"ph": {
					"%1$d": {
						"sample": "1",
						"desc": "The number of rooms desired for a hotel search"
					},
					"%2$s": {
						"sample": "2 Adults",
						"desc": "A suffix, in this case the number of adult and children passengers"
					}
				},
				"desc": " "
			},
			"isSuffixPluralized": true
		}
	]
}