{
	"sourceLang": "en",
	"targetLang": "it",
	"jobGuid": "tmexport_en_it",
	"updatedAt": "2022-05-30T00:00:00.000Z",
	"status": "done",
	"tus": [
		{
			"guid": "7Zu7CxuYzs5ZR0W1CgMZ3Y60_TzEYEhb42mXanyeHXI",
			"ts": 1,
			"ntgt": [
				"[",
				"HTML Atternspay",
				"-it]"
			],
			"q": 1,
			"jobGuid": "xxx0xxx",
			"translationProvider": "Piggy"
		},
		{
			"guid": "LjDrR5b5nHk64-qjOasBlp2I8RDRPnU7O2JQcZ_hoxY",
			"ts": 1,
			"ntgt": [
				"[",
				"HTML",
				"-it]"
			],
			"q": 1,
			"jobGuid": "xxx0xxx",
			"translationProvider": "Piggy"
		},
		{
			"guid": "LZ7oZfH9c9Th-bJLS_z3nFjp6JO4ZZZ-aOI0bcQAq5w",
			"ts": 1,
			"ntgt": [
				"[",
				"Itesay itletay",
				"-it]"
			],
			"q": 1,
			"jobGuid": "xxx0xxx",
			"translationProvider": "Piggy"
		},
		{
			"guid": "kSISVxd-A8cFnlN_ShhjPojxAm1zr7DWhuHP9Y-tWBA",
			"ts": 1,
			"ntgt": [
				"[",
				{
					"t": "bx",
					"v": "<a href=\"#\" title=\"Home\">",
					"v1": "a_bx_a"
				},
				"Omehay",
				{
					"t": "ex",
					"v": "</a>",
					"v1": "b_ex_a"
				},
				"-it]"
			],
			"q": 1,
			"jobGuid": "xxx0xxx",
			"translationProvider": "Piggy"
		},
		{
			"guid": "Yap997wEEsIyvcjBXwkfDwV6OMNlFrDZQRma-EKlJis",
			"ts": 1,
			"ntgt": [
				"[",
				{
					"t": "bx",
					"v": "<a href=\"#\" title=\"About\">",
					"v1": "a_bx_a"
				},
				"Aboutyay",
				{
					"t": "ex",
					"v": "</a>",
					"v1": "b_ex_a"
				},
				"-it]"
			],
			"q": 1,
			"jobGuid": "xxx0xxx",
			"translationProvider": "Piggy"
		},
		{
			"guid": "53EOx6hhx30ZfMcHlUlZqoagnkTSjJAMEfMXXnq0U7Q",
			"ts": 1,
			"ntgt": [
				"[",
				{
					"t": "bx",
					"v": "<a href=\"#\" title=\"Sign Up\">",
					"v1": "a_bx_a"
				},
				"Ignsay Upyay",
				{
					"t": "ex",
					"v": "</a>",
					"v1": "b_ex_a"
				},
				"-it]"
			],
			"q": 1,
			"jobGuid": "xxx0xxx",
			"translationProvider": "Piggy"
		},
		{
			"guid": "ACSOaEr33qAxlLjVOSqJXiTOvytg_yKJsU9RvLpA81w",
			"ts": 1,
			"ntgt": [
				"[",
				{
					"t": "bx",
					"v": "<a href=\"#\" title=\"Contact\">",
					"v1": "a_bx_a"
				},
				"Ontactcay",
				{
					"t": "ex",
					"v": "</a>",
					"v1": "b_ex_a"
				},
				"-it]"
			],
			"q": 1,
			"jobGuid": "xxx0xxx",
			"translationProvider": "Piggy"
		},
		{
			"guid": "coxExN8zoB7YZooahTk8eeV3tmNziNZEMAd81rCYu8o",
			"ts": 1,
			"ntgt": [
				"[",
				{
					"t": "bx",
					"v": "<a href=\"#\" title=\"Careers\">",
					"v1": "a_bx_a"
				},
				"Areerscay",
				{
					"t": "ex",
					"v": "</a>",
					"v1": "b_ex_a"
				},
				"-it]"
			],
			"q": 1,
			"jobGuid": "xxx0xxx",
			"translationProvider": "Piggy"
		},
		{
			"guid": "SOxT5faplVXI4GGokCOPqgIQ1ZUnf5ypouTCjSr14aM",
			"ts": 1,
			"ntgt": [
				"[",
				"Eadingshay & Opycay",
				"-it]"
			],
			"q": 1,
			"jobGuid": "xxx0xxx",
			"translationProvider": "Piggy"
		},
		{
			"guid": "SEQc8QE_rTYPGRu3nHP4sJCfYoYCvNX_KkI6_YOu3oo",
			"ts": 1,
			"ntgt": [
				"[",
				"Irstfay Eaderhay h1",
				"-it]"
			],
			"q": 1,
			"jobGuid": "xxx0xxx",
			"translationProvider": "Piggy"
		},
		{
			"guid": "11yPtt1t4_DADcX9X7sPiyxemTUY-oMJPmGI18oaH6U",
			"ts": 1,
			"ntgt": [
				"[",
				"Atyay erovay eosyay etyay accusamusyay etyay iustoyay odioyay ignissimosday ucimusday uiqay anditiisblay\n        aesentiumpray oluptatumvay elenitiday atqueyay orrupticay uosqay.",
				"-it]"
			],
			"q": 1,
			"jobGuid": "xxx0xxx",
			"translationProvider": "Piggy"
		},
		{
			"guid": "3wdLhbAMOn_6qB0SZZ6TjaIoqDHkGVCV3X5OPwdt_yo",
			"ts": 1,
			"ntgt": [
				"[",
				"Econdsay eaderhay h2",
				"-it]"
			],
			"q": 1,
			"jobGuid": "xxx0xxx",
			"translationProvider": "Piggy"
		},
		{
			"guid": "Xqgi42f66G5S52MOye5A3MTaUoyNKJ3h_jgLQuyKwKA",
			"ts": 1,
			"ntgt": [
				"[",
				"Oremlay ipsumyay olorday itsay ametyay, onsecteturcay adipisicingyay elityay, edsay oday eiusmodyay\n        emportay incididuntyay utyay aborelay etyay oloreday agnamay aliquayay. Utyay enimyay adyay inim-may eniamvay,\n        uisqay ostrudnay exercitationyay ullamcoyay aborislay isinay utyay aliquipyay exyay eayay ommodocay\n        onsequatcay. Uisday auteyay irureyay olorday inyay eprehenderitray inyay oluptatevay elitvay esseyay\n        illumcay oloreday euyay ugiatfay ullanay ariaturpay. Excepteuryay intsay occaecatyay upidatatcay\n        on-nay oidentpray, untsay inyay ulpacay uiqay officiayay eseruntday ollitmay animyay idyay estyay aborumlay.",
				"-it]"
			],
			"q": 1,
			"jobGuid": "xxx0xxx",
			"translationProvider": "Piggy"
		},
		{
			"guid": "fpWY0mqxFUwyUXEGZSiJCpi2LK1_5bDgk1icXB2C_wY",
			"ts": 1,
			"ntgt": [
				"[",
				"Irdthay eaderhay h3",
				"-it]"
			],
			"q": 1,
			"jobGuid": "xxx0xxx",
			"translationProvider": "Piggy"
		},
		{
			"guid": "6q2bDflGzN6uGFeDBVrUrKvaS9m2kspmKFqQXphCBwk",
			"ts": 1,
			"ntgt": [
				"[",
				"Atyay erovay eosyay etyay accusamusyay etyay iustoyay odioyay ignissimosday ucimusday uiqay anditiisblay\n        aesentiumpray oluptatumvay elenitiday atqueyay orrupticay uosqay oloresday etyay uasqay\n        olestiasmay excepturiyay intsay occaecatiyay upiditatecay on-nay ovidentpray, imiliquesay untsay\n        inyay ulpacay uiqay officiayay eseruntday ollitiamay animiyay, idyay estyay aborumlay etyay olorumday\n        ugafay. Etyay arumhay uidemqay erumray acilisfay estyay etyay expeditayay istinctioday.",
				"-it]"
			],
			"q": 1,
			"jobGuid": "xxx0xxx",
			"translationProvider": "Piggy"
		},
		{
			"guid": "pX8gAVMEgJAZ_8wY7l3lzd-62aZLBxUbv_LqyjpskcE",
			"ts": 1,
			"ntgt": [
				"[",
				"Ourthfay eaderhay h4",
				"-it]"
			],
			"q": 1,
			"jobGuid": "xxx0xxx",
			"translationProvider": "Piggy"
		},
		{
			"guid": "jtXnstFgLfEwP9X5yf3CJeRyasWfzu-JOYGC0uPHKCQ",
			"ts": 1,
			"ntgt": [
				"[",
				"Equenay orropay uisquamqay estyay, uiqay oloremday ipsumyay uiaqay olorday itsay ametyay,\n        onsecteturcay, adipisciyay elitvay, edsay uiaqay on-nay umquamnay eiusyay odimay emporatay inciduntyay\n        utyay aborelay etyay oloreday agnam-may aliquamyay uaeratqay oluptatemvay. Utyay enimyay adyay inimamay\n        eniamvay, uisqay ostrumnay exercitationemyay ullamyay orporiscay uscipitsay aboriosamlay, isinay\n        utyay aliquidyay exyay eayay ommodicay onsequaturcay? Uisqay autemyay elvay eumyay iureyay eprehenderitray\n        uiqay inyay eayay oluptatevay elitvay esseyay uamqay ihilnay olestiaemay onsequaturcay, elvay illumyay\n        uiqay oloremday eumyay ugiatfay uoqay oluptasvay ullanay ariaturpay?\"",
				"-it]"
			],
			"q": 1,
			"jobGuid": "xxx0xxx",
			"translationProvider": "Piggy"
		},
		{
			"guid": "MQZrFKeco9Yk1m0URYB4veN1R6QGlokZgTmSpsEFMrA",
			"ts": 1,
			"ntgt": [
				"[",
				"Ifthfay eaderhay h5",
				"-it]"
			],
			"q": 1,
			"jobGuid": "xxx0xxx",
			"translationProvider": "Piggy"
		},
		{
			"guid": "428B6CFch7RxyhDzVVNF6RrmQkPy-mm7BzHQPkEDD4A",
			"ts": 1,
			"ntgt": [
				"[",
				"Edsay utyay erspiciatispay undeyay omnisyay isteyay atusnay erroryay itsay oluptatemvay accusantiumyay\n        oloremqueday audantiumlay, otamtay emray aperiamyay, eaqueyay ipsayay uaeqay abyay illoyay inventoreyay\n        eritatisvay etyay uasiqay architectoyay eataebay itaevay ictaday untsay explicaboyay. Emonay enimyay\n        ipsamyay oluptatemvay uiaqay oluptasvay itsay aspernaturyay autyay odityay autyay ugitfay, edsay uiaqay\n        onsequunturcay agnimay oloresday eosyay uiqay ationeray oluptatemvay equisay esciuntnay.",
				"-it]"
			],
			"q": 1,
			"jobGuid": "xxx0xxx",
			"translationProvider": "Piggy"
		},
		{
			"guid": "jFWYyTeNykq3mNWSARoBtSjXag7PO4EH5M62CfGE_bo",
			"ts": 1,
			"ntgt": [
				"[",
				"Ixthsay eaderhay h6",
				"-it]"
			],
			"q": 1,
			"jobGuid": "xxx0xxx",
			"translationProvider": "Piggy"
		},
		{
			"guid": "c5CFcSj2SA3Zg8V0IKc-Smp1zg4pWo-ndDa10XFDilc",
			"ts": 1,
			"ntgt": [
				"[",
				{
					"t": "bx",
					"v": "<h1 class=\"other-class\">",
					"v1": "a_bx_h1"
				},
				"Inkslay",
				{
					"t": "ex",
					"v": "</h1>",
					"v1": "b_ex_h1"
				},
				" ",
				{
					"t": "bx",
					"v": "<a href=\"#\">",
					"v1": "c_bx_a"
				},
				"Amplesay ext-tay inklay",
				{
					"t": "ex",
					"v": "</a>",
					"v1": "d_ex_a"
				},
				" ",
				{
					"t": "bx",
					"v": "<a href=\"#\">",
					"v1": "e_bx_a"
				},
				"Amplesay uttonbay inklay",
				{
					"t": "ex",
					"v": "</a>",
					"v1": "f_ex_a"
				},
				"-it]"
			],
			"q": 1,
			"jobGuid": "xxx0xxx",
			"translationProvider": "Piggy"
		},
		{
			"guid": "hLuOGX6OWOfGm6cL2KGzXiw0kAh3K3Y0GeW3BH0GuRc",
			"ts": 1,
			"ntgt": [
				"[",
				"Istslay",
				"-it]"
			],
			"q": 1,
			"jobGuid": "xxx0xxx",
			"translationProvider": "Piggy"
		},
		{
			"guid": "8VxambcNHJ8CWDumld2cKm4OLn-6ts7N1lBfT8ZDL2k",
			"ts": 1,
			"ntgt": [
				"[",
				"Unorderedyay istlay",
				"-it]"
			],
			"q": 1,
			"jobGuid": "xxx0xxx",
			"translationProvider": "Piggy"
		},
		{
			"guid": "JZ4vq8z-jT8n-LZuTqi7gsvASaejO9fBcTkR7bY2ozk",
			"ts": 1,
			"ntgt": [
				"[",
				"Orangeyay",
				"-it]"
			],
			"q": 1,
			"jobGuid": "xxx0xxx",
			"translationProvider": "Piggy"
		},
		{
			"guid": "AJBY9KKwCAkR8r_LtTEoVRJ39q4VzFHA-zatPHcJz4U",
			"ts": 1,
			"ntgt": [
				"[",
				"Appleyay",
				"-it]"
			],
			"q": 1,
			"jobGuid": "xxx0xxx",
			"translationProvider": "Piggy"
		},
		{
			"guid": "VUhkykhQWwBRlKIrRfXD9eLJgnj79hp51lmZomqaLWU",
			"ts": 1,
			"ntgt": [
				"[",
				"Ubarbrhay",
				"-it]"
			],
			"q": 1,
			"jobGuid": "xxx0xxx",
			"translationProvider": "Piggy"
		},
		{
			"guid": "6iq-hrBdZCbp6SOew9HL9PmB2Vzg_lfzgyCkzOuzsug",
			"ts": 1,
			"ntgt": [
				"[",
				"Asberryray",
				"-it]"
			],
			"q": 1,
			"jobGuid": "xxx0xxx",
			"translationProvider": "Piggy"
		},
		{
			"guid": "GFdgI2xn0rKvCZ3vrk2ZdC6FestuwwxWTNuZ2m7Uqbg",
			"ts": 1,
			"ntgt": [
				"[",
				"Ueberryblay",
				"-it]"
			],
			"q": 1,
			"jobGuid": "xxx0xxx",
			"translationProvider": "Piggy"
		},
		{
			"guid": "n1L9PmjKI-z_yRSe3TjLx3-aUa1iXtjIKgHXx-_XL40",
			"ts": 1,
			"ntgt": [
				"[",
				"Errychay",
				"-it]"
			],
			"q": 1,
			"jobGuid": "xxx0xxx",
			"translationProvider": "Piggy"
		},
		{
			"guid": "03lUO_w_mLEpBEOMOkvaW_X0W-Xl4lPLks11U90QIFo",
			"ts": 1,
			"ntgt": [
				"[",
				"Orderedyay istlay",
				"-it]"
			],
			"q": 1,
			"jobGuid": "xxx0xxx",
			"translationProvider": "Piggy"
		},
		{
			"guid": "A-ZEyBnJrNMi_tYDsrPLGG2NpWZCUMo6Lo8npYdjP7Q",
			"ts": 1,
			"ntgt": [
				"[",
				"Irstfay",
				"-it]"
			],
			"q": 1,
			"jobGuid": "xxx0xxx",
			"translationProvider": "Piggy"
		},
		{
			"guid": "VF08A4ZiTDyAGTiiVjNWSiUCymd4iVBq0uNwtdwLHdg",
			"ts": 1,
			"ntgt": [
				"[",
				"Econdsay",
				"-it]"
			],
			"q": 1,
			"jobGuid": "xxx0xxx",
			"translationProvider": "Piggy"
		},
		{
			"guid": "joEdJrFdV2jqjJzV0vY3OaGRoliLuHdpGsndtLt72FI",
			"ts": 1,
			"ntgt": [
				"[",
				"Irdthay",
				"-it]"
			],
			"q": 1,
			"jobGuid": "xxx0xxx",
			"translationProvider": "Piggy"
		},
		{
			"guid": "WN8aiYMlvpgeGA9ERepAgdpbjcYDkL8vmodm0gVVk-I",
			"ts": 1,
			"ntgt": [
				"[",
				"Ourthfay",
				"-it]"
			],
			"q": 1,
			"jobGuid": "xxx0xxx",
			"translationProvider": "Piggy"
		},
		{
			"guid": "ALInauWsE7G3R_-b2JAJIDomWjwx7p3sFkME5VuYx9Y",
			"ts": 1,
			"ntgt": [
				"[",
				"Ifthfay",
				"-it]"
			],
			"q": 1,
			"jobGuid": "xxx0xxx",
			"translationProvider": "Piggy"
		},
		{
			"guid": "sCV1ETyyU59UctfjWAkAnzEofhFpA0HIXB7jxCjW4uM",
			"ts": 1,
			"ntgt": [
				"[",
				"Ixthsay",
				"-it]"
			],
			"q": 1,
			"jobGuid": "xxx0xxx",
			"translationProvider": "Piggy"
		},
		{
			"guid": "bLd1kKl3LNFEFG1fJ-J2Ox2BfCcrWlL-6JfVDMtvFPI",
			"ts": 1,
			"ntgt": [
				"[",
				"Efinitionday istlay",
				"-it]"
			],
			"q": 1,
			"jobGuid": "xxx0xxx",
			"translationProvider": "Piggy"
		},
		{
			"guid": "C6oiHLzP_2K42tAcE22-zg2_to80wuL5LuBrXhaM9kk",
			"ts": 1,
			"ntgt": [
				"[",
				"Ick-kay",
				"-it]"
			],
			"q": 1,
			"jobGuid": "xxx0xxx",
			"translationProvider": "Piggy"
		},
		{
			"guid": "x8W6ncPvnTS2TsZYta0AAn8ya3b0pK1vM1HkjHJWL0Y",
			"ts": 1,
			"ntgt": [
				"[",
				"808",
				"-it]"
			],
			"q": 1,
			"jobGuid": "xxx0xxx",
			"translationProvider": "Piggy"
		},
		{
			"guid": "8xYN_3SHcK7LO3GBJu-hlPqvn74J9dKSaYFI9wcdLO0",
			"ts": 1,
			"ntgt": [
				"[",
				"Aresnay",
				"-it]"
			],
			"q": 1,
			"jobGuid": "xxx0xxx",
			"translationProvider": "Piggy"
		},
		{
			"guid": "J02n8Zq-DmVENt-gBzE20MO-yV0B-pHI0N36vOe8u-c",
			"ts": 1,
			"ntgt": [
				"[",
				"909",
				"-it]"
			],
			"q": 1,
			"jobGuid": "xxx0xxx",
			"translationProvider": "Piggy"
		},
		{
			"guid": "Oc8teRwdM9kR3KqfPSkSsnNiGKOrJwOa7D8x2pCuxYM",
			"ts": 1,
			"ntgt": [
				"[",
				"Ainemay",
				"-it]"
			],
			"q": 1,
			"jobGuid": "xxx0xxx",
			"translationProvider": "Piggy"
		},
		{
			"guid": "JJTQsNYkBQvvA0Khfzb56P0mdnhquLLchhQBO7Xke-w",
			"ts": 1,
			"ntgt": [
				"[",
				"Augustayay",
				"-it]"
			],
			"q": 1,
			"jobGuid": "xxx0xxx",
			"translationProvider": "Piggy"
		},
		{
			"guid": "epcNCiu6b8J_C1odX2IyOFuvY5un_ezr_LiI0Dth_O8",
			"ts": 1,
			"ntgt": [
				"[",
				"Aliforniacay",
				"-it]"
			],
			"q": 1,
			"jobGuid": "xxx0xxx",
			"translationProvider": "Piggy"
		},
		{
			"guid": "ZG7e62U8UPK67YnvRadPlRy1nmJ5NuHSbuN3fRg-k2s",
			"ts": 1,
			"ntgt": [
				"[",
				"Acrementosay",
				"-it]"
			],
			"q": 1,
			"jobGuid": "xxx0xxx",
			"translationProvider": "Piggy"
		},
		{
			"guid": "UFFyrjUYXcrkLp7fP0QdaXZFwFdv3r184W_l7YGIUvM",
			"ts": 1,
			"ntgt": [
				"[",
				"Oregonyay",
				"-it]"
			],
			"q": 1,
			"jobGuid": "xxx0xxx",
			"translationProvider": "Piggy"
		},
		{
			"guid": "SSaLXCmUKfovWc6hx-trZcFonvLDhmeM5096__B4YYo",
			"ts": 1,
			"ntgt": [
				"[",
				"Alemsay",
				"-it]"
			],
			"q": 1,
			"jobGuid": "xxx0xxx",
			"translationProvider": "Piggy"
		},
		{
			"guid": "YQcHJP2ssjMzVggkDJWy7RHQpTVb62NbvhMdcs5WNa8",
			"ts": 1,
			"ntgt": [
				"[",
				"Ewnay Orkyay",
				"-it]"
			],
			"q": 1,
			"jobGuid": "xxx0xxx",
			"translationProvider": "Piggy"
		},
		{
			"guid": "y7XbnYFbsfinNkGdv4UPl6gCmXUY-whVJK00MZJL-yE",
			"ts": 1,
			"ntgt": [
				"[",
				"Albanyay",
				"-it]"
			],
			"q": 1,
			"jobGuid": "xxx0xxx",
			"translationProvider": "Piggy"
		},
		{
			"guid": "Ah0x02bjt_rnbKh7Lti0KkiGFbnyKQtNlPRnxQDbDiQ",
			"ts": 1,
			"ntgt": [
				"[",
				"Ascenderyay",
				"-it]"
			],
			"q": 1,
			"jobGuid": "xxx0xxx",
			"translationProvider": "Piggy"
		},
		{
			"guid": "u2BF5lbdflKABPF0Q6cPefOCBhfJj58q0Xnm4p4b8po",
			"ts": 1,
			"ntgt": [
				"[",
				"Ethay artpay ofyay ertaincay owercaselay etterslay at-thay extendsyay aboveyay ethay x-eighthay ofyay ayay ontfay.",
				"-it]"
			],
			"q": 1,
			"jobGuid": "xxx0xxx",
			"translationProvider": "Piggy"
		},
		{
			"guid": "9xYRYfIKVIBfoVMh9Nx2yH8h7CGVbZ0CITnpQpad8B0",
			"ts": 1,
			"ntgt": [
				"[",
				"Ontfay",
				"-it]"
			],
			"q": 1,
			"jobGuid": "xxx0xxx",
			"translationProvider": "Piggy"
		},
		{
			"guid": "xLj9X6yOgIjx_7CG4n7ZzBAFvDCtuX5LdMFKndSl1kI",
			"ts": 1,
			"ntgt": [
				"[",
				"Aditionallytray, ayay ompletecay etsay ofyay aracterschay orfay oneyay ypefacetay atyay\n        oneyay articularpay ypetay izesay. Oftenyay usedyay oremay ooselylay asyay ayay ynonymsay orfay\n        \"ypefacetay\".",
				"-it]"
			],
			"q": 1,
			"jobGuid": "xxx0xxx",
			"translationProvider": "Piggy"
		},
		{
			"guid": "nI1B2nZtk6AhJOsJ4RsyjlNu2BVM7bT80bnG2neLCwI",
			"ts": 1,
			"ntgt": [
				"[",
				"Oldengay Ectionsay",
				"-it]"
			],
			"q": 1,
			"jobGuid": "xxx0xxx",
			"translationProvider": "Piggy"
		},
		{
			"guid": "YHzt_o1hR4rm9Bgi63k-WklNjdTVWLQbwzsQ369Y21w",
			"ts": 1,
			"ntgt": [
				"[",
				"Ethay idealyay oportionpray accordingyay otay ethay ancientyay Eeksgray. Ityay isyay isualizedvay asyay ethay\n        ivisionday ofyay ayay inelay intoyay otway unequalyay egments-say inyay uchsay ayay ayway at-thay ethay atioray ofyay ethay\n        allersmay egmentsay otay ethay argerlay egmentsay isyay equalyay otay ethay atioray ofyay ethay argerlay otay ethay\n        olewhay. Ityay isyay usuallyay efined-day asyay 21:34, at-thay isyay, 21/34 andyay 34/(21+34) othbay equalyay\n        approximatelyay 0.618. Ayay ectangleray osewhay ides-say areyay ofyay isthay oportionpray isyay alledcay ayay\n        \"oldengay ectangleray\". Oldengay ectanglesray ancay ebay oundfay inyay ethay oportionspray ofyay ethay\n        Arthenonpay andyay anymay edievalmay anuscriptsmay.",
				"-it]"
			],
			"q": 1,
			"jobGuid": "xxx0xxx",
			"translationProvider": "Piggy"
		},
		{
			"guid": "WJDzJa090w_WEXs6l-p0ChOJ1DP3bAqq9OPXZIt1mCE",
			"ts": 1,
			"ntgt": [
				"[",
				"Ormsfay",
				"-it]"
			],
			"q": 1,
			"jobGuid": "xxx0xxx",
			"translationProvider": "Piggy"
		},
		{
			"guid": "fFY_d9LYcvovb5qSr2Y3xbddhLoe2z6pAlPrzHminkE",
			"ts": 1,
			"ntgt": [
				"[",
				"Egendlay Exampleyay",
				"-it]"
			],
			"q": 1,
			"jobGuid": "xxx0xxx",
			"translationProvider": "Piggy"
		},
		{
			"guid": "ZJMivmgpTnXv_R1kHwrSbiwms8zIu_bsdJ_mHO6eRIw",
			"ts": 1,
			"ntgt": [
				"[",
				"Ext-tay Inputyay Abel-lay",
				"-it]"
			],
			"q": 1,
			"jobGuid": "xxx0xxx",
			"translationProvider": "Piggy"
		},
		{
			"guid": "TyCAPgwY_vAkgA6hgd5UqPUuknbU0YolPPtkXlMghhc",
			"ts": 1,
			"ntgt": [
				"[",
				"Elperhay ext-tay ifyay ecessarynay.",
				"-it]"
			],
			"q": 1,
			"jobGuid": "xxx0xxx",
			"translationProvider": "Piggy"
		},
		{
			"guid": "j7igpR2yGHn9Gzy4rqoX92tAXexl4X6gnSm_ELGxSsM",
			"ts": 1,
			"ntgt": [
				"[",
				"Asswordpay",
				"-it]"
			],
			"q": 1,
			"jobGuid": "xxx0xxx",
			"translationProvider": "Piggy"
		},
		{
			"guid": "qg9aE_JGO2rPji4qun8Iw8ufCa5k7AkcynMA2fxi9_s",
			"ts": 1,
			"ntgt": [
				"[",
				"Erroryay essagesmay enwhay appropriateyay.",
				"-it]"
			],
			"q": 1,
			"jobGuid": "xxx0xxx",
			"translationProvider": "Piggy"
		},
		{
			"guid": "24kyFHKALg1_SGvfLhkk3KYkPc9BTaLT7cIe8e6mLrw",
			"ts": 1,
			"ntgt": [
				"[",
				"Irstfay Amenay",
				"-it]"
			],
			"q": 1,
			"jobGuid": "xxx0xxx",
			"translationProvider": "Piggy"
		},
		{
			"guid": "Q__56V-XhiKC6828IvJoA-PuhsDZL2xSWJG1S6K3uT4",
			"ts": 1,
			"ntgt": [
				"[",
				"Astlay Amenay",
				"-it]"
			],
			"q": 1,
			"jobGuid": "xxx0xxx",
			"translationProvider": "Piggy"
		},
		{
			"guid": "4C1KXolKOBN4CCdRnqzL3RISeulqLNweT9yoDNiQOrw",
			"ts": 1,
			"ntgt": [
				"[",
				"Emailyay",
				"-it]"
			],
			"q": 1,
			"jobGuid": "xxx0xxx",
			"translationProvider": "Piggy"
		},
		{
			"guid": "LDXiJT2W9HC1OhfEERSqJJkSYMwLVGSvJnD86pohnsM",
			"ts": 1,
			"ntgt": [
				"[",
				"Opdowndray",
				"-it]"
			],
			"q": 1,
			"jobGuid": "xxx0xxx",
			"translationProvider": "Piggy"
		},
		{
			"guid": "yz29T5vrV1bE6lMyf9PkjglSajBL0qSxxwKduSzdlKU",
			"ts": 1,
			"ntgt": [
				"[",
				"Optionyay 1",
				"-it]"
			],
			"q": 1,
			"jobGuid": "xxx0xxx",
			"translationProvider": "Piggy"
		},
		{
			"guid": "UFIfzY8TYu_N5PV7XlFsafy49OgrItLIn2Ev-d8Jc9Q",
			"ts": 1,
			"ntgt": [
				"[",
				"Optionyay 2",
				"-it]"
			],
			"q": 1,
			"jobGuid": "xxx0xxx",
			"translationProvider": "Piggy"
		},
		{
			"guid": "LOE5-K12dS88gurCavTFXEZC2x5evqNPhjWsnLLReLU",
			"ts": 1,
			"ntgt": [
				"[",
				"Optionyay 3",
				"-it]"
			],
			"q": 1,
			"jobGuid": "xxx0xxx",
			"translationProvider": "Piggy"
		},
		{
			"guid": "M9GJbEOZ1olVy-4LBzSWpAQwSoevSt66ez1E0kuSK-8",
			"ts": 1,
			"ntgt": [
				"[",
				"Adioray Uttonsbay",
				"-it]"
			],
			"q": 1,
			"jobGuid": "xxx0xxx",
			"translationProvider": "Piggy"
		},
		{
			"guid": "UZ0Cv13iUsbDNPt42CEZ4dTB_gcHM4f9hb0eSZtM_bk",
			"ts": 1,
			"ntgt": [
				"[",
				{
					"t": "bx",
					"v": "<input type=\"radio\">",
					"v1": "a_bx_input"
				},
				" Abel-lay 1",
				"-it]"
			],
			"q": 1,
			"jobGuid": "xxx0xxx",
			"translationProvider": "Piggy"
		},
		{
			"guid": "YFb1VKvETkcEnDQ9p6z28xiTQtzUMAJlfTUS2RdIKS0",
			"ts": 1,
			"ntgt": [
				"[",
				{
					"t": "bx",
					"v": "<input type=\"radio\">",
					"v1": "a_bx_input"
				},
				" Abel-lay 2",
				"-it]"
			],
			"q": 1,
			"jobGuid": "xxx0xxx",
			"translationProvider": "Piggy"
		},
		{
			"guid": "2DkSPhAccctP9xbftX-ge5biCx7xeVzOM3_RDsJIx68",
			"ts": 1,
			"ntgt": [
				"[",
				{
					"t": "bx",
					"v": "<input type=\"radio\">",
					"v1": "a_bx_input"
				},
				" Abel-lay 3",
				"-it]"
			],
			"q": 1,
			"jobGuid": "xxx0xxx",
			"translationProvider": "Piggy"
		},
		{
			"guid": "lybT978I26VJ1MripKeAaat7yqvvvU0-E_qDxfdAJIM",
			"ts": 1,
			"ntgt": [
				"[",
				"URLYAY Inputyay",
				"-it]"
			],
			"q": 1,
			"jobGuid": "xxx0xxx",
			"translationProvider": "Piggy"
		},
		{
			"guid": "DLm2EvPN8Cn2oKloabN0uzZ4GVtWJilY_rEmPgeqHgI",
			"ts": 1,
			"ntgt": [
				"[",
				"Ext-tay areayay",
				"-it]"
			],
			"q": 1,
			"jobGuid": "xxx0xxx",
			"translationProvider": "Piggy"
		},
		{
			"guid": "_16Z6B36infrZ6WvKEMKj7CAbhE_7TGCmX7WFshJGEg",
			"ts": 1,
			"ntgt": [
				"[",
				{
					"t": "bx",
					"v": "<input type=\"checkbox\">",
					"v1": "a_bx_input"
				},
				" Isthay isyay ayay eckboxchay.",
				"-it]"
			],
			"q": 1,
			"jobGuid": "xxx0xxx",
			"translationProvider": "Piggy"
		},
		{
			"guid": "ulIpbphdgeSugVpYCj_8mVaeZYMpOG8Aw68Fed0fzec",
			"ts": 1,
			"ntgt": [
				"[",
				"Uttonsbay",
				"-it]"
			],
			"q": 1,
			"jobGuid": "xxx0xxx",
			"translationProvider": "Piggy"
		},
		{
			"guid": "78S7cOM9Md65DwCCgcA6KOilobwxjG5JVhJc2ljvx8g",
			"ts": 1,
			"ntgt": [
				"[",
				"Ayay uttonbay",
				"-it]"
			],
			"q": 1,
			"jobGuid": "xxx0xxx",
			"translationProvider": "Piggy"
		},
		{
			"guid": "Dwt7824hAFfcrBxrZRX20CSCmawIxKeyWEqR42E3KT0",
			"ts": 1,
			"ntgt": [
				"[",
				"Ayay argelay uttonbay",
				"-it]"
			],
			"q": 1,
			"jobGuid": "xxx0xxx",
			"translationProvider": "Piggy"
		},
		{
			"guid": "ZGhBTKl_RPeMpaokLMih0Qvndp0AtKRHxLSyKbDLVSI",
			"ts": 1,
			"ntgt": [
				"[",
				"Anyay Exampleyay Articleyay",
				"-it]"
			],
			"q": 1,
			"jobGuid": "xxx0xxx",
			"translationProvider": "Piggy"
		},
		{
			"guid": "1x8sWyFaug-pkJXVegXzdrw2FH2EXWITXtaNCa0OxWE",
			"ts": 1,
			"ntgt": [
				"[",
				"Itletay",
				"-it]"
			],
			"q": 1,
			"jobGuid": "xxx0xxx",
			"translationProvider": "Piggy"
		},
		{
			"guid": "uHGRiZz6oGySM1kG5GL07n-SFbXleQ7jKIkVP6jtOq4",
			"ts": 1,
			"ntgt": [
				"[",
				"Oremlay ipsumyay olorday itsay ametyay, ",
				{
					"t": "bx",
					"v": "<b>",
					"v1": "a_bx_b"
				},
				"onsecteturcay adipisicingyay elityay",
				{
					"t": "ex",
					"v": "</b>",
					"v1": "b_ex_b"
				},
				", edsay oday eiusmodyay\n          emportay incididuntyay utyay aborelay etyay oloreday agnamay aliquayay. Utyay enimyay adyay inim-may eniamvay,\n          uisqay ostrudnay ",
				{
					"t": "bx",
					"v": "<em>",
					"v1": "c_bx_em"
				},
				"exercitationyay ullamcoyay aborislay isinay utyay aliquipyay exyay eayay ommodocay\n            onsequatcay",
				{
					"t": "ex",
					"v": "</em>",
					"v1": "d_ex_em"
				},
				". Uisday auteyay irureyay olorday inyay eprehenderitray inyay oluptatevay elitvay esseyay\n          illumcay oloreday euyay ugiatfay ullanay ariaturpay. Excepteuryay intsay occaecatyay upidatatcay\n          on-nay oidentpray, untsay inyay ulpacay uiqay officiayay eseruntday ollitmay animyay idyay estyay aborumlay.",
				"-it]"
			],
			"q": 1,
			"jobGuid": "xxx0xxx",
			"translationProvider": "Piggy"
		},
		{
			"guid": "8WZvhVI6hiZDXI7qdAK9prYQPAu0Bq7WdNYk91RvtME",
			"ts": 1,
			"ntgt": [
				"[",
				{
					"t": "bx",
					"v": "<p class=\"test-class\">",
					"v1": "a_bx_p"
				},
				"\n            Isthay isyay ayay EATGRAY ullpay uoteqay.\n          ",
				{
					"t": "ex",
					"v": "</p>",
					"v1": "b_ex_p"
				},
				" ",
				{
					"t": "bx",
					"v": "<a href=\"#\">",
					"v1": "c_bx_a"
				},
				"- Authoryay",
				{
					"t": "ex",
					"v": "</a>",
					"v1": "d_ex_a"
				},
				"-it]"
			],
			"q": 1,
			"jobGuid": "xxx0xxx",
			"translationProvider": "Piggy"
		},
		{
			"guid": "FL_o286PoUpWhKK3P7ryA2F_KE_Li1RxEpy50bhWA6w",
			"ts": 1,
			"ntgt": [
				"[",
				"Equenay orropay uisquamqay estyay, uiqay oloremday ipsumyay uiaqay olorday itsay ametyay,\n          onsecteturcay, adipisciyay elitvay, edsay uiaqay on-nay umquamnay eiusyay odimay emporatay inciduntyay\n          utyay aborelay etyay oloreday agnam-may aliquamyay uaeratqay oluptatemvay. Utyay enimyay adyay inimamay\n          eniamvay, uisqay ostrumnay exercitationemyay ullamyay orporiscay uscipitsay aboriosamlay, isinay\n          utyay aliquidyay exyay eayay ommodicay onsequaturcay? Uisqay autemyay elvay eumyay iureyay eprehenderitray\n          uiqay inyay eayay oluptatevay elitvay esseyay uamqay ihilnay olestiaemay onsequaturcay, elvay illumyay\n          uiqay oloremday eumyay ugiatfay uoqay oluptasvay ullanay ariaturpay?\"",
				"-it]"
			],
			"q": 1,
			"jobGuid": "xxx0xxx",
			"translationProvider": "Piggy"
		},
		{
			"guid": "xtvaHaKUn_OcoemqVBlzjHvPknJPpefHhofk3eCxO1k",
			"ts": 1,
			"ntgt": [
				"[",
				"Atyay erovay eosyay etyay accusamusyay etyay iustoyay odioyay ignissimosday ucimusday uiqay anditiisblay\n          aesentiumpray oluptatumvay elenitiday atqueyay orrupticay uosqay oloresday etyay uasqay\n          olestiasmay excepturiyay intsay occaecatiyay upiditatecay on-nay ovidentpray, imiliquesay untsay\n          inyay ulpacay uiqay officiayay eseruntday ollitiamay animiyay, idyay estyay aborumlay etyay olorumday\n          ugafay. Etyay arumhay uidemqay erumray acilisfay estyay etyay expeditayay istinctioday.",
				"-it]"
			],
			"q": 1,
			"jobGuid": "xxx0xxx",
			"translationProvider": "Piggy"
		},
		{
			"guid": "SGnCu2Z_JcpRCxXjRNrAONuzN62zB4jjBCQ5h5TyY2g",
			"ts": 1,
			"ntgt": [
				"[",
				"Odecay examplesyay",
				"-it]"
			],
			"q": 1,
			"jobGuid": "xxx0xxx",
			"translationProvider": "Piggy"
		},
		{
			"guid": "l-v6a7CcytVaRmmCv7SJWsUZLcFTKlTK62x0cbTCN_Q",
			"ts": 1,
			"ntgt": [
				"[",
				"Ooterfay",
				"-it]"
			],
			"q": 1,
			"jobGuid": "xxx0xxx",
			"translationProvider": "Piggy"
		},
		{
			"guid": "cvTg-Sy-fO2hLL1qq777dn9QiwHRB0M11_xl6nTSKmc",
			"ts": 1,
			"ntgt": [
				"[",
				"Opyrightcay 2013. Ademay ithway ovelay ybay ",
				{
					"t": "bx",
					"v": "<a href=\"http://mrmrs.cc/\" title=\"MRMRS - Designer\">",
					"v1": "a_bx_a"
				},
				"mrmrs",
				{
					"t": "ex",
					"v": "</a>",
					"v1": "b_ex_a"
				},
				".",
				"-it]"
			],
			"q": 1,
			"jobGuid": "xxx0xxx",
			"translationProvider": "Piggy"
		},
		{
			"guid": "2m1mTIaFZdX1o7MXNgPodaFkM8AZ2b_jP2gBSmS1c-s",
			"ts": 1,
			"ntgt": [
				"[",
				{
					"t": "bx",
					"v": "<a href=\"#\">",
					"v1": "a_bx_a"
				},
				"Omehay",
				{
					"t": "ex",
					"v": "</a>",
					"v1": "b_ex_a"
				},
				"-it]"
			],
			"q": 1,
			"jobGuid": "xxx0xxx",
			"translationProvider": "Piggy"
		},
		{
			"guid": "OaHG_iT3yWkdAfJNC6Ah8XUDb3MHz55_9RLmzaAvb7U",
			"ts": 1,
			"ntgt": [
				"[",
				{
					"t": "bx",
					"v": "<a href=\"#\">",
					"v1": "a_bx_a"
				},
				"Ontactcay",
				{
					"t": "ex",
					"v": "</a>",
					"v1": "b_ex_a"
				},
				"-it]"
			],
			"q": 1,
			"jobGuid": "xxx0xxx",
			"translationProvider": "Piggy"
		},
		{
			"guid": "70n89fM2fEkuQ93CJVT9I8y5No3mUUNPkZRy-5VRjNA",
			"ts": 1,
			"ntgt": [
				"[",
				{
					"t": "bx",
					"v": "<a href=\"#\">",
					"v1": "a_bx_a"
				},
				"Obsjay",
				{
					"t": "ex",
					"v": "</a>",
					"v1": "b_ex_a"
				},
				"-it]"
			],
			"q": 1,
			"jobGuid": "xxx0xxx",
			"translationProvider": "Piggy"
		},
		{
			"guid": "KcRd9dKPHDUmXwFe-JdS9TiGgHcI4PKBnPi8nhbxtBk",
			"ts": 1,
			"ntgt": [
				"[",
				{
					"t": "bx",
					"v": "<a href=\"http://twitter.com/\" title=\" on Twitter\">",
					"v1": "a_bx_a"
				},
				"Ittertway",
				{
					"t": "ex",
					"v": "</a>",
					"v1": "b_ex_a"
				},
				"-it]"
			],
			"q": 1,
			"jobGuid": "xxx0xxx",
			"translationProvider": "Piggy"
		},
		{
			"guid": "B7lXiNqoY_d9qO3D4JU6qDJwr1zcV2Czb_UErLZjo_Y",
			"ts": 1,
			"ntgt": [
				"[",
				{
					"t": "bx",
					"v": "<a href=\"http://pinterest.com/\" title=\" on Pinterest\">",
					"v1": "a_bx_a"
				},
				"Interestpay",
				{
					"t": "ex",
					"v": "</a>",
					"v1": "b_ex_a"
				},
				"-it]"
			],
			"q": 1,
			"jobGuid": "xxx0xxx",
			"translationProvider": "Piggy"
		},
		{
			"guid": "KFRXNyHUm1WHby9hQg320mnjK1kgNiSesQeNY0TRU00",
			"ts": 1,
			"ntgt": [
				"[",
				{
					"t": "bx",
					"v": "<a href=\"http://instagram.com/\" title=\" on Instagram\">",
					"v1": "a_bx_a"
				},
				"Instagramyay",
				{
					"t": "ex",
					"v": "</a>",
					"v1": "b_ex_a"
				},
				"-it]"
			],
			"q": 1,
			"jobGuid": "xxx0xxx",
			"translationProvider": "Piggy"
		},
		{
			"guid": "n_y53axBvLkWYnaUdxb_7glhFWiEwRNxNPv7XJUB42s",
			"ts": 1,
			"ntgt": [
				"[",
				{
					"t": "bx",
					"v": "<a href=\"http://dribbbble.com/\" title=\" on Dribbble\">",
					"v1": "a_bx_a"
				},
				"Ibbbledray",
				{
					"t": "ex",
					"v": "</a>",
					"v1": "b_ex_a"
				},
				"-it]"
			],
			"q": 1,
			"jobGuid": "xxx0xxx",
			"translationProvider": "Piggy"
		},
		{
			"guid": "O6SunN5KLprNJjUrlLVxmxpdm3_ByhtCm1bAiqNQjWQ",
			"ts": 1,
			"ntgt": [
				"[",
				{
					"t": "bx",
					"v": "<a href=\"http://github.com/\" title=\" on Github\">",
					"v1": "a_bx_a"
				},
				"Ithubgay",
				{
					"t": "ex",
					"v": "</a>",
					"v1": "b_ex_a"
				},
				"-it]"
			],
			"q": 1,
			"jobGuid": "xxx0xxx",
			"translationProvider": "Piggy"
		},
		{
			"guid": "vnCT6R3Cu726ochkWdYlvNSSwossKVzU-V6MK_FvG24",
			"ts": 1,
			"ntgt": [
				"[",
				{
					"t": "bx",
					"v": "<h1 class=\"other-class\">",
					"v1": "a_bx_h1"
				},
				"Ewnay awtnesshay",
				{
					"t": "ex",
					"v": "</h1>",
					"v1": "b_ex_h1"
				},
				" ",
				{
					"t": "bx",
					"v": "<progress value=\"80\" max=\"100\">",
					"v1": "c_bx_progress"
				},
				"80 %",
				{
					"t": "ex",
					"v": "</progress>",
					"v1": "d_ex_progress"
				},
				" ",
				{
					"t": "bx",
					"v": "<p class=\"test-class\">",
					"v1": "e_bx_p"
				},
				"Eway areyay isthay oseclay otay ethay oalgay: ",
				{
					"t": "bx",
					"v": "<meter min=\"0\" max=\"1000\" value=\"824\">",
					"v1": "f_bx_meter"
				},
				"$824",
				{
					"t": "ex",
					"v": "</meter>",
					"v1": "g_ex_meter"
				},
				".",
				{
					"t": "ex",
					"v": "</p>",
					"v1": "h_ex_p"
				},
				"-it]"
			],
			"q": 1,
			"jobGuid": "xxx0xxx",
			"translationProvider": "Piggy"
		},
		{
			"guid": "zbYRC-uinCQEq1h1v3Sasgj8RnKYCl2dBogNobosi7k",
			"ts": 1,
			"ntgt": [
				"[",
				{
					"t": "bx",
					"v": "<header>",
					"v1": "a_bx_header"
				},
				" ",
				{
					"t": "bx",
					"v": "<h1 class=\"other-class\">",
					"v1": "b_bx_h1"
				},
				"Andomray Uffstay",
				{
					"t": "ex",
					"v": "</h1>",
					"v1": "c_ex_h1"
				},
				" ",
				{
					"t": "ex",
					"v": "</header>",
					"v1": "d_ex_header"
				},
				" ",
				{
					"t": "bx",
					"v": "<small>",
					"v1": "e_bx_small"
				},
				"Isthay isyay orfay ingsthay ikelay opyrightcay infoyay",
				{
					"t": "ex",
					"v": "</small>",
					"v1": "f_ex_small"
				},
				" ",
				{
					"t": "bx",
					"v": "<s>",
					"v1": "g_bx_s"
				},
				"Ontentcay at-thay isntyay accurateyay oryay elevantray anymoreyay.",
				{
					"t": "ex",
					"v": "</s>",
					"v1": "h_ex_s"
				},
				" ",
				{
					"t": "bx",
					"v": "<span>",
					"v1": "i_bx_span"
				},
				"Enericgay anspay apperwray",
				{
					"t": "ex",
					"v": "</span>",
					"v1": "j_ex_span"
				},
				" ",
				{
					"t": "bx",
					"v": "<abbr>",
					"v1": "k_bx_abbr"
				},
				"HTML Owhay otay eetmay adieslay",
				{
					"t": "ex",
					"v": "</abbr>",
					"v1": "l_ex_abbr"
				},
				" ",
				{
					"t": "bx",
					"v": "<p class=\"test-class\">",
					"v1": "m_bx_p"
				},
				"Isthay isyay inlineyay ext-tay ithway ",
				{
					"t": "bx",
					"v": "<sub>",
					"v1": "n_bx_sub"
				},
				"ubscriptsay",
				{
					"t": "ex",
					"v": "</sub>",
					"v1": "o_ex_sub"
				},
				" andyay ",
				{
					"t": "bx",
					"v": "<sup>",
					"v1": "p_bx_sup"
				},
				"uperscriptsay",
				{
					"t": "ex",
					"v": "</sup>",
					"v1": "q_ex_sup"
				},
				" elementsyay.",
				{
					"t": "ex",
					"v": "</p>",
					"v1": "r_ex_p"
				},
				" ",
				{
					"t": "bx",
					"v": "<p class=\"test-class\">",
					"v1": "s_bx_p"
				},
				" ",
				{
					"t": "bx",
					"v": "<var>",
					"v1": "t_bx_var"
				},
				"f",
				{
					"t": "ex",
					"v": "</var>",
					"v1": "u_ex_var"
				},
				"(",
				{
					"t": "bx",
					"v": "<var>",
					"v1": "v_bx_var"
				},
				"x",
				{
					"t": "ex",
					"v": "</var>",
					"v1": "w_ex_var"
				},
				") = ",
				{
					"t": "bx",
					"v": "<var>",
					"v1": "x_bx_var"
				},
				"ayay",
				{
					"t": "ex",
					"v": "</var>",
					"v1": "y_ex_var"
				},
				{
					"t": "bx",
					"v": "<sub>",
					"v1": "z26_bx_sub"
				},
				"0",
				{
					"t": "ex",
					"v": "</sub>",
					"v1": "z27_ex_sub"
				},
				" + ",
				{
					"t": "bx",
					"v": "<var>",
					"v1": "z28_bx_var"
				},
				"ayay",
				{
					"t": "ex",
					"v": "</var>",
					"v1": "z29_ex_var"
				},
				{
					"t": "bx",
					"v": "<sub>",
					"v1": "z30_bx_sub"
				},
				"1",
				{
					"t": "ex",
					"v": "</sub>",
					"v1": "z31_ex_sub"
				},
				{
					"t": "bx",
					"v": "<var>",
					"v1": "z32_bx_var"
				},
				"x",
				{
					"t": "ex",
					"v": "</var>",
					"v1": "z33_ex_var"
				},
				" +\n      ",
				{
					"t": "bx",
					"v": "<var>",
					"v1": "z34_bx_var"
				},
				"ayay",
				{
					"t": "ex",
					"v": "</var>",
					"v1": "z35_ex_var"
				},
				{
					"t": "bx",
					"v": "<sub>",
					"v1": "z36_bx_sub"
				},
				"2",
				{
					"t": "ex",
					"v": "</sub>",
					"v1": "z37_ex_sub"
				},
				{
					"t": "bx",
					"v": "<var>",
					"v1": "z38_bx_var"
				},
				"x",
				{
					"t": "ex",
					"v": "</var>",
					"v1": "z39_ex_var"
				},
				{
					"t": "bx",
					"v": "<sup>",
					"v1": "z40_bx_sup"
				},
				"2",
				{
					"t": "ex",
					"v": "</sup>",
					"v1": "z41_ex_sup"
				},
				", erewhay ",
				{
					"t": "bx",
					"v": "<var>",
					"v1": "z42_bx_var"
				},
				"ayay",
				{
					"t": "ex",
					"v": "</var>",
					"v1": "z43_ex_var"
				},
				{
					"t": "bx",
					"v": "<sup>",
					"v1": "z44_bx_sup"
				},
				"2",
				{
					"t": "ex",
					"v": "</sup>",
					"v1": "z45_ex_sup"
				},
				" ≠ 0\n    ",
				{
					"t": "ex",
					"v": "</p>",
					"v1": "z46_ex_p"
				},
				" ",
				{
					"t": "bx",
					"v": "<time datetime=\"2013-09-07\" pubdate=\"\">",
					"v1": "z47_bx_time"
				},
				"07 Eptembersay 2013",
				{
					"t": "ex",
					"v": "</time>",
					"v1": "z48_ex_time"
				},
				"-it]"
			],
			"q": 1,
			"jobGuid": "xxx0xxx",
			"translationProvider": "Piggy"
		},
		{
			"guid": "ZYw_6GqbfiaPtyNLkYd8MIcADvP8plZ7fgz4lOiszAI",
			"ts": 1,
			"ntgt": [
				"[",
				"Otophay ofyay ethay yskay atyay ightnay. Originalyay ybay ",
				{
					"t": "bx",
					"v": "<a href=\"http://flickr.com/photos/heyitsadam/\">",
					"v1": "a_bx_a"
				},
				"@mrmrs",
				{
					"t": "ex",
					"v": "</a>",
					"v1": "b_ex_a"
				},
				"-it]"
			],
			"q": 1,
			"jobGuid": "xxx0xxx",
			"translationProvider": "Piggy"
		},
		{
			"guid": "_wSlN0GU0mr_xYdfgXWteqlWj2YsmEN5SdgkRsOIL2M",
			"ts": 1,
			"ntgt": [
				"[",
				"Ablestay",
				"-it]"
			],
			"q": 1,
			"jobGuid": "xxx0xxx",
			"translationProvider": "Piggy"
		},
		{
			"guid": "L2YVc39h1TmYezSbT2M-BCTnpdTvUGTQ1ljYJEAR8JA",
			"ts": 1,
			"ntgt": [
				"[",
				"Isthay isyay ayay aptioncay orfay ayay abletay",
				"-it]"
			],
			"q": 1,
			"jobGuid": "xxx0xxx",
			"translationProvider": "Piggy"
		},
		{
			"guid": "Z2i4E-FJWXybsGmyhzoZDo6j1_UBS1BVbm4B_M3q-KE",
			"ts": 1,
			"ntgt": [
				"[",
				"IDYAY",
				"-it]"
			],
			"q": 1,
			"jobGuid": "xxx0xxx",
			"translationProvider": "Piggy"
		},
		{
			"guid": "E_7vArdYGI9xh_TRVyrz9OdghiMzAz87FA3kgcJOi6g",
			"ts": 1,
			"ntgt": [
				"[",
				"Amenay",
				"-it]"
			],
			"q": 1,
			"jobGuid": "xxx0xxx",
			"translationProvider": "Piggy"
		},
		{
			"guid": "St0YB7UDCNTcEo32S-NSQ5yvX5NFvTGvIOn7t1BWXqI",
			"ts": 1,
			"ntgt": [
				"[",
				"Ateday",
				"-it]"
			],
			"q": 1,
			"jobGuid": "xxx0xxx",
			"translationProvider": "Piggy"
		},
		{
			"guid": "4MhJhcc3RTl9rHY_oTZjz4U5MexWDbXX1Y9a0kye7rU",
			"ts": 1,
			"ntgt": [
				"[",
				"Addressyay",
				"-it]"
			],
			"q": 1,
			"jobGuid": "xxx0xxx",
			"translationProvider": "Piggy"
		},
		{
			"guid": "11x7A0O1pTL4izTsINb58lgAnu8Qmmz3DZz__DLNJvg",
			"ts": 1,
			"ntgt": [
				"[",
				"Abletay ooterfay infoyay",
				"-it]"
			],
			"q": 1,
			"jobGuid": "xxx0xxx",
			"translationProvider": "Piggy"
		},
		{
			"guid": "bE06G5hwWAekdhVZao8w3-uUJsunuONSJ9zFv897_5k",
			"ts": 1,
			"ntgt": [
				"[",
				"#999-32ac",
				"-it]"
			],
			"q": 1,
			"jobGuid": "xxx0xxx",
			"translationProvider": "Piggy"
		},
		{
			"guid": "eAtK2hjyDqES8SHJxyUx1I-9rfqyBWjHNlYslroZop0",
			"ts": 1,
			"ntgt": [
				"[",
				"13 Aymay, 2013",
				"-it]"
			],
			"q": 1,
			"jobGuid": "xxx0xxx",
			"translationProvider": "Piggy"
		},
		{
			"guid": "_sn4I6huH1Pj1KgV0qAK_DQNLVDtcsiCxlHDfbNASjk",
			"ts": 1,
			"ntgt": [
				"[",
				"999 Ucespray Anelay, Omewheresay, ACAY 94101",
				"-it]"
			],
			"q": 1,
			"jobGuid": "xxx0xxx",
			"translationProvider": "Piggy"
		},
		{
			"guid": "lbd7LwfOwoepPJqG9ItV8TUT6CRfTbDWrSCfi59zOjQ",
			"ts": 1,
			"ntgt": [
				"[",
				"#888-32dd",
				"-it]"
			],
			"q": 1,
			"jobGuid": "xxx0xxx",
			"translationProvider": "Piggy"
		},
		{
			"guid": "RuOBDqzq8Tks8n1cDVTRZtxARkXIxlpIu4GbX3Eng5k",
			"ts": 1,
			"ntgt": [
				"[",
				"Amplesay Amenay",
				"-it]"
			],
			"q": 1,
			"jobGuid": "xxx0xxx",
			"translationProvider": "Piggy"
		},
		{
			"guid": "x8XMaXJHOiphXzQFZoL24HxEXHCZNZNCfvDB6tR_5gE",
			"ts": 1,
			"ntgt": [
				"[",
				"17 Aymay, 1984",
				"-it]"
			],
			"q": 1,
			"jobGuid": "xxx0xxx",
			"translationProvider": "Piggy"
		},
		{
			"guid": "5DV2smTYTOz2vV-bhvUx6RqiCbBlZn0-K9pEZoxwFHs",
			"ts": 1,
			"ntgt": [
				"[",
				{
					"t": "bx",
					"v": "<small>",
					"v1": "a_bx_small"
				},
				"© 2014 Omesay ompanycay amenay",
				{
					"t": "ex",
					"v": "</small>",
					"v1": "b_ex_small"
				},
				" ",
				{
					"t": "bx",
					"v": "<address>",
					"v1": "c_bx_address"
				},
				"email@email.com",
				{
					"t": "ex",
					"v": "</address>",
					"v1": "d_ex_address"
				},
				"-it]"
			],
			"q": 1,
			"jobGuid": "xxx0xxx",
			"translationProvider": "Piggy"
		},
		{
			"guid": "vVc1_vsNL4nHHXr5LbrkF4sXNxiuqLYsqUvFuwxl_3g",
			"ts": 1,
			"ntgt": [
				"[",
				{
					"t": "bx",
					"v": "<h1>",
					"v1": "a_bx_h1"
				},
				"Interway isyay 🎉",
				{
					"t": "ex",
					"v": "</h1>",
					"v1": "b_ex_h1"
				},
				" ",
				{
					"t": "bx",
					"v": "<div>",
					"v1": "c_bx_div"
				},
				" ",
				{
					"t": "bx",
					"v": "<div class=\"body-paragraph\">",
					"v1": "d_bx_div"
				},
				"omingcay",
				{
					"t": "ex",
					"v": "</div>",
					"v1": "e_ex_div"
				},
				" ",
				{
					"t": "ex",
					"v": "</div>",
					"v1": "f_ex_div"
				},
				" ",
				{
					"t": "bx",
					"v": "<a href=\"#\" id=\"redeemButton\" class=\"button white w-button\">",
					"v1": "g_bx_a"
				},
				"Edeemray Iftgay",
				{
					"t": "ex",
					"v": "</a>",
					"v1": "h_ex_a"
				},
				"-it]"
			],
			"q": 1,
			"jobGuid": "xxx0xxx",
			"translationProvider": "Piggy"
		}
	],
	"translationProvider": "TMExport"
}