{
	"sourceLang": "en",
	"targetLang": "ja",
	"translationProvider": "Repetition",
	"jobGuid": "xxx1xxx",
	"status": "done",
	"tus": [
		{
			"guid": "nnUcZB3NMYeQu04CqdJWJaxze3cCUHY2RHwIeCDBYU8",
			"q": 61,
			"ntgt": [
				"{person}, {age}"
			],
			"ts": 1
		},
		{
			"guid": "Ei7S2Ia-IxjeCp-mNy5j4D0KnxJfWSS1DHk184qUqSg",
			"q": 61,
			"ntgt": [
				"{spouse} and\n {person}, {nyears}"
			],
			"ts": 1
		},
		{
			"guid": "ad1b9XoMaielvgUYK_7v1NC56jkMjE9fAm2BHCGHT8Q",
			"q": 61,
			"ntgt": [
				" has {count_person} of {max_count_person} individuals ({percent} complete)\n"
			],
			"ts": 1
		},
		{
			"guid": "sWfpgfWs3K2HeiQEUgyUeIK-10cgWbvKfAy2qdbJ6aI",
			"q": 61,
			"ntgt": [
				"* {year}{person}{dead}, {age}{relation}"
			],
			"ts": 1
		},
		{
			"guid": "d-mEi47s7THHdu-8SNKMasEDsHi5FF8HcpI1P1_pGHU",
			"q": 61,
			"ntgt": [
				"⚭ {year}{spouse}{deadtxt2} and\n {person}{deadtxt1}, {nyears}"
			],
			"ts": 1
		},
		{
			"guid": "r_UW-S3ezIoEuqiLcKkHvQiOID0tfqEx9y0naFzn8xc",
			"q": 61,
			"ntgt": [
				"✝ {year}{person}, {age}{relation}"
			],
			"ts": 1
		},
		{
			"guid": "QQNs3-C2rMsGTOpX7Fn9hMhXL_Kh6EISiL3Ud4_woRY",
			"q": 61,
			"ntgt": [
				"{couple}, {years} year anniversary"
			],
			"ts": 1
		}
	],
	"updatedAt": "2022-05-29T00:00:00.000Z"
}