{
	"sourceLang": "en",
	"targetLang": "ru",
	"translationProvider": "Visicode",
	"jobGuid": "xxx3xxx",
	"status": "done",
	"tus": [
		{
			"guid": "Yhu_PT_gxnNEP6i5cnfpdYCQ577w0kcHlKdPIp1rHWM",
			"ntgt": [
				"⇥99:",
				{
					"t": "bx",
					"v": "<b>",
					"v1": "a_bx_b"
				},
				"W̲e̲l̲c̲o̲̟m̲e̲",
				{
					"t": "ex",
					"v": "</b>",
					"v1": "b_ex_b"
				},
				" ̲t̲o̲̟ ̲",
				{
					"t": "x",
					"v": "$t(brand:portalName)",
					"v1": "c_x_t"
				},
				".̲",
				"⇤"
			],
			"q": 2
		},
		{
			"guid": "8QAVB3VDxOUUy1YKjJmy1pgdVR0m497ZhCOVS16GBQM",
			"ntgt": [
				"⇥89:",
				{
					"t": "bx",
					"v": "<strong>",
					"v1": "a_bx_strong"
				},
				"W̲e̲l̲c̲o̲̟m̲e̲ ̲b̲a̲̟c̲k̲",
				{
					"t": "ex",
					"v": "</strong>",
					"v1": "b_ex_strong"
				},
				" ̲t̲o̲̟ ̲t̲r̲a̲v̲̟e̲l̲.̲",
				"⇤"
			],
			"q": 2
		},
		{
			"guid": "AGkOSI-2cbdKB0hwucpDtAhetdvAytGYurYD7hvcezM",
			"tgt": "⇥79:B̲o̲o̲k̲ ̲̟t̲h̲e̲ ̲t̲̟r̲i̲p̲ ̲y̲̟o̲u̲'̲v̲e̲̟ ̲b̲e̲e̲n̲̟ ̲w̲a̲i̲t̲̟i̲n̲g̲ ̲f̲̟o̲r̲.̲⇤",
			"q": 2
		},
		{
			"guid": "YpoIEBkIfKjKzReUIQX2mqEn2bLQ8YPiTSt1FDHIkI4",
			"tgt": "⇥69:T̲r̲a̲v̲e̲̟l̲e̲r̲⇤",
			"q": 2
		},
		{
			"guid": "sTGxO3wYiDt-d_Nrg22Dm5CCdRJYPprzgXAZ9M2S81w",
			"tgt": "⇥59:T̲r̲a̲v̲e̲̟l̲e̲r̲s̲⇤",
			"q": 2
		},
		{
			"guid": "KuM3WlVRMaBLFo6E0fg4vATKm955gBDBbAGTLdLITAk",
			"ntgt": [
				"⇥49:",
				"Y̲o̲u̲ ̲c̲̟a̲n̲ ̲s̲e̲̟a̲r̲c̲h̲ ̲̟f̲o̲r̲ ̲u̲̟p̲ ̲t̲o̲ ̲̟",
				{
					"t": "x",
					"v": "{{maximumCount}}",
					"v1": "a_x_maximumCount"
				},
				" ̲t̲r̲a̲v̲̟e̲l̲e̲r̲s̲̟",
				"⇤"
			],
			"q": 2
		},
		{
			"guid": "qJxPXXst0F8DLkzVVG63hebwXP80N7CFgJfuXtr8mM8",
			"ntgt": [
				"⇥AAB:",
				{
					"t": "bx",
					"v": "<p>",
					"v1": "a_bx_p"
				},
				{
					"t": "x",
					"v": "$t(brand:portalName)",
					"v1": "b_x_t"
				},
				" ̲p̲r̲i̲c̲̟e̲ ̲s̲e̲r̲̟v̲i̲c̲e̲s̲̟ ̲a̲n̲d̲ ̲̟n̲o̲t̲i̲f̲̟i̲c̲a̲t̲i̲̟o̲n̲s̲.̲ ̲̟",
				{
					"t": "x",
					"v": "$t(brand:clientName)",
					"v1": "c_x_t"
				},
				" ̲w̲o̲r̲k̲̟ ̲h̲a̲r̲d̲̟ ̲t̲o̲ ̲e̲̟n̲s̲u̲r̲e̲̟ ̲t̲h̲e̲ ̲̟a̲c̲c̲u̲r̲̟a̲c̲y̲ ̲o̲̟f̲ ̲i̲t̲s̲̟ ̲p̲r̲e̲d̲̟i̲c̲t̲i̲o̲̟n̲s̲.̲ ̲",
				{
					"t": "ex",
					"v": "</p>",
					"v1": "d_ex_p"
				},
				"⇤"
			],
			"q": 2
		},
		{
			"guid": "bws_LnxH_75t_Jdprc_zeTdGgUOWjzRFnDe6YfvjOYg",
			"ntgt": [
				"⇥39:",
				{
					"t": "x",
					"v": "{{count}}",
					"v1": "a_x_count"
				},
				" ̲d̲a̲y̲",
				"⇤"
			],
			"q": 2
		},
		{
			"guid": "Jqw-OIo4U6fG5lyDl3mUsrBOVyxTbyNSBtYPAz3soPQ",
			"ntgt": [
				"⇥29:",
				{
					"t": "x",
					"v": "{{count}}",
					"v1": "a_x_count"
				},
				" ̲d̲a̲y̲s̲̟",
				"⇤"
			],
			"q": 2
		},
		{
			"guid": "u-b8MhBsF9k7Q4SquD9h_vGYUIfEhi_gRzuA9i36PfY",
			"ntgt": [
				"⇥Z9:",
				{
					"t": "x",
					"v": "{{count}}",
					"v1": "a_x_count"
				},
				" ̲h̲o̲u̲r̲̟",
				"⇤"
			],
			"q": 2
		},
		{
			"guid": "haJeL1bazwQ1yTntetVJeSFWmn5a9hPwuTBVoh9ISjo",
			"ntgt": [
				"⇥Y9:",
				{
					"t": "x",
					"v": "{{count}}",
					"v1": "a_x_count"
				},
				" ̲h̲o̲u̲r̲̟s̲",
				"⇤"
			],
			"q": 2
		},
		{
			"guid": "YjPgqgOdTMkHKTRSeQTqRnPKYg-aPkWmF4PtExUoI6Q",
			"ntgt": [
				"⇥X9:",
				{
					"t": "x",
					"v": "{{count}}",
					"v1": "a_x_count"
				},
				" ̲s̲e̲c̲o̲̟n̲d̲",
				"⇤"
			],
			"q": 2
		},
		{
			"guid": "x1xQynOoxM1xfd0g5iSmzZfrIWxwjHfV3x-1xaoiFJk",
			"ntgt": [
				"⇥W9:",
				{
					"t": "x",
					"v": "{{count}}",
					"v1": "a_x_count"
				},
				" ̲s̲e̲c̲o̲̟n̲d̲s̲",
				"⇤"
			],
			"q": 2
		}
	],
	"ts": 1,
	"updatedAt": "2022-05-29T00:00:00.000Z"
}