[
	{
		"jobId": 0,
		"jobGuid": "x",
		"status": "done",
		"sourceLang": "en",
		"targetLang": "ar",
		"leverage": {
			"tmSize": 0,
			"minimumQuality": 2,
			"prjLeverage": {
				"default": {
					"translated": 0,
					"translatedWords": 0,
					"translatedByQ": {},
					"untranslated": 31,
					"untranslatedChars": 612,
					"untranslatedWords": 102,
					"pending": 0,
					"pendingWords": 0,
					"internalRepetitions": 2,
					"internalRepetitionWords": 2
				}
			}
		},
		"translationProvider": "Grandfather",
		"updatedAt": "2022-02-05T00:00:00.000Z"
	},
	{
		"jobId": 1,
		"jobGuid": "x",
		"status": "done",
		"sourceLang": "en",
		"targetLang": "ar",
		"leverage": {
			"tmSize": 29,
			"minimumQuality": 2,
			"prjLeverage": {
				"default": {
					"translated": 29,
					"translatedWords": 95,
					"translatedByQ": {
						"70": 29
					},
					"untranslated": 3,
					"untranslatedChars": 59,
					"untranslatedWords": 8,
					"pending": 0,
					"pendingWords": 0,
					"internalRepetitions": 1,
					"internalRepetitionWords": 1
				}
			}
		},
		"translationProvider": "Repetition",
		"updatedAt": "2022-02-05T00:00:00.000Z"
	},
	{
		"jobId": 2,
		"jobGuid": "x",
		"status": "done",
		"sourceLang": "en",
		"targetLang": "ar",
		"leverage": {
			"tmSize": 30,
			"minimumQuality": 2,
			"prjLeverage": {
				"default": {
					"translated": 30,
					"translatedWords": 96,
					"translatedByQ": {
						"61": 1,
						"70": 29
					},
					"untranslated": 3,
					"untranslatedChars": 59,
					"untranslatedWords": 8,
					"pending": 0,
					"pendingWords": 0,
					"internalRepetitions": 0,
					"internalRepetitionWords": 0
				}
			}
		},
		"translationProvider": "Visicode",
		"ts": 1,
		"num": 3,
		"updatedAt": "2022-02-05T00:00:00.000Z"
	}
]