{
	"sourceLang": "en",
	"targetLang": "ar",
	"jobGuid": "tmexport_en_ar",
	"updatedAt": "2022-05-30T00:00:00.000Z",
	"status": "done",
	"tus": [
		{
			"guid": "Sch-OXL3KPaFNWvKiWNmafNmqHZo8oNtcaB-9jYE1sk",
			"ntgt": [
				"رجوع"
			],
			"ts": 1,
			"q": 70,
			"jobGuid": "xxx0xxx",
			"translationProvider": "Grandfather"
		},
		{
			"guid": "S5zXEp9KGe9nqhqgtH8vMM106HfoiBTZzDQ8qyPdB5A",
			"ntgt": [
				"فحص الاستجابة السريعة."
			],
			"ts": 1,
			"q": 70,
			"jobGuid": "xxx0xxx",
			"translationProvider": "Grandfather"
		},
		{
			"guid": "PV7WBP4aNfZzq1Hre1_bkECpoSmhPedg7xfh7UKYkyw",
			"ntgt": [
				"تحليل بيانات التهيئة"
			],
			"ts": 1,
			"q": 70,
			"jobGuid": "xxx0xxx",
			"translationProvider": "Grandfather"
		},
		{
			"guid": "jkJekuVBcsiufoG2zmxszlbnMGkREPRBAeb2QTDfUaI",
			"ntgt": [
				"إن رمز الاستجابة السريعة غير صالح"
			],
			"ts": 1,
			"q": 70,
			"jobGuid": "xxx0xxx",
			"translationProvider": "Grandfather"
		},
		{
			"guid": "2n8bq0sVYs9Xil3nEw7OEVuhOSGvpaoInQAZ89RnD7c",
			"ntgt": [
				"‏مشكلة في تحليل عنوان Url"
			],
			"ts": 1,
			"q": 70,
			"jobGuid": "xxx0xxx",
			"translationProvider": "Grandfather"
		},
		{
			"guid": "XY8o8xA5C_HlR4v8LDc4L98Y0mR-4gHyLjDxwvNhDrM",
			"ntgt": [
				"تم اكتشاف ",
				{
					"t": "x",
					"v": "%1$@",
					"v1": "a_x_1"
				}
			],
			"ts": 1,
			"q": 70,
			"jobGuid": "xxx0xxx",
			"translationProvider": "Grandfather"
		},
		{
			"guid": "MmBuoyCIE3eiz_wlkLAZMeoIhXX52LOiAHNCnl3o4Fc",
			"ntgt": [
				"العثور على هذا الرمز على عارضك"
			],
			"ts": 1,
			"q": 70,
			"jobGuid": "xxx0xxx",
			"translationProvider": "Grandfather"
		},
		{
			"guid": "QaV08RUEuxPOCugEXCnQ7tnShKARCrrKeZxYO7kxLSc",
			"ntgt": [
				"ألا تستطيع العثور على هذا الرمز؟"
			],
			"ts": 1,
			"q": 70,
			"jobGuid": "xxx0xxx",
			"translationProvider": "Grandfather"
		},
		{
			"guid": "c6aK6IBRyaNfMidf7na8JYOmhVI2r4vsn3O6B-pr-xc",
			"ntgt": [
				"نصائح تحرّى الخلل وإصلاحه"
			],
			"ts": 1,
			"q": 70,
			"jobGuid": "xxx0xxx",
			"translationProvider": "Grandfather"
		},
		{
			"guid": "ZYAxQNY0zLKx4RB3CGTDXujQrbLQclR9EH5EQ7Fzbok",
			"ntgt": [
				"تخطٍ"
			],
			"ts": 1,
			"q": 70,
			"jobGuid": "xxx0xxx",
			"translationProvider": "Grandfather"
		},
		{
			"guid": "Kj45w0Rgr1SHV55MeVawhgff4UYIfb-XuWWnyf9_dks",
			"ntgt": [
				"لنبدأ الإعداد"
			],
			"ts": 1,
			"q": 70,
			"jobGuid": "xxx0xxx",
			"translationProvider": "Grandfather"
		},
		{
			"guid": "8_cqAMCRj_4YGH6-e5xWNNAupQF-OHn20AQoeGp75h4",
			"ntgt": [
				"أقرن هاتفك مع العارض للتمتّع بأفضل تجربة"
			],
			"ts": 1,
			"q": 70,
			"jobGuid": "xxx0xxx",
			"translationProvider": "Grandfather"
		},
		{
			"guid": "yiK0MVBkcMRpl-7tMMPVMmlUvDJvqVxRbLLDHOchAko",
			"ntgt": [
				"‏أليس لديك عارض Cardboard؟"
			],
			"ts": 1,
			"q": 70,
			"jobGuid": "xxx0xxx",
			"translationProvider": "Grandfather"
		},
		{
			"guid": "L3Um-sKnXUAP1liD4dLFvMGh7c2p80P5DRx1ZFPYpqM",
			"ntgt": [
				"الحصول على واحد"
			],
			"ts": 1,
			"q": 70,
			"jobGuid": "xxx0xxx",
			"translationProvider": "Grandfather"
		},
		{
			"guid": "6nFW5iZToYQ3LtLDeb9Adlfu-EQWDAuFyMsAlRw4cf4",
			"ntgt": [
				"‏ضع هاتفك في عارض Cardboard."
			],
			"ts": 1,
			"q": 70,
			"jobGuid": "xxx0xxx",
			"translationProvider": "Grandfather"
		},
		{
			"guid": "4jxuTPXhhsLGShj5wDGlsktW8NV1GAYrGDxHaZV_6C4",
			"ntgt": [
				"ضع هاتفك في عارض ",
				{
					"t": "x",
					"v": "%1$@",
					"v1": "a_x_1"
				},
				"."
			],
			"ts": 1,
			"q": 70,
			"jobGuid": "xxx0xxx",
			"translationProvider": "Grandfather"
		},
		{
			"guid": "6hNFreOOSaLtvtpZeirvd7YWah19RxogxrXPw89jle8",
			"ntgt": [
				"الإعدادات"
			],
			"ts": 1,
			"q": 70,
			"jobGuid": "xxx0xxx",
			"translationProvider": "Grandfather"
		},
		{
			"guid": "JdemGm2zCUjeubRLZsgXcHubo03AMla3GDG3EQOcRaA",
			"ntgt": [
				"‏مزامنة مع Google Cardboard"
			],
			"ts": 1,
			"q": 70,
			"jobGuid": "xxx0xxx",
			"translationProvider": "Grandfather"
		},
		{
			"guid": "slgigM0NfUFIqYMNDpipEAV2LaSg4PIejxEgH37p4Pw",
			"ntgt": [
				"العارض الحالي: ",
				{
					"t": "x",
					"v": "%1$@",
					"v1": "a_x_1"
				}
			],
			"ts": 1,
			"q": 70,
			"jobGuid": "xxx0xxx",
			"translationProvider": "Grandfather"
		},
		{
			"guid": "wqrXrCWCECaeOiuDSJiLjeSfPaVlrgpeDFJp8NK39WU",
			"ntgt": [
				"افتراضي"
			],
			"ts": 1,
			"q": 70,
			"jobGuid": "xxx0xxx",
			"translationProvider": "Grandfather"
		},
		{
			"guid": "kNNZEkHiye4nzgXH33tGPIpo_dN9p9dtDvtyQLknghg",
			"ntgt": [
				"هل تستخدم عارضًا مختلفًا؟"
			],
			"ts": 1,
			"q": 70,
			"jobGuid": "xxx0xxx",
			"translationProvider": "Grandfather"
		},
		{
			"guid": "qTP4qKQCnREcyJAH2Kaph3DNOicsXMZGYTlqeVzrb2c",
			"ntgt": [
				"تبديل"
			],
			"ts": 1,
			"q": 70,
			"jobGuid": "xxx0xxx",
			"translationProvider": "Grandfather"
		},
		{
			"guid": "Ko1R6hKlnw0dJtnGrwHdjhq0igmaxHWUuci1ZrEiYvg",
			"ntgt": [
				"تبديل العارض: ",
				{
					"t": "x",
					"v": "%1$@",
					"v1": "a_x_1"
				}
			],
			"ts": 1,
			"q": 70,
			"jobGuid": "xxx0xxx",
			"translationProvider": "Grandfather"
		},
		{
			"guid": "_AhOCAPiMyasIto9QG_S4I0SlAYd_aMe7FWWEAduL38",
			"ntgt": [
				"مساعدة"
			],
			"ts": 1,
			"q": 70,
			"jobGuid": "xxx0xxx",
			"translationProvider": "Grandfather"
		},
		{
			"guid": "CBwqRfe5Ye7rqvX0p6oInX-rrmYU3pvl1Sb7GOjEY2k",
			"ntgt": [
				"تم الإقران بنجاح!"
			],
			"ts": 1,
			"q": 70,
			"jobGuid": "xxx0xxx",
			"translationProvider": "Grandfather"
		},
		{
			"guid": "xX2wjf_JnaqCdoe4AvzrpR0w__P7h12WCoMygm6ru8U",
			"ntgt": [
				"تمت تهيئة هاتفك لعارض ",
				{
					"t": "x",
					"v": "%1$@",
					"v1": "a_x_1"
				},
				"."
			],
			"ts": 1,
			"q": 70,
			"jobGuid": "xxx0xxx",
			"translationProvider": "Grandfather"
		},
		{
			"guid": "QBJSpbVgw6NtOonlImeo7N4Ys6aMk-tIHP-Jha6jjwk",
			"ntgt": [
				"موافق"
			],
			"ts": 1,
			"q": 70,
			"jobGuid": "xxx0xxx",
			"translationProvider": "Grandfather"
		},
		{
			"guid": "ngT5pq_BhXgX71IJFDYZQRJX80bl9J1XPD2oBb-VEAE",
			"ntgt": [
				"الإعدادات"
			],
			"ts": 1,
			"q": 70,
			"jobGuid": "xxx0xxx",
			"translationProvider": "Grandfather"
		},
		{
			"guid": "Ln6QELVxYXr2EgOv6P2-EYewhB5H6jLOJ1W5jilT_nc",
			"ntgt": [
				"رجوع إلى الشاشة السابقة"
			],
			"ts": 1,
			"q": 70,
			"jobGuid": "xxx0xxx",
			"translationProvider": "Grandfather"
		},
		{
			"guid": "d13hqt62wEq5drSC-g7auJUOAlQL-N3VrEyi1mCjMH0",
			"q": 61,
			"ntgt": [
				"مساعدة"
			],
			"ts": 1,
			"jobGuid": "xxx1xxx",
			"translationProvider": "Repetition"
		},
		{
			"guid": "p72nj2yZPB-RfJOZa2iZg2pt16HznCGr_kdYQziGHxs",
			"ts": 1,
			"ntgt": [
				"⇥XAB:",
				"C̲a̲r̲d̲b̲̟o̲a̲r̲d̲ ̲̟m̲o̲d̲e̲:̲̟ ̲",
				{
					"t": "x",
					"v": "%1$@",
					"v1": "a_x_1"
				},
				"⇤"
			],
			"q": 2,
			"jobGuid": "xxx2xxx",
			"translationProvider": "Visicode"
		},
		{
			"guid": "snWaUNjXnKuXlItO8jUPfKITKfuqshl6xCXxUgiP4jI",
			"ts": 1,
			"ntgt": [
				"⇥YAB:",
				"F̲u̲l̲l̲s̲̟c̲r̲e̲e̲n̲̟ ̲m̲o̲d̲e̲̟",
				"⇤"
			],
			"q": 2,
			"jobGuid": "xxx2xxx",
			"translationProvider": "Visicode"
		},
		{
			"guid": "kjYD6n4DIB9kQKYRd0QStGsZfU2yOhcUG091zj53Skw",
			"ts": 1,
			"ntgt": [
				"⇥ZAB:",
				"H̲e̲l̲p̲ ̲̟'̲e̲n̲c̲o̲̟d̲i̲n̲g̲'̲̟ ̲i̲s̲ ̲\"̲̟h̲a̲r̲d̲\"̲̟!̲\\̲\n̲",
				"⇤"
			],
			"q": 2,
			"jobGuid": "xxx2xxx",
			"translationProvider": "Visicode"
		}
	],
	"translationProvider": "TMExport"
}