{
	"sourceLang": "en",
	"targetLang": "zh-Hans",
	"translationProvider": "Repetition",
	"jobGuid": "xxx2xxx",
	"status": "done",
	"tus": [
		{
			"guid": "5otAlRi18WJHdTNddhXrbauyBBuNmozvj5T1U3LdNio",
			"q": 61,
			"nsrc": [
				"Migrate ",
				{
					"t": "x",
					"v": "%1$d",
					"v1": "a_x_1"
				},
				{
					"t": "x",
					"v": "%2$s",
					"v1": "b_x_2"
				},
				" manga?"
			],
			"ntgt": [
				"迁移 ",
				{
					"t": "x",
					"v": "%1$d",
					"v1": "a_x_1"
				},
				{
					"t": "x",
					"v": "%2$s",
					"v1": "b_x_2"
				},
				" 漫画？"
			],
			"ts": 1
		},
		{
			"guid": "V7Ipy8tVMS_hgViqxAA2GVdKnK2eiylBmpYsz6R23AM",
			"q": 61,
			"nsrc": [
				"Copy ",
				{
					"t": "x",
					"v": "%1$d",
					"v1": "a_x_1"
				},
				{
					"t": "x",
					"v": "%2$s",
					"v1": "b_x_2"
				},
				" manga?"
			],
			"ntgt": [
				"复制 ",
				{
					"t": "x",
					"v": "%1$d",
					"v1": "a_x_1"
				},
				{
					"t": "x",
					"v": "%2$s",
					"v1": "b_x_2"
				},
				" 漫画？"
			],
			"ts": 1
		},
		{
			"guid": "26atAzC3mwZ3kvEaRGvJjuffpG2YiWvLb_0uDvsLPtE",
			"q": 61,
			"nsrc": [
				{
					"t": "x",
					"v": "%d",
					"v1": "a_x_d"
				},
				" manga migrated"
			],
			"ntgt": [
				{
					"t": "x",
					"v": "%d",
					"v1": "a_x_d"
				},
				" 漫画已迁移"
			],
			"ts": 1
		}
	],
	"updatedAt": "2022-05-29T00:00:00.000Z"
}