{
	"sourceLang": "en",
	"targetLang": "zh-Hant",
	"translationProvider": "XliffBridge",
	"jobGuid": "xxx4xxx",
	"status": "pending",
	"inflight": [
		"27qyNndOGr5Tzx4ddlKCtgGu-HA1wIjdz0DHPrL7yF8",
		"sz5VG6XU2cIa2wlQX17vYlxhFFkUQP4SNc4Tuf0XWoM",
		"tqJcDNz_ZRwr47o7D7bfseUWk-bZrORIZOvHHClSwAk",
		"jxe6lKXpItYQ7tDgDvJvzwVZ-RfgcQoviUHOGfCohj4",
		"t4VWxI0XBS7jJwzcIpjyWz95PtQe0nM2xUjvN4A1U_4",
		"p7jJcpu_ZOzMod7iebzwKDCR2JYb4Qef0D1lq2MQLKg",
		"1d7HtgdwLMLoxTTiv83rLZkKjkpfAmsehateH09g4gc",
		"qwYhEI77stoakCdt86oc0Z9IcmbpLN19jqquS_d2WL0",
		"2udl0hvWKKtR3kYZ1ZxvWfGf6Sq6I_AP1i91nZoJRuU",
		"cwofMrt4vcR72muKJgdj3ynRXfS-8kRankY4lw_Cmm4",
		"WH5WLMC2qY2bMf5JBHSqSrkJVjNzv3YHD0V58wqZfV0",
		"TdXyr2sR2uiqUPCk-2leWA3Vat-PDwLKkezo5p4OR4E",
		"6LxJC8sf_K1lMeszDslG9Sl_Rvzv5614YKs_SdvvvXU",
		"XXoLNbGH3EGehbZoQIYAlgCLCeXTFwLDRG-eFTvkRLI",
		"xASOi21bwFlUiAyDq_NjUyskRF7IAJr6HsWpU0Kl6RE",
		"V1z5DUJUfjPG59288u1ZgacrdXDTUYhGbyPfbjmMs7Y",
		"4GXpmlw4Taq7yKQyTwSQUIm6gXsdKi8xT5lg0BskTbM",
		"ALfGSVlR2dtPc2wD9pRK718u2FBbmpMfRsdEznu6no0",
		"Mz8K0HaSi4Ffvygulhy2b3Fqj38tfAeKoZeEukHyC5g",
		"so0PKZwvPqpGV1xWSDbWY0znY7cKpYufeq33reXt8A0",
		"Z5R54ptkf0KSzqHSXbTpgusMBDC0AnVs5HlxwFuBn_g",
		"dpO_z4YeTFadU1pOz_kPcMX3MJPH0ER9fKBE5s3JQ2w",
		"80n7O41H3GTAIsW9t8opIF2izOHZmus3wrImbKV3iCE",
		"mdJXc6b3zFcJjCiCBwa3eIMD0ftft4hpfhR8y24AKCw",
		"PR-mra8oJXYjh-iGJbPWRJ93cqMsnv3I9kI-KHWftDI",
		"xIQ8JakD15UWHPlTjfDfsR_DppXZXRKrIBcVjpnIUH0",
		"3OTZLJcQIzg5hjfkG2FvvaLCs2bw5nf5x0eK7liio4M",
		"_SEHHFJh1jzpnbQTZhpgdfhSuNgxeC2IedcO-8-eJVQ",
		"2Dh5uX-r-ZGNhX0XX_9rBeP0s20EvWh1ANSjpD_Ads0",
		"JPHB24YD9kPnTMIzpxSbLTHOQ3sqRd20JU0wD-6SSGg",
		"9g34tPp38mY39nGP8T-WnIW3VChRwCg4CLToDOJx9zE",
		"R9Wl42FJ2T6ZFFSSaMoGXjPle4BfCSiAk7BqsNC94lM",
		"mHA1aAaURIeyD65vqcQOrZgktm0kcXaOteUsAQc475g",
		"YH_hpEGjrEK1ltdMwc4vNcWcKdVQE59STZdql8xcazY",
		"mWxC9jiOzWyfACuoV6DlcypJivwOxus5-dMFIHdVnGs",
		"qIZDGt0DMbfmVZaSxqo8rBZN0RyPwAmaot7CYpXNJao",
		"Av_ON0E9yB1PATxomRZqmTHPlUa6IuIfdbqM3hHq9uY",
		"m8j1SCe_UrzhS46X6dM3N-iYwO3_3kER3VbKiw5ixBk",
		"Qs6SZ3dVI6ozm00KhWIbFPFqMOYVdpBj68Qph8F1BGY",
		"RNy0yE1oUBzz2PCGw4-OrDNwlclfoSUu5rtfQ9hRUMA",
		"xPwj1sm9RPgXQRbze4ER9Qtvw47U4EAEnn_KMUXgI6o",
		"wJDJ1kfIvhrB6fbWqin4rkKuS2hN9enFwLPW3da1Ygs",
		"0UDjqW0KedOeaREpD8QGmewenZGpHkcYTXOSBVLGbeU",
		"REDQuw2ffKcU28VK_OS_XkfAZPXbd-48KWPcvw9W50c",
		"YQuig4jgVHZnCj7gkaqBA-YnUroIE3IsE14_X4ds_i0",
		"csppXX2yY-YymAiNiJd8AJDZ22w5tTuxgpgh09frT8k",
		"0Q0F8OAUKt9tljw33vEGxWOZgWoYsdvzbYGYyhonqbk",
		"kCa-bJauYACIeWVYamRlbqKFa-Pf4yFoxGZh-qyS_dg",
		"SQUbYShig4o_mD0PduPcc86T4SXt3e9vaKp_qn1NbR0",
		"mxL1O8Q2FJe_7aycxLtdTnFXMnvI3dTIdPOtR2hK2Zg",
		"U2UnvktkKPonD5AVbTsnU2KEnmERMztybcr2P28b6HI",
		"tORAZmGGpRq9JC8iHie5axOQsNVu7dHeV0xaHX-ZML4",
		"NYHyGs4jaf5TmjsVaebY6zXz7ncc7pWFn6zAf3m2hUA",
		"c656MnA8GvsOTOxs4WY4nJd0SDx8-yR4m5_0O3dVg0U",
		"_MmQA-fnOKmeS_awbYvANnQen4m6Hj4XtKiddmn638o",
		"1yWI2lsCy15IjZhGkHRpwAWoNjMOP_rPM14bzEH3l9c",
		"mUBPzydk5EoVceN21sURmqCJm3S4SHPJYKOdDeGJDk8",
		"ETclr_VWLWFUhAFq6UzZX6GjOaOKAvOSOhfmlV5o8qk",
		"EOfH8MF1TxExXKy711d_IZzDgIS7Hrvga0qkB6Y4HmU",
		"huHrZ36lN4u4bClvKIpWCCg430CBw_V0wdCrp3pANrc",
		"6hn5KZLsLGETvPcxkQGVslKsEirgO05tR8I6LUoruAc",
		"5dIhJapfUivLgbMbJjZQUOVDIRggMxJgkm2iscM7_A8",
		"ToQxCqj8I_Sl1JKZSFEoFDUeVI0a5hgEgXMU_q-MHfQ",
		"LsjbNhr3WEBa_R0YVVgCwjGtLFIDKeIYeawGGw4roAM",
		"ZcYnJ5Od7-YKDD3xphviCHtelffw-mhq54M6Rs7tPtA",
		"Ph2bJ5o6hNyyzK0cUaxO-y1H_ebjPITypSCOgs8JPSw",
		"nn9ifCxTi0t0nXPKjjqANSd9RsYNb7nXBbc0e-L1MBY",
		"9xj-HFVJXt2nNpthtY1LQ-fzWVcARPZvaiL2c39B23w",
		"i6ms_Au63GlXHZGXAcuj1OlRcD9GhIwb0mR2FlStmOo",
		"67xZqBzSLejsIoJhJeoe41TLoKsEqXHdzFIIP8ysYJs",
		"n-9x0mdfrc5EllF9g4lxFwLkppPeEQND2uhVP0ERBFU",
		"zvr59y3s5K3qszjqGTIXKeg_HsuE1uajtP_Jw40Sp5U",
		"QlC_YuVsWOmivCrLSW068P3410uxlebLMQI6Y2APaqA",
		"QAlZS0y6i_buINaq18JblNG70LKyAsdB5SEzos785FE",
		"gX2qXw9h04nSkWqum0JX_lrXBPrnakCiXfhaqiVV8OM",
		"qGkF2Msp3GFeWmf1Bhwiv0fF0eC1cpmBhNbvl8xiiDY",
		"VCIW6HRhoeMhpQUhRuDv4rLKq9LG90yl1F5zV-xbvQU",
		"jP-v2MRaelRp-0xUUhmilWXKVm0sFGYkH-NQkgC3xAM",
		"0IxzMeDYA_8V3QabO-k3En1Ld3cLA1pVnFnO_WWfoFk",
		"W-OESlaLb8Tz_YavoeRWfdWpbImHRAg2Whyms6MQFYg",
		"-ZXuEBcLtTSL3Tk5TFp5gsqkopJ3I2iSdHMaFKM2p08",
		"96luWUe3rIPx396wuzKUZiWpL_FIvbxC-tiqyjavqJw",
		"9KQnpovYTTR8EqaPS_krSrI6i65OEvrlUpYUZ8fHDF0",
		"8_2VD6CoQQwIG6KI5Gi0GBE4gSJnn5YXcgUHUr7tvXE",
		"mGutHcON0BUvfsxMPu1umIKcHv6zoXqgcRekXHAaCpM",
		"SwJlbVJTeK7RQngegxVgj7hyxKL8WkxxvYeQDmUxXFs",
		"XmyxBrSHE9usAFFCG2vPzxT10mP3VHeH1CsWjzkIpZg",
		"fC_356xy32C7odgnD6x_BAF1M8BL09LYq_AYDWMJoww",
		"-bYJgDGQXbmL4g_0gpKbwEHkH7eWo0cl7zRzYyn4r0M",
		"LB5CD-tAbq-svs9PEjaUwWSgEMffx0GiHN8cf1-_fbU",
		"J07LWB4b1QilfozxRx51_cUQrthjI3HIuxbhfFEhCU4",
		"_SAZorPrF5hhU5oP3l6AMfgbnFj502nP0cEMTzM6Zjw",
		"18cGsSZgW56fk4r4-oUR8Z-wVtXtQjs1knIQhisPyQE",
		"8RiginX5c8HPKTdZLSf92yPW7OaauQvgF_mQ6bLWASs",
		"2B1czib05hWKXKttgwY-nLlvNzlCyVANPK4EUwkqygo",
		"ASrcs0Dz123vfvvZRaO6g4nrW3HXYfVXDAK3PnApQMQ",
		"akU48sSoFBDApncaFTnxDUwvntjoVc_x_ncCPkbKfUc",
		"67LG-B8pRZncuF53apGRcqFubfzZGWknM7RCqDH9SZ0",
		"w1Rs6QdUEbwNfxKQ_3xpO1EmY_4HRV6aG5GQF0tFK9I",
		"3asXWsKaR7y7GtHSB4gj3cKcy0QKV7ZP9Y37ZUsa4J8",
		"-ZokOFEGjoKOP0ipBcoQfSs-VHrAsiXGtvmliCLnBxc",
		"lxojKZjY-5yMohTxbOYeEsPXKdU35_LdTGAzh9L21hM",
		"fN6EvqdvhVsR-FEQQFTaLWJEZURGvO79klFaYWce5ns",
		"xtCZPDVorMQcmb88XuRrN66RmY0CaLszKaIG9rZilMw",
		"vc6RPi0nmbBiytfQeWbKySuwc6Tz427bDCSe__RrgOs",
		"qPY-TEoWZjeuax9ZNJUD_wMv44mSc6-WAQqtgXEPBSk",
		"pF_TodxnIiM6j0nfMhGaKwG7i29NMrwslIg09Kr5NLY",
		"uDn0V4BKl8_4RZG-SBfzr9WsusENKW_02EQe2UZXh7E",
		"4se94QZG8B_HRubqGbQSa2z73iKBD-niP3vOOy24qeY",
		"iDbzX3ua7JTK2r5fPAdwX5aGkNtciRqK3DmhR9GrDpk",
		"VGxNmIVvDYZ6XN8-GGELcf5m_BTP3_nnUxF1sAUHRVg",
		"Bx4ksQFJA0d4IzSTzkltfMXKvQE_VFynqSen-05Xz8s",
		"vOXbT2RStv9Bfve3rxZcNVYVtPleduRz-tCudb4hkm4",
		"8WTohVPNZpV9njpvhCzeDzn72bq4FpnLmuH2GWJQmbU",
		"09bHLJJ3TSUAIXnWuYp8zkgPz_Ktog89FUtierMakyY",
		"zHEBCkIpAL7IFfPf4XupIOxAICmr--suT78fcOimS5U",
		"UwRMRUlsHHvbMnyBXmfC1mLPAoK44f6GbhkwsaZA-LE",
		"_LFloqjVFn0g8rA1cyKvjNh0n06tCbEN9q9cDIrD_mk",
		"s7vmRSqvrrdDCP2CC42Mu4top-dqct55ZDXfFJ0lTWw",
		"GrMFwP4G_U9q4P7sChaW2J_1tmJecnWYjzHc7V_iIT8",
		"EJajp-vB1WGv35d6W7joH8a2s-IABgLLbQQ7if_c52o",
		"j5g8prmlQCN59zCYtiyibcH_8MTrHOmsI8htpM1CPVY",
		"hdOZ2TaIpQJa51D84wSDzU6Awl-GjNr_KxXXa_SRFjw",
		"Gx6It2EPZkzo8gjjKMNEIdCoI3j8ApOfbv2ZnOxTfXg",
		"8u4FgLqIOqKPt9ghwV7vaQd9DIIie5EIgYLM8Y-MRg8",
		"rEhqIqyMOpPGm9tucXpboZ2m3WcZOJWCxH6YdSbJQvw",
		"-BgwQxYmz_OcJgZCUZeNEhbIn71aeYWQLfqDzIdO5-A",
		"DZ_sc6S4EfGY49WXOACTA14IzN7IGl__L84uf8WbSwc",
		"XlcudDTXzG61J5iRPIyqhRE70F5HFnn2xrll5R17-n8",
		"PDKvwcIWbKlbrMMuqEa00drfTM71kt4AE5hfbznTe_o",
		"E7eIPBUFNkUQCaPZAqanJVmi_cYO9S0JCeKB3Trm0S4",
		"ZNcGVkm_LvhJlULW759Z140eW5Es4GSIXDFWwYiq7Lo",
		"aVTh9yvCCOJS6biHAKAoKQDWmjjqo8cIFgcwqCIilRo",
		"2wtUHTjlnyifY2hE2cYObdqXt6vZKdAiyeVM4oNdf_s",
		"UKK9CJGLt82KF7IqPt9NB-bHsvmne8m6JVAO-LC2Ntg",
		"U-fM9HL6MdOpDlVta63gzSGRhDsy-EcFEPtR2FaH-dg",
		"RDsq1cQDak8jiMMmyZC_3SwERo3l6v8CapJAHJdpJec",
		"wKFZJn57ACjX_t201lY5WbxY6xfsfi11ssSbwb6nfUs",
		"SlAFtpEsmyLyJ9CWwNHgoUBa_z9W5Mf4LO7mcJAtZxg",
		"1XV7ZzyoiWqejk_kb8BMcUaGHMJHqLTx599EJtbIbGM",
		"A1vrwmVU31UFieXjJYeCmbnFXwvAe0YhNyKDDMkYUjA",
		"HSi95SVfdcpoTsIsWemtKmrx4H2aOlDoF6G2TOMmtkc",
		"nbb_Qs8XacxA8ZryVmBTmYK8QhrUJOV1ll4GHF1LAVI",
		"n1whErmKjcpP6XeusH8OnbllaukAYZVGuGvAwUS6vzI",
		"ole_ODWFjk6iag3O8p560HO628Q_hJvMtJGIAne5pRQ",
		"EpysZnLZo-1mZhou8q0OvmI8lp6fQXhnNentodbGre0",
		"bLmGEWcwODjJ5TsZtvgPlllhMF7Qusd8hEa8GCnatwA",
		"H4RqEMI7N9GCVCHx5OtUl6Kw6tEl1780q6W016wNcVI",
		"Zi3L-9A9ap581wVL6PDJp3zruecGLQwl5p9k1u9Zyrs",
		"C2FNkpaLoL7VXyXMu9SaavaizdXlCQJdCFEfo18dSjI",
		"_eiLmnk4fEbsRy1A9mw2gRTRnELuJtyfeEzLU5qCxpw",
		"_h_8cgOacQBSamHFaN1tvSkDKO3OST3xNwxQ000qeww",
		"n_HJKhrvrSRiRt5B67LREhbN2dFEGtgAs3UQhBs4WJQ",
		"O3sde3hZlglgJmbDZ9GnS_sg_odYUPrskCtrEYhLq_8",
		"_UQhjiOEDycVJQUiZA70CKquv1zGeK1ewLezYWEQGbc",
		"CjYiNR9pPxk2Lft1ft0BzwuVz0M4pE8eWqpssfF2SVs",
		"-HuD6DHwN27vOk_Pw_s14X20I_NuDj_SgyMg4gjTPqs",
		"_kk-cHhadbopf9f8VouQpkf7cFf5uH4x5UATjrDbT8Y",
		"SMwJKF5bm8Dw-xz6vGuwFBcxvaO3HNcEdgOamKUOZIw",
		"Id3pS3KM5Tkhruf5e491S-MZ6QNGErJ19JogpbvKZNU",
		"wQRuzGKkvWV0vG9obp4jGSnm4RjR1bnkAXtK4twE1fY",
		"223rk-Kbo-zntSmAdYrsyW-ny2zCVG0qtEqP7J11AKo",
		"1Zrp6BG-DZXSWk18y0cN2K1J814wdXRxsC05kaDwynU",
		"ouRwVLj6hSKJFfa3sUttbDc6Bu4XjCLn_0DqQGwx0SA",
		"cJ_-rA_sG-i15fhaJLSWxUuAg26fAQSzmfLCtpXwQ7Q",
		"7T_hOsg6RhtnEA4R4O2r6DgjCGl5TFtkA_MRWZbSnjk",
		"W8IL7FndWDq-7-mwh7RdfpnZ-3SJj5ffNGNhAZG8S1s",
		"NCIdcJxxvp00HL_yi0SD4xBMx8YwKzIdtFqHXMDHDCs",
		"paXGn4VWZ5yx1GauoMOctNbsSX-BnzeZzjpXvBejZ5U",
		"hInxbNXmVp8ymfLBQk2lH-7SvUPs25InX_gUWoMuX4I",
		"tiuPeCuNZficiHifln3AdOnVjGqIL99OVSCJTjqRIHQ",
		"bNPoLAv44j0zbzVEKB68Nquz-COQvdnao3VSBUr6gkQ",
		"vdEXO8td0M3CxR2uaKOOeAFddT_lcuWlGdJDUQKv24o",
		"JoF7exj_S0HkjlE_K6NxLRkE1SPsbKLIT8weHsrlRwI",
		"2pjM4-I03BkSW-GbRG9AEztBy_evkZczJAm7MDgTi6k",
		"FezFSoYDEiIsClrf1JqAwRgFSrfjT2_CxGdPlIOXLA8",
		"rb6QdTJBmHJnWUjhhBu9GsvrqP124sw43HE2vPZK7yI",
		"-p4Y62JHBpxvrQOFUkNWm8kJhR7z33NowZpXHhKis94",
		"nP0t9wle-o5QMEG5fe8AdknkamcCg1ooEtEx8hQvD_A",
		"Bs_uAR58uFgb6bja48jt8D7VWPX-BQswoW9ILNRorIQ",
		"u6D7imr8nr9n-4-mLssPJxhy-OjW5uf11LKMMXwzUq4",
		"IEX6H6t2_ADlenoNGaK3o4ZydfaVNWUL8L9934J2ljA",
		"yY0LZeDyRVAoWbU-M40m8KynYbHYMrFP8qU8oYKpi_o",
		"ftTBQ9mT8jzVQTlzVQThq84qga7aRnm1A_EmQPZ62tE",
		"oXUmwOmJSilJYNINjFscNXUcar5msRG4KX7zU-4zQ5A",
		"TyE4yyopQMXi9xPAwddqixG0FiRUr7u1yXsHaK5cFNg",
		"rXnFisSe-TCQMWVdPr043XAD3SjPf9t7nr3_A3JFQ4Q",
		"4vSXPlqV-jor93w4akoHBtcFnxQkH294qUAPtwQzaXw",
		"AkTWm10nlkUtHs0SpqUi4J_fWfhHrtuPiIap8FfKdNY",
		"w9hhiyhohnNbjc_qqndqLiy6QdwWj-Epv6g2TqvRPtg",
		"lP7I0GvSzdCUMNPu5MZnqO1hE9KRTmW295hArhuKyq4",
		"UjJLozZAoSoe146ujO2h-ICSmd3OB8xUHXoA0sw1vuk",
		"wa91V77-CNIUKXO_trOUgp-OTGRGK1xDxCnn-jgS8n4",
		"mg4C6yIR8EP__v2LCqgKunkzyxby8kPofjaNzHx5x2o",
		"xnANV8L5mqGqk8EDMRSOD_nXd8p0AK4IczkE-ezn8mw",
		"cX9XxArHW92TEnx3pEA6Jr4BcxizkXZXT9Fl-RDaVZM",
		"EbH3VudW1nCXsQ_ID9Yx1ZS01mU3OthyL0VrF3xBXR4",
		"qJ1A3DenY9H9IyDNB5o4neBMDAAqqX5c-vEQd6Dgds4",
		"4VnsQVEawPmvgH-O45FKaXHWGWxMnjIWsFtFV5GlyFc",
		"SSZERtfZuYpDYos6-_VXWBeWY2P0LQQBQ5wwygKih98",
		"SMy5CDGGN0GtdJzMKHTWbjT3VqLYuEtNpEvWA5bRmLc",
		"tA0xYikn0qHMP71gVNu8p-qT0ikIpg3hFN5e_ID1rVA",
		"ZYRF0uRDK_bsTpcq436kRm7TTSod3JSdVNJVsUlWSfU",
		"K8uvCzrPyY2N2As1JfFODEHeKn3UlBuZ9k1znC1K6tY",
		"udoZazFBKNuJIC6v5QmfjrbGyd6rlkSOBu4UjHKhWOk",
		"U4k2bPmEV48jDbn2lC4J-B8kiIokopjfT9qt0J_p5ZU",
		"DthVRDpslR2a_CZJ43oIuFM3jsvJRc-3YGX31hS3Fgo",
		"EtHBbOLybHYJNZnry87GJ1zgXtr-0SCWf3ClP7wf8sY",
		"p-XaUHnNCFyXbPogKtoVZVRDqAjoRntnmJt5JR4R1rU",
		"8v-_s7uEet4s00G7V9Pcvumf9GnoOvuXxIwKWEjb_5Y",
		"ehA-L9pQnrjTwKw9o5o3yPjzB8yjhIGNuOhTX96g7xo",
		"PBNBqvQp-lTb7U8FVYhn02_a9p0-R2znZFx5j9sUbpI",
		"7hb5L6qGTAqPRklPIZG70MstE7elk7RcKPRLMCRQtd4",
		"-PPNIbEUHwkIGu4bQUzt0Dum2AJNX33S224Q_e_ou2w",
		"XNjo_w9WhrGdxKdrV8_dOdrvfQJ22YujJJ86Jb0cZr8",
		"ZaFVe22GBI64JdVFR6uX-ObRD-cRk0zIKevux5wEwW4",
		"lt4SHU-6CU6ShuRhAxP8PbpEMoizbRLeARXwB-oXCoE",
		"WjIru3HFt1RrWI7_RapbkXcY0vlttgOm2q7YAQgUagc",
		"91G3XQPJ2p1pajBE1eoRgNPgG9B-t_4PHNx3kmeUK2g",
		"ELDkm24sZ2jhq4FvE5XizqKRWUrY5rYSIdvZBLjRnAk",
		"dK9hIuYCY7ZjQx2fkF1hE-wlxSiGWWD0CDls4jwr0Hw",
		"vlH7fPoKtNFol1m44HtsqAc_POa1glKl0jdNWEN1A_c",
		"40nodRaLIGy39DOdLno37o-CdP-LndXWJmmD06atmsg",
		"XbpaTzrbCpE1Jod-1pTJUcUejGCs65etNfCLyrjOPCI",
		"N-Yl549YbT_yznYhn6exYuE3dfVAe7a_S4Mqs5cfOqk",
		"xJFqLVqZOdDwGYAjfbgscpPcA6oGzcIavM_-Mgu3XOg",
		"7SPzWn0HQD6BIBpK8t3zjkVsy0SkVUtIURZJtEqRj7U",
		"KCxikc2zuT7uJzwvqPeb9SagV9WJX3byhb77PFwsPS0",
		"OiatXmgmVshjzRHY9MOlDEQV7odBfISWmzX62vP7wBE",
		"8UBMozzQQaFAFnGCJ2oCBqqTVxAjdbeLXYrZ5jUkQoQ",
		"dQVWYkXPeFOjGC7dZFl4-qpzZxpKrykPe1si6ZXM47U",
		"J1tK-zxfRLo-qJ2LdvOy0EfXz3DKHub7cuPGCCs1bKQ",
		"qgyhbpKDjI7jLUvTkyBinCJwj8i7lfiKwHOif76StvI",
		"5otAlRi18WJHdTNddhXrbauyBBuNmozvj5T1U3LdNio",
		"NbSotC-esLltIb4qX2tNcSjKPSlGcoWI-D8v8pewC08",
		"V7Ipy8tVMS_hgViqxAA2GVdKnK2eiylBmpYsz6R23AM",
		"8QzHRFQRgUcTAprTZeAm2ftfggD-_EULwyTccQDeOTA",
		"PT1Q-KeWPfn_xxc-bX4Y7GEGvvA-Y19t7vD-todWShg",
		"26atAzC3mwZ3kvEaRGvJjuffpG2YiWvLb_0uDvsLPtE",
		"NR_8aJYvx44XUvYFNO1tkp7aEhaPGsIEjxtjvkMyPyc",
		"5eQfIgEoQtbNWO-1AlQOysdFQc5V5igBF2xUbmrskIs",
		"uFVbUHrXOitHB2S6JDZOrs8aV5rxp7WYKecvc56IP6E",
		"ho4L5e9G-ndHwuIF6Cmr5geXwERUZCd_jY_yTm6agc8",
		"cXhHTgubaXopfYGQLaXme_NmQ5WY7SPT9Hk1kXrnht4",
		"GWnOMuj7cc53ixBNbQN3Jgx0ndwa1tQvFWG7MN1UvOs",
		"2zYHICLSMDRS4hmL3mG_GcljCxsbxDZJi_d0tEA8KeY",
		"Qz5uMNtrIEjaYLpAUR9s7q838MB3UfqaZ5y5kCi5Fc4",
		"YanNntJpXSZIdbqr7id6VeWUtMbeD1v_ckCNpKvPhBw",
		"EGkKE9cPyin0ijMsclAYu0_9Q684CojI8fjRfoN9928",
		"nVBLd4D0iYUrlSTjg2WppbD0fp8tEaWrp4k0ajSXqpA",
		"u5bvLpCuJ8WEuCuphGYr0Q5hpymee1gnY6mUqhhETWE",
		"uz_fIYv_VXMTuwR2VMB8351T4s01F2kWVVO7N4j8ois",
		"UiKTB6OG_3SxNZYan2gizCkBSbgzAGez-Qq_0gqBxUI",
		"X_lcJ33w1FnORuUQsj6hr9Al2ws3lhj0mxu1ljyw1B4",
		"jEhFC4GspVjYt-8LuT0NMhub4gbo2LOYa2WcH4NHFHU",
		"poXkTGEcGe-O1oAhmApNbiKsqkuFvk9sd0FQGqPqlM8",
		"C8BPevpvgI6WJexjUMUahmJBgFi50M07scj23iERX2k",
		"_AuqOACJhbcy1WtVNzcQXxPlijRWT2KN52345xP4rBg",
		"zubSvrNm5wwOPs0ztitCy-jgEV86F7C1_qio1TMfH2I",
		"IUUIIBJOx9r8kQmaZlv4JUzCssUcw851UPHvDoeEcK8",
		"XupCzE9DVb_DJ-vj1kNbld19gxVNja1BW_3QhxwaJOc",
		"KShg_q-U_l3Mp8pT8tgYnpW1945uQkF3JiBjS1EbjbQ",
		"IZ8YeylR6f1qeElImrsuwNR69XKaboPU5Ulg676rggU",
		"pXb00OSWKF8OtyBtcSRxEalP5h5mLRR_VMcP78SHr_M",
		"oL50pOSprU0vWXIoHmo2gS1I0-eYMcL16hwufNY8ULI",
		"_HL38HQvlrx4zatV5U7Rdku_K0-BKFM2gSSScTmIAmE",
		"FBUPvw4IF_dco65MT85iOp-P201ObtzHM4ewww8yo2A",
		"m9LapqqyUbl4Hjm-acmQgAUIn2zH98FMK6pLSC-_jVE",
		"5GX8Iq_IesOGuLkAra1Yqr9pElHtXjerK9lWMmOphyM",
		"C4ZBYtDxLEoCXfuon-Up1hDVSlu47aMTUGiJEOQYKA8",
		"mDWIplg3Wh7Rcjh5InA9P6ffNR9D_FzTNZn0x6ExoE4",
		"m_Zja_HdTZ8QsvSIsL7BFxLzVslvGEG0jRaamPck3qQ",
		"2H2FCTrO3QD6g4e3IRLHkFvN25eM13EHU4SWJ86L11s",
		"yErnSrwWHEZijQHfyIuA1An321aHUSxyIeMcXjWZiAo",
		"kX70JYjVLuSXfboAf8zYL1Ych_d52zS8TCi_o8QxJ7o",
		"4LEwGmzLbpaz92HD1PIKy5uPNzu3Sescs2rzorTW-fg",
		"59PP8cD8S_FWrK5xrlPx31M3HLElEMnaYHJ3tHdpPKw",
		"H_JjnDnNORCzdlGTLjUfqofMK9rQ6AtQYWzPzAR0tPg",
		"w5pSql3nh7zWPgEIPI4THTwy-pPho65K0Ib8ZgMvAVE",
		"9bvm7hCxHmnizSUDHApPLv7sitYthDANe3lWJGoojSc",
		"zXLKLNmS6xruqwTnlAbShfEJGiuuMK3ztU-MUk76zWE",
		"D3LfdbxIIVqFCgNV1keUViOetdNJG2NwKYm8Oq1xiVw",
		"bQV7fZpH3qCJh1eXfgPuAv5TNS8EN7677pXGdrpBdQE",
		"yoF22AIvrvT8-SiVZinJYZKjXn3ec3-W6xwdonw73HU",
		"TzwswY8NZNKxmx-0hvbNo7jEJlmDyk5FtkpRV6YVWew",
		"NG5VIYqM-D_1aUYH4LZ1PeIRAJfl93HRSjwUHrlxW54",
		"Fm6Vq1l2shHVMSBG3SScRIRVIIllb62PT55gQ8pn6jU",
		"CE1TfCDxLNUUOskfg4UlXkcmKy9RzTreJQb_XEhR-JE",
		"zjRnVqvBaWL0WEb1kpUnpHu5WxQ6QlzFONOTIKfEIWQ",
		"X_KLc5HBAfegVR9vZD8aXzXPwMiU8FIqSVIzsp8-4Gw",
		"dUY5CemIa3xpPTEoUKN5hZLIYyFYKU1bhYQvPyUJvk0",
		"2uYPHtC1kQJwVaCe1QnpczVkqD-zdpHEtbJTGyYzpSU",
		"cFIDGoTU3XlK_6EpXmirmj1HbheTAQ5vDwzEpib1vBk",
		"c_RZW6BNeKjSWxBHHgg3Ii7b3Je3ohsXMPLu1tfe29Q",
		"NphDMweBfMiTRwBCTAkmIySPR-p8jPY_8yafFV6yUlo",
		"6kZ4y-TCeSlLR40rmH-lwkbxuWb_KeELspwgQrvljIY",
		"5eZfQwyisFt-eAr3zUOKugP__L-uALc_ylWptAYKJQI",
		"0MGHojsg991bW2BX_cczB7XrP0mfW2DJ6OMvNsJaj48",
		"-C8OeNLt0crMLLBsboFDzha8JXGTuyYoZttXAzzBaQY",
		"dwmP8JsQhLHngvqw56EBpRIwjbjeCHjFNccFSEUvGvI",
		"RRrYY498SDiQ8LcoRDmSXIqvzNAHgFebOb-KsuwO1JE",
		"nFeN1Bgez7Tb25X7OrgzrPHbOcLvD7MphH8IQK2Y0Eo",
		"-nyi5YnV5GQb306s1HOj7B2SqJv7Awa5tmLwrrkrv7c",
		"HGSy4QLH2EpxWHS47G1VD08njmJ_QODbLdG-LJYXczk",
		"W3fwjwvnWNaswdtH8CkY-ptVv4kWSc00Dwo0FRe8T74",
		"-wkXZ-U6feYoBLD03zOySY9bCJ2q3iJdBWNGiVyzb-w",
		"rh1h0cJO-5V2S5q15JDf5bxw2kDqyrXKS4r_wy5PUwU",
		"FICdN6ZTFGYJmB81aL4akRY846OS0LMXjqPMDZFDuqQ",
		"RYPIepOwa5XAPzLX3PAQYJsYA06xOGDr6gVmCoK5e68",
		"lSA7apVW1cOhxizHua1Cozi3U_fNiABPf20SPV5qWtg",
		"760JS2eBsCjbuIMJovFvLL3VDT3Sf7OOh1BwVVDD_Fc",
		"MAJoOU3XbW2pm0bnts6394MkGigK3TCnzQ-_iRfyg8g",
		"_BcKOaHV9biKhmCWByQuo8e4tHyutlNooNwpysPzdJE",
		"Wlob_O43CrtKubqtsatG0uCYfvcCrG8ya09n6fQMlTw",
		"rLH95OG9xlPkF4kPAJyeLzQRrlVlo3N8_TnKBowO8Tg",
		"peDKey_OCIZBrXtm3WzN0U1MyhKG6W39qiaduKidCK0",
		"rOzl7VLQsGw9eF8igLhWnXnWm0xWAix_-IMHLg8O41U",
		"AdtF-yNmB1KDbirSinW1hG8PNpb1zzuA3nrjvCHAAHo",
		"dhcccCE8fLfXWvszAEfDTWr7hNNe_3qT5IUdFeDqgoI",
		"ecCXfY4HMfF9J918_KY7aN7GY0YzLi4DQvg6ltvASZs",
		"SVlZlyNR7LfMJwSoD3PuIxOKThbqF1NzlAMB2Ol9ARE",
		"Aj7B9bdrUBuawnRN3X7C9j-TI3E124trgAN1lqeNA2w",
		"pX3b7nl_8Y58oXPbghIIx7_0aGmWWLPeP-D5LNDblcU",
		"D18ZSiCe8YZ1sci7Z2F7B1tfXEm3Or2uUalU99MhCm0",
		"ODnxRXqbNkf0WZwNMNBRVzvTowiRVdu0tktSDF2ET3k",
		"PjW8y4Za7kR6g7Mb6zNFAHjvaRBRDKypInCNDLP0odM",
		"xnqHTdNqkhihZKApW6oBsEMOzmr2LhRFqtzqAwqqdls",
		"otCPIdi35zp9xaeTNfweeQFwx7Bt1eWeY6zkqDeDnzk",
		"bAkWLyFZwmeqXY5p5StiL_Ove18eBwQkFXS9_1Xkoe8",
		"vFhmfrCpbCcBLVqtsWKLnhjBg9l4fS85fQc9uKd_DgM",
		"hPBLtewVJ0mhjgOKNagsyLfPqlTA2s4KFgxhNP5G52Q",
		"58HNOhORcxDJQ1hQI-X8sV6dtO1-JYfEYpU8LRkwcQ0",
		"5T8z0MWPbgXZdSAJcvsDsr6VjLtrWYR61l4sBGDImp4",
		"Xtlfkv2oa5DVpkJmuUxtxRJHUpDRKaahy15F8dIp--o",
		"pyHTpdpR4jXfSwerJYFoyQ5Tt1koOKoDuNA0wJOWd94",
		"UJyX84gMBxdO1PDr7VKib8lH2_E4PvFz9cj9BBBJsA4",
		"eXRc26yvod4Obg8UmsDbwm7gkrsGGdpMy4TpcYAWsxk",
		"6tgFpq1s7Bmdw6Wj4ju2N96GgPe7p9Y7cGiyfxSF-9E",
		"Vj8DOxw8uO9KY77TuWRdJxY8sMxVtwq_IyHh6_8Srro",
		"wOveXNJlRMcSQDJmFr9f1aXQi4JwmzgfG2o1ZP_DK30",
		"QblYKrpV4TYMwNLE5d6OuLP5-YvTFicfnEWa5-51OcY",
		"dIE3zIyVYSdTpju6-vlcTUw08uEhNfHj-2NIp5kbEEw",
		"cfTYdJm8FCc6Or8Fu7ngokJ3WghZMzGABQjXm7xcSSU",
		"KGOpC9OGKQjYYSCjadsdtUpJQFr1-etAZOgVmTt-wtA",
		"XbMMlk7ML13AJYJW0ALnnF4spRO4SHgEXRstAy0bj1o",
		"C0PQbeoPQFB8cyWahP6wddbk0QOh4f-mmiHyTcQUny4",
		"y51rnyKxtYjssSeHCmtKvJwyTUp_J-6z11PC9kxAmM4",
		"rZjFH0Z7z5HV8Tov2ZWD6ABIwLcX0rWeaY9SwkUqMjg",
		"a93fWBww9BfwOqe-ajdWFS7EBpRjHt0DvSebYl5bo7o",
		"OVv0BMULqSdXUWi0L_ebUyZcG4kz8EVFIeXdTQdp1U4",
		"_0n6pKXlKYwqHHaLNdlkd7RW90QAB5fVJxzB7zl1lwQ",
		"F5Qal-UcgskZtk753VXobQ8Q3yplYmkVT657jxneL0A",
		"vUaAJ_T90aZxkP8ht1bD71Tnu5WFLJhuxr3eKYwt9hc",
		"XIondN9IflEzVsv4LVTZEl1IQhYJgrgmheRmeYXipvw",
		"EDPSs_fIwR6Tv2TVPaqASTdVdgCzMH0HrN1w8SaUvAc",
		"yTBAyJ8Q_qMDf8yAa9hH_8o0A0LBzRENYIDSC1UbOZ0",
		"ls_fBz6okS5NVH86qvIvqQMwlRo1btsu7Ad2Gug_ryY",
		"DI19ciZW3OtkszGmVMopKQ46E__OZBI4oNEJ04wOPK0",
		"S417iusjHCC55wRHKWuNOrbPZ_rWwYsHERGejfW0RlY",
		"6xC7pebM5-ZxaKv6i64GbRkfsTR-nzcZ73GOATo0YLQ",
		"saZw6SPY56Rlmi3JFoINSWQ084jRCETCDxJLHSA9hOM",
		"kV1JMfcYxSPaA33pPszcbnisV0t0Sfxe2ZQBKdjy2aU",
		"5vlqnpIng-j8SifyQOHpZ5wPAs1sStNeeZqu13efQtQ",
		"RfY1RTihyotw-07YpitFAyH3J5FraoAhNTcLYlVc6vk",
		"mdPoUGzFrcAt_vcKcl4Bq-dsE8Le-w--ksmqvFe_D3I",
		"86GoqMybPQfkFBczXnyaW9xfsDEFsikr5YqYAgVuF04",
		"QU_jF1_AE5bMND233B6xjLe2AEv4NjczDkAOW2naJSw",
		"7x8txAMET_dUs38fMs_8OxmVBIbyZBDmKol-PPDCVg8",
		"XFN-iVYrkadpxDxOdGN1hv505ZavJL4hTK9255kN0i0",
		"ziJ4SzbBrQNCMTKA0B7-oq3NDDEhBRD1XhXezbakWxk",
		"I40yqqfSXEqxcRJEebAkoMGQoQuYuLNOa2Ud6BkMcsU",
		"XSREc7X2ZGv7-we3bdC1-Yfm_4RaFy8JjHhPFjrm_7E",
		"ZBYtIRVvhdgQJQHV4kVzz7Bh0NSKcofDyfXSdgX0vn8",
		"tpYrOKkmWE5cSjMMmDJxRckzqx02rnXxlVHRipdb7k8",
		"_btRTivRqA0hOubjcX--MF9gC8w97NmhbBhbraZPkqM",
		"Ibaz0PUM9RNz1CPX-V0FFy3AerxinrWF9oJxlS2FX1o",
		"NOELKFmkAMzBKP9wX6wMQ2w4T_iYyNyD_ponK9hKrjw",
		"UzuX5kricHracI58dBSQHVf4CAFtgNgldg8nNXYRqZI",
		"zo4UIzRgDLhp4lYJvdg12RD0fTpiXjbcbuWC3ClIlgw",
		"OTdtStwBPshNkiL3_CP6_tPZFG-4bk9E4DGl11tHJoM",
		"6T1AUvI23zq9BwgpFHAkbwrcdHVorHeJnpmjCHRjffA",
		"dEfOMw-ElOf-gh4JNy5OhAGW36mhN-kQrhkYgsYBZVQ",
		"xyy2hY5UiPuBVtVs5p4QNtQvD5gZ9L62Afuf68HR13A",
		"zz9EoXyrp2jHix8BhQspeFceDJApEEQnL6JZNceOyEA",
		"X8fO-c1VVu9rbJOhfqH9UiMS20tCwPGDKgZXFvQMp3A",
		"u1sNEscwzqYmb2ep8PT9x8usydILzw76W88Sad7u-KM",
		"vRdkZFDzssJRdwGv-SthUQFGxf_HerP1kXuTpXpKzyE",
		"Uk0VwujRIxhpe9NaWYmY3hntAOfl0OuU8eai2ofVSqk",
		"huyX5FGOUKZ3pi4fe79Gfe7qvq2yU_f1NEJEFi-8iik",
		"ISUovOLQ0rDHWTN8FD5Egc_BxdZCIOGr7B6UXGmtjWs"
	],
	"updatedAt": "2022-05-29T00:00:00.000Z"
}