<?xml version="1.0" encoding="utf-8"?>
<resources>
	<string name="all_files_permission_required">XYZ123</string>
	<string name="external_storage_permission_notice">Tachiyomi 需要有在Android 11上的儲存空間存取權限才能下載漫畫，備份設定，開啟本機漫畫。 \n \n請在下一個畫面開啟\"允許存取儲存空間\"</string>
	<string name="external_storage_download_notice">Tachiyomi 需要有儲存空間存取權限才能下載漫畫。請允許\"管理儲存空間\"</string>
	<string name="manga">漫畫</string>
	<string name="manhwa">漫畫</string>
	<string name="manhua">漫畫</string>
	<string name="comic">漫畫</string>
	<string name="webtoon">Webtoon 式</string>
	<string name="not_started">尚未開始</string>
	<string name="in_progress">進行中</string>
	<string name="read">已讀</string>
	<string name="title">標題</string>
	<string name="author">原作</string>
	<string name="artist">作畫</string>
	<string name="description">詳細資訊</string>
	<string name="move_x_to">移動%1$s到…</string>
	<string name="add_x_to">新增%1$s到…</string>
	<string name="ongoing">連載中</string>
	<string name="unknown">不明</string>
	<string name="unknown_status">連載狀態不明</string>
	<string name="licensed">已授權</string>
	<string name="completed">已完結</string>
	<string name="unlock_library">解鎖已存取書櫃</string>
	<string name="unlock">解鎖</string>
	<string name="lock_with_biometrics">生物特徵辨識鎖定</string>
	<string name="lock_when_idle">閒置時鎖定</string>
	<string name="chapters">章節</string>
	<string name="new_chapters">新章節</string>
	<string name="unread">未讀</string>
	<string name="last_read_chapter_">最後閱讀的章節%1$s</string>
	<string name="chapter_">第 %1$s 章</string>
	<string name="all_chapters_read">以下章節已讀</string>
	<string name="bookmarked">已加入書籤</string>
	<string name="not_bookmarked">未加入書籤</string>
	<string name="marked_as_read">標示為已讀</string>
	<string name="marked_as_unread">標示為未讀</string>
	<string name="removed_bookmark">移除書籤</string>
	<string name="chapters_removed">章節已刪除。</string>
	<string name="chapter_not_found">未找到章節</string>
	<string name="no_chapters_error">沒有章節</string>
	<string name="no_pages_found">沒有找到頁面</string>
	<string name="remove_all_downloads">移除所有下載檔案?</string>
	<string name="no_chapters_to_delete">XYZ123</string>
	<string name="by_source_order">依照來源排序</string>
	<string name="by_chapter_number">依照章節編號排序</string>
	<string name="by_update_date">依照上傳時間排序</string>
	<string name="scanlators">XYZ123</string>
	<string name="category">XYZ123</string>
	<string name="categories">分類</string>
	<string name="adding_category_to_queue">新增%1$s到佇列</string>
	<string name="_already_in_queue">%1$s已經在佇列</string>
	<string name="create_new_category">XYZ123</string>
	<string name="new_category">XYZ123</string>
	<string name="category_is_empty">XYZ123</string>
	<string name="show_categories_while_filtering">XYZ123</string>
	<string name="no_matches_for_filters_short">XYZ123</string>
	<string name="default_category">預設分類</string>
	<string name="first_category">XYZ123</string>
	<string name="categories_on_manual">XYZ123</string>
	<string name="categories_in_global_update">XYZ123</string>
	<string name="confirm_category_deletion">確定要刪除分類？</string>
	<string name="confirm_category_deletion_message">XYZ123</string>
	<string name="already_in_category">XYZ123</string>
	<string name="add_categories">新增分類</string>
	<string name="add_edit_categories">XYZ123</string>
	<string name="edit_categories">管理分類</string>
	<string name="manage_category">XYZ123</string>
	<string name="move_to_categories">移至分類</string>
	<string name="category_with_name_exists">已有名稱相同的分類！</string>
	<string name="category_cannot_be_blank">XYZ123</string>
	<string name="category_deleted">XYZ123</string>
	<string name="long_press_category">XYZ123</string>
	<string name="jump_to_category">XYZ123</string>
	<string name="update">更新</string>
	<string name="what_should_update">XYZ123</string>
	<string name="update_available">可用的更新</string>
	<string name="new_version_available">有可用的更新！</string>
	<string name="no_new_updates_available">沒有可用的更新</string>
	<string name="searching_for_updates">正在檢查更新…</string>
	<string name="release_page">XYZ123</string>
	<string name="could_not_install_update">無法安裝更新</string>
	<string name="update_completed">更新完成</string>
	<string name="library">書櫃</string>
	<string name="your_library">XYZ123</string>
	<string name="updating_library">正在更新書櫃</string>
	<string name="selected_">已選取：%1$d</string>
	<string name="local">本機</string>
	<string name="remove_from_library_question">從書櫃移除?</string>
	<string name="library_search_hint">搜尋標題，標籤，來源</string>
	<string name="library_is_empty_add_from_browse">尚未收藏任何作品，探索來源以挖掘你的愛書。</string>
	<string name="no_matches_for_filters">XYZ123</string>
	<string name="getting_started_guide">入門指南</string>
	<string name="show_all_categories">XYZ123</string>
	<string name="move_dynamic_to_bottom">XYZ123</string>
	<string name="show_number_of_items">XYZ123</string>
	<string name="when_grouping_by_sources_tags">XYZ123</string>
	<string name="always_show_current_category">XYZ123</string>
	<string name="category_hopper_long_press">XYZ123</string>
	<string name="expand_collapse_all_categories">XYZ123</string>
	<string name="open_random_series">XYZ123</string>
	<string name="expand_all_categories">XYZ123</string>
	<string name="collapse_all_categories">XYZ123</string>
	<string name="reorder_filters">XYZ123</string>
	<string name="_unread">%d 未讀</string>
	<string name="read_progress">XYZ123</string>
	<string name="series_type">XYZ123</string>
	<string name="series">XYZ123</string>
	<string name="group_library_by">XYZ123</string>
	<string name="tracking_status">XYZ123</string>
	<string name="ungrouped">XYZ123</string>
	<string name="sort_by">XYZ123</string>
	<string name="total_chapters">章節數</string>
	<string name="date_added">收藏日期</string>
	<string name="last_read">最近閱讀</string>
	<string name="date_fetched">XYZ123</string>
	<string name="last_updated">最後更新</string>
	<string name="latest_chapter">最新章節</string>
	<string name="drag_and_drop">拖曳</string>
	<string name="display_options">檢視選項</string>
	<string name="can_be_found_in_library_filters">XYZ123</string>
	<string name="list">清單</string>
	<string name="comfortable_grid">鬆散格狀</string>
	<string name="compact_grid">密集格狀</string>
	<string name="download_badge">已下載標記</string>
	<string name="hide_start_reading_button">XYZ123</string>
	<string name="badges">標記</string>
	<string name="uniform_grid_covers">XYZ123</string>
	<string name="show_outline_around_covers">XYZ123</string>
	<string name="grid_size">XYZ123</string>
	<string name="hide_unread_badges">隱藏未讀章節</string>
	<string name="show_unread_badges">顯示未讀章節</string>
	<string name="show_unread_count">顯示未讀數量</string>
	<string name="tap_library_to_show_filters">輕觸「書櫃」圖示即可顯示篩選器</string>
	<string name="display_as">XYZ123</string>
	<string name="hide_category_hopper">XYZ123</string>
	<string name="more_library_settings">詳細書櫃設定</string>
	<string name="shift_one_page_over">XYZ123</string>
	<string name="shift_double_pages">XYZ123</string>
	<string name="new_chapters_found">發現新章節</string>
	<string name="notification_size_warning">XYZ123</string>
	<plurals name="notification_update_failed">
		<item quantity="one">XYZ123</item>
		<item quantity="other">有 %1$d 項更新失敗</item>
	</plurals>
	<string name="channel_errors">XYZ123</string>
	<string name="library_update_frequency">書櫃更新頻率</string>
	<string name="library_update_order">書櫃更新順序</string>
	<string name="library_update_restriction">書櫃更新限制</string>
	<string name="library_update_restriction_summary">僅在符合條件時更新</string>
	<string name="only_update_ongoing">僅更新連載中的漫畫</string>
	<string name="sort_by_ignoring_articles">XYZ123</string>
	<string name="when_sorting_ignore_articles">XYZ123</string>
	<string name="categories_to_include_in_global_update">自動更新的分類</string>
	<string name="include_in_global_update">XYZ123</string>
	<string name="auto_refresh_covers">自動重新整理書封</string>
	<string name="auto_refresh_covers_summary">XYZ123</string>
	<string name="global_updates">XYZ123</string>
	<string name="display_buttons_bottom_reader">XYZ123</string>
	<string name="certain_buttons_can_be_found">XYZ123</string>
	<string name="search_suggestions">XYZ123</string>
	<string name="search_tips_show_periodically">XYZ123</string>
	<string name="recents">XYZ123</string>
	<string name="updates_and_history">XYZ123</string>
	<string name="updates">更新</string>
	<string name="newly_added">XYZ123</string>
	<string name="history">記錄</string>
	<string name="reset_chapter_history">XYZ123</string>
	<string name="recent_updates">新書上架</string>
	<string name="this_will_remove_the_read_date_question">這將會清除此章節的閱讀日期，確定嗎？</string>
	<string name="view_history">XYZ123</string>
	<string name="view_all_updates">XYZ123</string>
	<string name="search_recents">XYZ123</string>
	<string name="no_recent_read_updated_manga">XYZ123</string>
	<string name="no_recent_chapters">沒有新章節</string>
	<string name="no_recently_read_manga">沒有近期閱讀</string>
	<string name="grouped">XYZ123</string>
	<string name="reset_chapter_question">XYZ123</string>
	<string name="press_and_hold_to_also_reset">XYZ123</string>
	<string name="show_download_button">XYZ123</string>
	<string name="only_unread">XYZ123</string>
	<string name="only_downloaded">XYZ123</string>
	<string name="unread_or_downloaded">XYZ123</string>
	<string name="show_reset_history_button">XYZ123</string>
	<string name="show_read_chapters_all">XYZ123</string>
	<string name="show_title_first">XYZ123</string>
	<string name="a_while_ago">XYZ123</string>
	<string name="show_updated_time">XYZ123</string>
	<string name="group_chapters_together">XYZ123</string>
	<string name="uniform_covers">XYZ123</string>
	<string name="affects_library_grid">XYZ123</string>
	<string name="search_filters">篩選器</string>
	<string name="no_more_results">沒有更多結果</string>
	<string name="no_results_found">找不到結果</string>
	<string name="local_source">本機來源</string>
	<string name="other">其他</string>
	<string name="global_search">全域搜尋…</string>
	<string name="label_global_search">全域搜尋</string>
	<string name="latest">新上架</string>
	<string name="browse">探索</string>
	<string name="in_library">在書櫃中</string>
	<string name="search_extensions">XYZ123</string>
	<string name="all_sources">XYZ123</string>
	<string name="sources">來源</string>
	<string name="source_hidden">XYZ123</string>
	<string name="last_used">最近使用</string>
	<string name="local_source_help_guide">本機來源入門教學</string>
	<string name="check_site_in_web">在 WebView 中檢查網站</string>
	<string name="extensions">擴充套件</string>
	<string name="extension_updates">XYZ123</string>
	<string name="extension_updates_pending">XYZ123</string>
	<string name="extension_info">擴充套件資訊</string>
	<string name="filter_languages">XYZ123</string>
	<string name="obsolete">過舊</string>
	<string name="pending">等待中</string>
	<string name="installing">安裝中</string>
	<string name="installed">已安裝</string>
	<string name="trust">信任</string>
	<string name="untrusted">不信任</string>
	<string name="uninstall">解除安裝</string>
	<string name="untrusted_extension">不信任的擴充套件</string>
	<string name="untrusted_extension_message">這個擴充套件的憑證並不可靠，且尚未被啟用。 \n \n惡意的擴充套件可能存取任何儲存於 Tachiyomi 中的登錄憑證，或執行任意的程式碼。 \n \n信任這個憑證，即表示你願意承擔上述風險。</string>
	<string name="obsolete_extension_message">這個擴充套件已無法使用。</string>
	<string name="unofficial_extension_message">這個擴充套件不是由 Tachiyomi 所提供。</string>
	<string name="version_">版本：%1$s</string>
	<string name="language_">語言：%1$s</string>
	<string name="nsfw_short">18+</string>
	<string name="unofficial">非官方</string>
	<string name="extensions_miui_warning">XYZ123</string>
	<string name="may_contain_nsfw">可能包含未滿十八歲之人不宜觀賞的內容</string>
	<string name="app_info">XYZ123</string>
	<string name="could_not_install_extension">XYZ123</string>
	<string name="update_all">XYZ123</string>
	<string name="some_extensions_may_prompt">XYZ123</string>
	<string name="updating_extensions">XYZ123</string>
	<string name="extensions_updated">XYZ123</string>
	<plurals name="extension_updates_available">
		<item quantity="one">XYZ123</item>
		<item quantity="other">%d 個擴充套件可更新</item>
	</plurals>
	<string name="set_as_cover">設為書封</string>
	<string name="reader_settings">XYZ123</string>
	<string name="set_as_default_for_all">XYZ123</string>
	<string name="cover_updated">已更新書封</string>
	<string name="page_">第 %1$d 頁</string>
	<string name="next_chapter_not_found">找不到下一章</string>
	<string name="decode_image_error">無法解碼該圖片</string>
	<string name="use_image_as_cover">要將該圖片設為書封嗎？</string>
	<string name="reading_mode">XYZ123</string>
	<string name="changing_will_reset_reading_mode">XYZ123</string>
	<string name="finished_chapter">已閱畢：</string>
	<string name="current_chapter">當前章節:</string>
	<string name="next_title">接下來：</string>
	<string name="previous_title">上一章：</string>
	<string name="theres_no_next_chapter">以下空白</string>
	<string name="theres_no_previous_chapter">已達盡頭</string>
	<string name="loading_pages">正在載入頁面…</string>
	<string name="failed_to_load_pages_">第 %1$s 頁載入失敗</string>
	<string name="webtoon_style">XYZ123</string>
	<string name="next_page">下一頁</string>
	<string name="previous_page">上一頁</string>
	<string name="next_chapter">下一頁</string>
	<string name="previous_chapter">上一頁</string>
	<string name="set_first_page_as_cover">XYZ123</string>
	<string name="share_first_page">XYZ123</string>
	<string name="save_first_page">XYZ123</string>
	<string name="set_second_page_as_cover">XYZ123</string>
	<string name="share_second_page">XYZ123</string>
	<string name="save_second_page">XYZ123</string>
	<string name="share_combined_pages">XYZ123</string>
	<string name="save_combined_pages">XYZ123</string>
	<string name="fullscreen">全螢幕</string>
	<string name="animate_page_transitions">翻頁轉場動畫</string>
	<string name="enable_zoom_out">XYZ123</string>
	<string name="double_tap_anim_speed">輕觸兩下動畫速度</string>
	<string name="show_page_number">顯示頁碼</string>
	<string name="true_32bit_color">32 位元色彩</string>
	<string name="page_preload_amount">XYZ123</string>
	<string name="amount_of_pages_to_preload">XYZ123</string>
	<string name="reduces_banding_impacts_performance">減緩色調分離，但拖累效能</string>
	<string name="invert_double_pages">XYZ123</string>
	<string name="split_double_pages_portrait">XYZ123</string>
	<string name="crop_borders">邊緣裁剪</string>
	<string name="crop_borders_paged">XYZ123</string>
	<string name="crop_borders_webtoon">XYZ123</string>
	<string name="remove_crop">XYZ123</string>
	<string name="use_custom_brightness">自訂亮度</string>
	<string name="use_custom_color_filter">色彩濾鏡</string>
	<string name="color_filter_blend_mode">濾鏡融合機制</string>
	<string name="overlay">覆蓋</string>
	<string name="multiply">色彩增值</string>
	<string name="screen">濾色</string>
	<string name="dodge_lighten">減淡 / 變亮</string>
	<string name="burn_darken">加深 / 變暗</string>
	<string name="keep_screen_on">保持螢幕恆亮</string>
	<string name="skip_read_chapters">略過已讀的章節</string>
	<string name="skip_filtered_chapters">略過已篩選的章節</string>
	<string name="navigation">導覽</string>
	<string name="volume_keys">音量按鈕</string>
	<string name="invert_volume_keys">反轉音量按鈕</string>
	<string name="tapping">輕觸翻頁</string>
	<string name="background_color">背景顏色</string>
	<string name="white">白色</string>
	<string name="black">黑色</string>
	<string name="smart_by_page">XYZ123</string>
	<string name="smart_by_theme">XYZ123</string>
	<string name="default_reading_mode">預設閱讀模式</string>
	<string name="left_to_right_viewer">由左至右</string>
	<string name="right_to_left_viewer">由右至左</string>
	<string name="vertical_viewer">由上至下</string>
	<string name="continuous_vertical">垂直連貫</string>
	<string name="paged">單頁式</string>
	<string name="scale_type">縮放模式</string>
	<string name="nav_layout">輕觸翻頁模式</string>
	<string name="fit_screen">符合螢幕</string>
	<string name="stretch">延展</string>
	<string name="fit_width">符合頁寬</string>
	<string name="fit_height">符合頁高</string>
	<string name="original_size">原始大小</string>
	<string name="smart_fit">智慧型填充</string>
	<string name="zoom_start_position">縮放原點</string>
	<string name="split_double_pages">XYZ123</string>
	<string name="double_pages">XYZ123</string>
	<string name="single_page">XYZ123</string>
	<string name="switch_to_double">XYZ123</string>
	<string name="switch_to_single">XYZ123</string>
	<string name="portrait">直向</string>
	<string name="landscape">橫向</string>
	<string name="locked_portrait">XYZ123</string>
	<string name="locked_landscape">XYZ123</string>
	<string name="red_initial">R</string>
	<string name="green_initial">G</string>
	<string name="blue_initial">B</string>
	<string name="alpha_initial">A</string>
	<string name="smart_based_on_page">XYZ123</string>
	<string name="smart_based_on_page_and_theme">XYZ123</string>
	<string name="always_show_chapter_transition">永遠顯示章節間的隔頁</string>
	<string name="if_disabled_transition_will_skip">XYZ123</string>
	<string name="pref_webtoon_side_padding">頁緣留白</string>
	<string name="webtoon_side_padding_0">無</string>
	<string name="webtoon_side_padding_10">10\u0025</string>
	<string name="webtoon_side_padding_15">15\u0025</string>
	<string name="webtoon_side_padding_20">20\u0025</string>
	<string name="webtoon_side_padding_25">25\u0025</string>
	<string name="l_nav">L 式</string>
	<string name="kindlish_nav">Kindle 式</string>
	<string name="edge_nav">邊緣式</string>
	<string name="right_and_left_nav">左右式</string>
	<string name="invert_tapping">反轉輕觸方向</string>
	<string name="none">無</string>
	<string name="horizontally">XYZ123</string>
	<string name="vertically">XYZ123</string>
	<string name="both_axes">XYZ123</string>
	<string name="cutout_area_behavior">XYZ123</string>
	<string name="pad_cutout_areas">XYZ123</string>
	<string name="start_past_cutout">XYZ123</string>
	<string name="ignore_cutout_areas">XYZ123</string>
	<string name="cutout_behavior_only_applies">XYZ123</string>
	<string name="page_layout">XYZ123</string>
	<string name="automatic_can_still_switch">XYZ123</string>
	<string name="automatic_orientation">XYZ123</string>
	<string name="webtoon_cannot_change">XYZ123</string>
	<string name="actions">XYZ123</string>
	<string name="show_on_long_press">XYZ123</string>
	<string name="save_pages_separately">XYZ123</string>
	<string name="create_folders_by_manga_title">XYZ123</string>
	<plurals name="missing_chapters_warning">
		<item quantity="one">XYZ123</item>
		<item quantity="other">略過了 %d 章，也許是來源沒有這些章節，或其已被你的篩選規則排除</item>
	</plurals>
	<string name="start_reading">開始閱讀</string>
	<string name="start_reading_chapter_">開始閱讀第%1$s章</string>
	<string name="continue_reading_chapter_">繼續閱讀第%1$s章</string>
	<string name="continue_reading">繼續閱讀</string>
	<string name="chapters_">第 %1$s 章</string>
	<string name="added_to_library">已收藏至書櫃</string>
	<string name="add_to_library">加入書櫃</string>
	<string name="removed_from_library">已從書櫃中移除</string>
	<string name="_copied_to_clipboard">「%1$s」已複製至剪貼簿</string>
	<string name="source_not_installed_">來源未安裝：%1$s</string>
	<string name="no_description">XYZ123</string>
	<string name="mark_all_chapters_as_read">標記全部章節為已讀?</string>
	<string name="mark_all_chapters_as_unread">標記全部章節為未讀?</string>
	<string name="remove_from_library">移出書櫃</string>
	<string name="select_starting_chapter">選擇開始章節</string>
	<string name="select_ending_chapter">選擇結束章節</string>
	<string name="search_chapters">搜尋章節</string>
	<string name="next_unread_chapter">下一章未讀章節</string>
	<string name="next_5_unread">下載後五章</string>
	<string name="custom_range">下載自訂範圍</string>
	<string name="all_chapters">下載全部</string>
	<string name="all_unread_chapters">下載未讀</string>
	<string name="all_read_chapters">全部已讀</string>
	<string name="all_but_bookmarked_chapters">全部已加入書籤章節</string>
	<string name="show_all">XYZ123</string>
	<string name="show_bookmarked_chapters">顯示已加入書籤</string>
	<string name="show_downloaded_chapters">顯示已下載</string>
	<string name="show_unread_chapters">顯示未讀章節</string>
	<string name="show_read_chapters">顯示已讀章節</string>
	<string name="hide_chapter_titles">隱藏標題</string>
	<string name="sort_by_source_s_order">依來源排序</string>
	<string name="sort_by_chapter_number">依編號排序</string>
	<string name="newest_first">最新到最舊</string>
	<string name="oldest_first">最舊到最新</string>
	<string name="add_tag">XYZ123</string>
	<string name="clear_tags">XYZ123</string>
	<string name="reset_tags">XYZ123</string>
	<string name="reset_cover">XYZ123</string>
	<string name="failed_to_update_cover">書封更新失敗</string>
	<string name="must_be_in_library_to_edit">請先將漫畫收藏至書櫃再進行更新</string>
	<string name="remember_this_choice">XYZ123</string>
	<string name="source_not_installed">XYZ123</string>
	<string name="cover_saved">已儲存封面</string>
	<string name="error_saving_cover">儲存封面時發生錯誤</string>
	<string name="error_sharing_cover">分享封面時發生錯誤</string>
	<string name="custom_manga_info">自訂漫畫資訊</string>
	<string name="set_as_default">設定為預設</string>
	<string name="filter_groups">XYZ123</string>
	<string name="tracking">歷程</string>
	<string name="tracked">已紀錄歷程</string>
	<string name="not_tracked">XYZ123</string>
	<string name="services">服務</string>
	<string name="sync_chapters_after_reading">閱讀完後同步章節</string>
	<string name="track_when_adding_to_library">XYZ123</string>
	<string name="only_applies_silent_trackers">XYZ123</string>
	<string name="reading">閱讀中</string>
	<string name="currently_reading">閱讀中</string>
	<string name="dropped">不看了</string>
	<string name="on_hold">擱置中</string>
	<string name="plan_to_read">準備讀</string>
	<string name="want_to_read">想要看</string>
	<string name="paused">擱置中</string>
	<string name="rereading">重溫中</string>
	<string name="score">評分</string>
	<string name="status">狀態</string>
	<string name="started">創刊</string>
	<string name="type">類型</string>
	<string name="url_not_set_click_again">漫畫網址未設置，請點擊標題再選擇一次漫畫</string>
	<string name="refresh_tracking">更新閱讀歷程</string>
	<string name="add_tracking">新增閱讀歷程</string>
	<string name="select_an_entry">XYZ123</string>
	<string name="source_unsupported">未支援的來源</string>
	<string name="no_match_found">XYZ123</string>
	<string name="remove_tracking">XYZ123</string>
	<string name="remove_previous_tracker">XYZ123</string>
	<string name="started_reading_date">開始閱讀日期</string>
	<string name="finished_reading_date">閱讀完畢日期</string>
	<string name="myanimelist_relogin">請重新登入 MAL</string>
	<string name="use_suggested_date">XYZ123</string>
	<string name="select_sources">選擇來源</string>
	<string name="source_migration">來源遷移</string>
	<string name="migration">XYZ123</string>
	<string name="skip_pre_migration">XYZ123</string>
	<string name="select_a_source_then_item_to_migrate">XYZ123</string>
	<string name="data_to_include_in_migration">XYZ123</string>
	<string name="search_parameter_eg">XYZ123</string>
	<string name="include_extra_search_parameter">XYZ123</string>
	<string name="use_most_chapters">XYZ123</string>
	<string name="use_first_source">XYZ123</string>
	<string name="skip_this_step_next_time">XYZ123</string>
	<string name="to_show_again_setting_sources">XYZ123</string>
	<string name="migrating_to">XYZ123</string>
	<string name="dont_migrate">XYZ123</string>
	<string name="search_manually">XYZ123</string>
	<string name="migrate_now">XYZ123</string>
	<string name="copy_now">XYZ123</string>
	<string name="migrate">遷移</string>
	<string name="copy_value">副本</string>
	<string name="no_chapters_found_for_migration">XYZ123</string>
	<string name="no_alternatives_found">XYZ123</string>
	<string name="stop_migrating">XYZ123</string>
	<string name="settings">設定</string>
	<string name="general">一般</string>
	<string name="reader">閱讀</string>
	<string name="appearance">XYZ123</string>
	<string name="advanced">進階</string>
	<string name="about">關於</string>
	<string name="help">說明</string>
	<string name="search_settings">搜尋設定</string>
	<string name="incognito_mode">XYZ123</string>
	<string name="pauses_reading_history">XYZ123</string>
	<string name="app_theme">佈景主題</string>
	<string name="light_theme">XYZ123</string>
	<string name="dark_theme">XYZ123</string>
	<string name="light_blue">淺藍</string>
	<string name="dark">深色</string>
	<string name="amoled_black">全黑</string>
	<string name="dark_blue">深藍</string>
	<string name="midnight_dusk">XYZ123</string>
	<string name="spring_blossom">XYZ123</string>
	<string name="strawberry_daiquiri">XYZ123</string>
	<string name="a_brighter_you">XYZ123</string>
	<string name="a_calmer_you">XYZ123</string>
	<string name="yotsuba">XYZ123</string>
	<string name="tako">XYZ123</string>
	<string name="yin">XYZ123</string>
	<string name="yang">XYZ123</string>
	<string name="chocolate_strawberries">XYZ123</string>
	<string name="teal_ocean">XYZ123</string>
	<string name="sapphire_dusk">XYZ123</string>
	<string name="hot_pink">XYZ123</string>
	<string name="flat_lime">XYZ123</string>
	<string name="white_theme">XYZ123</string>
	<string name="locale">在地化</string>
	<string name="last_used_library_recents">XYZ123</string>
	<string name="system_default">系統預設</string>
	<string name="date_format">日期格式</string>
	<string name="check_for_updates">檢查更新</string>
	<string name="updated_to_">已更新至 v%1$s</string>
	<string name="secure_screen">防窺畫面</string>
	<string name="hide_bottom_nav">XYZ123</string>
	<string name="side_nav_icon_alignment">XYZ123</string>
	<string name="use_side_navigation">XYZ123</string>
	<string name="default_behavior">XYZ123</string>
	<string name="by_default_side_nav_info">XYZ123</string>
	<string name="follow_system_theme">XYZ123</string>
	<string name="pure_black_dark_mode">XYZ123</string>
	<string name="details_page">XYZ123</string>
	<string name="theme_buttons_based_on_cover">XYZ123</string>
	<string name="hides_on_scroll">XYZ123</string>
	<string name="hide_app_block_screenshots">在切換應用程式時隱藏預覽，並禁止擷取螢幕畫面</string>
	<string name="hide_notification_content">隱藏通知內容</string>
	<string name="security">隱私</string>
	<string name="starting_screen">XYZ123</string>
	<string name="back_to_start">XYZ123</string>
	<string name="pressing_back_to_start">XYZ123</string>
	<string name="auto_updates">XYZ123</string>
	<string name="auto_update_app">XYZ123</string>
	<string name="over_wifi_only">XYZ123</string>
	<string name="over_any_network">XYZ123</string>
	<string name="dont_auto_update">XYZ123</string>
	<string name="app_shortcuts">XYZ123</string>
	<string name="show_recent_sources">XYZ123</string>
	<string name="show_recent_series">XYZ123</string>
	<string name="includes_recently_read_updated_added">XYZ123</string>
	<string name="series_opens_new_chapters">XYZ123</string>
	<string name="no_new_chapters_open_details">XYZ123</string>
	<string name="backup">備份</string>
	<string name="backup_and_restore">備份與還原</string>
	<string name="create_backup">建立備份</string>
	<string name="can_be_used_to_restore">可用來保存目前書櫃內容</string>
	<string name="restore_backup">還原備份</string>
	<string name="restore_from_backup_file">由備份檔案還原書櫃內容</string>
	<string name="restore_in_progress">還原已在進行</string>
	<string name="backup_in_progress">備份已在進行</string>
	<string name="backup_location">備份位置</string>
	<string name="automatic_backups">自動備份</string>
	<string name="backup_frequency">備份頻率</string>
	<string name="max_auto_backups">最大備份保留數</string>
	<string name="invalid_backup_file">無效的備份檔</string>
	<string name="invalid_backup_file_type">無效的備份檔格式：%1$s \n副檔名應為 .proto.gz 或 .json</string>
	<string name="file_is_missing_data">檔案遺失資料</string>
	<string name="backup_has_no_manga">備份檔並未包含任何漫畫</string>
	<string name="backup_failed">備份失敗</string>
	<string name="backup_created">已建立備份</string>
	<string name="restore_completed">還原成功</string>
	<string name="restore_error">XYZ123</string>
	<string name="restore_missing_sources">遺失來源：</string>
	<string name="restore_missing_trackers">尚未登入至歷程平台：</string>
	<string name="restore_content">還原時需連線至來源以取得資料，可能要支付數據傳輸費用。 \n \n在進行還原前，請確認你已安裝所需的擴充套件，並已登入至歷程平台及要求身分認證的來源。</string>
	<string name="restore_content_full">XYZ123</string>
	<string name="restoring_backup_canceled">已取消還原</string>
	<string name="creating_backup">正在建立備份</string>
	<string name="what_should_backup">哪些項目需要備份？</string>
	<string name="restoring_backup">正在還原</string>
	<string name="restore_duration">%02d 分 %02d 秒</string>
	<string name="restore_miui_warning">XYZ123</string>
	<string name="progress">進度</string>
	<string name="complete">作業完成</string>
	<string name="clear_chapter_cache">清除章節快取</string>
	<string name="force_download_cache_refresh">XYZ123</string>
	<string name="force_download_cache_refresh_summary">XYZ123</string>
	<string name="data_management">XYZ123</string>
	<string name="crash_logs">當機記錄</string>
	<string name="dump_crash_logs">傾印當機記錄</string>
	<string name="saves_error_logs">產生錯誤記錄檔以便分享予開發人員</string>
	<string name="about_dont_kill_my_app">部分裝置製造商設有額外的應用程式限制來終止背景服務。此網站提供了修復這項問題的詳細資訊。</string>
	<string name="crash_log_saved">已產生當機記錄</string>
	<string name="network">網路</string>
	<string name="doh">DNS over HTTPS</string>
	<string name="disabled">XYZ123</string>
	<string name="requires_app_restart">需要重新啟動應用程式以套用</string>
	<string name="used_">已使用：%1$s</string>
	<string name="cache_delete_error">清除快取時發生錯誤</string>
	<string name="clear_cookies">清除 Cookies</string>
	<string name="cookies_cleared">已清除 Cookies</string>
	<string name="clear_database">清除資料庫</string>
	<string name="clear_database_summary">將未收藏於書櫃中的漫畫的記錄刪除</string>
	<string name="clear_database_confirmation">不在書櫃中的漫畫閱讀進度將被清除，你確定嗎？</string>
	<string name="clear_database_completed">已刪除項目</string>
	<string name="refresh_library_metadata">重新整理書櫃資料</string>
	<string name="updates_covers_genres_desc">更新書封、類型、描述和連載狀態等漫畫簡介</string>
	<string name="refresh_tracking_metadata">更新閱讀歷程</string>
	<string name="updates_tracking_details">與歷程平台同步處理閱讀狀態、評分以及進度</string>
	<string name="clean_up_downloaded_chapters">XYZ123</string>
	<string name="delete_unused_chapters">XYZ123</string>
	<string name="clean_orphaned_downloads">XYZ123</string>
	<string name="clean_read_downloads">XYZ123</string>
	<string name="clean_read_manga_not_in_library">XYZ123</string>
	<string name="starting_cleanup">XYZ123</string>
	<string name="no_folders_to_cleanup">XYZ123</string>
	<string name="disable_battery_optimization">停用電池效能最佳化</string>
	<string name="disable_if_issues_with_updating">XYZ123</string>
	<string name="battery_optimization_disabled">已停用電池效能最佳化</string>
	<string name="clean_up_cached_covers">XYZ123</string>
	<string name="clear_cached_covers_non_library">XYZ123</string>
	<string name="pref_global_search">全域搜尋</string>
	<string name="check_for_extension_updates">自動檢查擴充套件更新</string>
	<string name="auto_update_extensions">XYZ123</string>
	<string name="notify_extension_updated">XYZ123</string>
	<string name="some_extensions_may_not_update">XYZ123</string>
	<string name="only_search_pinned_when">XYZ123</string>
	<string name="match_pinned_sources">XYZ123</string>
	<string name="match_enabled_sources">XYZ123</string>
	<string name="only_enable_pinned_for_migration">XYZ123</string>
	<string name="only_enable_enabled_for_migration">XYZ123</string>
	<string name="use_last_saved_migration_preferences">XYZ123</string>
	<string name="migration_sources_changed">XYZ123</string>
	<string name="you_can_migrate_in_library">XYZ123</string>
	<string name="source_migration_guide">來源遷移說明</string>
	<string name="nsfw_sources">未滿十八歲之人不宜瀏覽的來源</string>
	<string name="show_in_sources_and_extensions">XYZ123</string>
	<string name="does_not_prevent_unofficial_nsfw">即使啟用監護限制，還是可能有漏網之魚。使用者仍可藉由非官方或未正確標幟的擴充套件在本應用程式中瀏覽未滿十八歲之人不宜觀賞的內容。</string>
	<string name="version">版本</string>
	<string name="build_time">組建時間</string>
	<string name="send_crash_report">傳送錯誤報告</string>
	<string name="helps_fix_bugs">協助我們修復錯誤，傳送的資料將不包含個人敏感訊息</string>
	<string name="whats_new">更新日誌</string>
	<string name="whats_new_this_release">XYZ123</string>
	<string name="help_translate">協助翻譯</string>
	<string name="helpful_translation_links">XYZ123</string>
	<string name="website">網站</string>
	<string name="open_source_licenses">開放原始碼授權</string>
	<string name="log_in_to_">登入 %1$s</string>
	<string name="username">使用者名稱</string>
	<string name="email">電子郵件地址</string>
	<string name="password">密碼</string>
	<string name="log_in">XYZ123</string>
	<string name="log_out">XYZ123</string>
	<string name="successfully_logged_in">登入成功</string>
	<string name="username_must_not_be_blank">XYZ123</string>
	<string name="successfully_logged_out">你已登出</string>
	<string name="downloads">下載</string>
	<string name="download_queue">下載佇列</string>
	<string name="cancel_all">全部取消</string>
	<string name="cancel_all_for_series">取消此叢書</string>
	<string name="downloaded">已下載</string>
	<string name="not_downloaded">XYZ123</string>
	<string name="downloading">下載中</string>
	<string name="download">下載</string>
	<string name="start_downloading_now">XYZ123</string>
	<string name="remove_download">XYZ123</string>
	<string name="remove_downloads">XYZ123</string>
	<string name="downloading_progress">正在下載 (%1$d/%2$d)</string>
	<string name="invalid_download_location">無效的下載位置</string>
	<string name="download_paused">下載已暫停</string>
	<string name="nothing_is_downloading">XYZ123</string>
	<string name="download_complete">下載完成</string>
	<string name="download_error">下載失敗</string>
	<string name="manage_whats_downloading">XYZ123</string>
	<string name="visit_recents_for_download_queue">XYZ123</string>
	<string name="couldnt_download_low_space">XYZ123</string>
	<string name="could_not_download_unexpected_error">下載時發生不可預期的錯誤</string>
	<string name="no_wifi_connection">沒有可用的 Wi-Fi 連線</string>
	<string name="no_network_connection">尚未連接至網路</string>
	<string name="download_location">下載位置</string>
	<string name="only_download_over_wifi">僅透過 Wi-Fi 下載</string>
	<string name="remove_when_marked_as_read">刪除標示為已讀的章節</string>
	<string name="remove_after_read">閱畢後刪除</string>
	<string name="custom_location">自訂位置</string>
	<string name="last_read_chapter">最後閱讀的章節</string>
	<string name="second_to_last">倒數第二章</string>
	<string name="third_to_last">倒數第三章</string>
	<string name="fourth_to_last">倒數第四章</string>
	<string name="fifth_to_last">倒數第五章</string>
	<string name="download_new_chapters">自動下載新章節</string>
	<string name="categories_to_include_in_download">欲啟用自動下載的分類</string>
	<string name="delete_removed_chapters">XYZ123</string>
	<string name="delete_downloaded_if_removed_online">XYZ123</string>
	<string name="ask_on_chapters_page">XYZ123</string>
	<string name="always_keep">XYZ123</string>
	<string name="always_delete">XYZ123</string>
	<string name="automatic_removal">XYZ123</string>
	<string name="manual">手動</string>
	<string name="hourly">每小時</string>
	<string name="every_2_hours">每 2 小時</string>
	<string name="every_3_hours">每 3 小時</string>
	<string name="every_6_hours">每 6 小時</string>
	<string name="every_12_hours">每 12 小時</string>
	<string name="daily">每日</string>
	<string name="every_2_days">每 2 日</string>
	<string name="weekly">每週</string>
	<string name="select_cover_image">選擇書封圖片</string>
	<string name="select_backup_file">選擇備份檔案</string>
	<string name="file_picker_error">找不到檔案選擇器</string>
	<string name="failed_to_bypass_cloudflare">無法繞過 Cloudflare</string>
	<string name="please_update_webview">請更新 WebView 以獲得更佳的相容性</string>
	<string name="webview_is_required">XYZ123</string>
	<string name="add">新增</string>
	<string name="all">全部</string>
	<string name="alphabetically">名稱</string>
	<string name="always">立即</string>
	<string name="always_ask">總是詢問</string>
	<string name="automatic">自動</string>
	<string name="back">上一頁</string>
	<string name="beta">XYZ123</string>
	<string name="bottom">XYZ123</string>
	<string name="cancel">取消</string>
	<string name="center">中間</string>
	<string name="change">XYZ123</string>
	<string name="charging">充電時</string>
	<string name="clear">清除</string>
	<string name="clear_filters">XYZ123</string>
	<string name="close">關閉</string>
	<string name="common">一般</string>
	<string name="cover_of_image">漫畫封面</string>
	<string name="create">建立</string>
	<string name="default_value">預設</string>
	<string name="delete">刪除</string>
	<string name="display">檢視</string>
	<string name="download_unread">XYZ123</string>
	<string name="drag_handle">XYZ123</string>
	<string name="edit">編輯</string>
	<string name="enable">XYZ123</string>
	<string name="enabled">XYZ123</string>
	<string name="fast">快速</string>
	<string name="filter">篩選</string>
	<string name="forward">下一頁</string>
	<string name="free">自動</string>
	<string name="hide">XYZ123</string>
	<string name="ignore">忽略</string>
	<string name="install">安裝</string>
	<string name="keep">XYZ123</string>
	<string name="left">左邊</string>
	<string name="less">較少</string>
	<string name="loading">正在載入…</string>
	<string name="lock">鎖定</string>
	<string name="mark_all_as_read">XYZ123</string>
	<string name="mark_all_as_unread">XYZ123</string>
	<string name="mark_as_read">標示為已讀</string>
	<string name="mark_as_unread">標示為未讀</string>
	<string name="mark_range_as_read">XYZ123</string>
	<string name="mark_range_as_unread">XYZ123</string>
	<string name="mark_previous_as_read">標示過往章節為已讀</string>
	<string name="mark_previous_as_unread">XYZ123</string>
	<string name="menu">XYZ123</string>
	<string name="more">其他</string>
	<string name="move_to_bottom">排至最後</string>
	<string name="move_to_top">排至最前</string>
	<string name="name">XYZ123</string>
	<string name="recently_updated">XYZ123</string>
	<string name="recently_installed">XYZ123</string>
	<string name="language">語言</string>
	<string name="never">永不</string>
	<string name="newest">由新到舊</string>
	<string name="next">XYZ123</string>
	<string name="no_animation">停用動畫</string>
	<string name="normal">正常</string>
	<string name="oldest">由舊到新</string>
	<string name="open_in_browser">在瀏覽器中開啟</string>
	<string name="open_log">檢視記錄檔</string>
	<string name="open_in_webview">在 WebView 中開啟</string>
	<string name="options">選項</string>
	<string name="pause">暫停</string>
	<string name="picture_saved">圖片已儲存</string>
	<string name="pin">釘選</string>
	<string name="pinned">已釘選</string>
	<string name="preview">XYZ123</string>
	<string name="previous">XYZ123</string>
	<string name="remove">移除</string>
	<string name="reorder">重新排序</string>
	<string name="reset">重設</string>
	<string name="restore">還原</string>
	<string name="resume">繼續閱讀</string>
	<string name="retry">重試</string>
	<string name="right">右邊</string>
	<string name="rotation">螢幕方向</string>
	<string name="default_orientation">XYZ123</string>
	<string name="orientation">XYZ123</string>
	<string name="save">儲存</string>
	<string name="search">搜尋</string>
	<string name="select_all">全選</string>
	<string name="select_none">XYZ123</string>
	<string name="selection">XYZ123</string>
	<string name="share">分享</string>
	<string name="sort">排序</string>
	<string name="sort_and_filter">XYZ123</string>
	<string name="start">開始</string>
	<string name="stop">停止</string>
	<string name="tag">XYZ123</string>
	<string name="top">XYZ123</string>
	<string name="undo">復原</string>
	<string name="unknown_error">不明的錯誤</string>
	<string name="unpin">取消釘選</string>
	<string name="use_default">XYZ123</string>
	<string name="view_all_errors">XYZ123</string>
	<string name="view_chapters">檢視章節</string>
	<string name="warning">XYZ123</string>
	<string name="wifi">僅限 Wi-Fi</string>
</resources>
