{
	"sourceLang": "en",
	"targetLang": "ru",
	"translationProvider": "Grandfather",
	"jobGuid": "xxx1xxx",
	"status": "done",
	"tus": [
		{
			"guid": "wUtgDUDVeLsT_x9VEGH_peG9Ujs3DvX1H3cvHtxgcjw",
			"ntgt": [
				"Добро пожаловать в React и react-i18next"
			],
			"ts": 1,
			"q": 70
		},
		{
			"guid": "cghma_NsjtZInytTsem0CwlHb1dS2hT2uQGVfDLNkaI",
			"ntgt": [
				"Что би начать, отредактируйте ",
				{
					"t": "bx",
					"v": "<a>"
				},
				"src/App.js",
				{
					"t": "ex",
					"v": "</a>"
				},
				" и сохраните, что бы обновилось."
			],
			"ts": 1,
			"q": 70
		},
		{
			"guid": "B2tOpN7eXoM6vDTFJdnZEO-5fTC49LtcVxOOxviW7z8",
			"ntgt": [
				"Переключайте языки между английским, немецким и русским чуть выше."
			],
			"ts": 1,
			"q": 70
		},
		{
			"guid": "mVpp2sfDV8h1yTpK3YpunsGCCyrOtgRsoijdn0rbpfo",
			"ntgt": [
				"Добро пожаловать, ",
				{
					"t": "x",
					"v": "{{name}}"
				},
				"!"
			],
			"ts": 1,
			"q": 70
		},
		{
			"guid": "RLKDBvHhlr-qK3r-qduFToaGzxrPq1lCG1NlVq7u80s",
			"ntgt": [
				"Добро пожаловать, ",
				{
					"t": "bx",
					"v": "<a>"
				},
				{
					"t": "x",
					"v": "{{name}}"
				},
				{
					"t": "ex",
					"v": "</a>"
				},
				"!"
			],
			"ts": 1,
			"q": 70
		}
	],
	"updatedAt": "2022-05-29T00:00:00.000Z"
}