{
	"sourceLang": "en",
	"targetLang": "zh-Hans",
	"jobGuid": "tmexport_en_zh-Hans",
	"updatedAt": "2022-05-30T00:00:00.000Z",
	"status": "done",
	"tus": [
		{
			"guid": "Mi8CGeTkNxfnO-OshrNPE4_FrkVbQajzADA09g5O2Zk",
			"ntgt": [
				"冬天就",
				{
					"t": "bx",
					"v": "<b>",
					"v1": "a_bx_b"
				},
				"要来了",
				{
					"t": "ex",
					"v": "</b>",
					"v1": "b_ex_b"
				}
			],
			"ts": 1,
			"q": 70,
			"jobGuid": "xxx0xxx",
			"translationProvider": "Grandfather"
		},
		{
			"guid": "Kexjq-2WakTgEVK2nZbiSlWPNJ_dQ1_Cll0vWPnNzVg",
			"ntgt": [
				"房子: ",
				{
					"t": "x",
					"v": "%1$s",
					"v1": "a_x_1"
				},
				" 座右铭: ",
				{
					"t": "x",
					"v": "%2$s",
					"v1": "b_x_2"
				}
			],
			"ts": 1,
			"q": 70,
			"jobGuid": "xxx0xxx",
			"translationProvider": "Grandfather"
		},
		{
			"guid": "DZAA56iaQf0fJvMG8fv3FgBCiGkUGweBDBEJunOp5zw",
			"ntgt": [
				"I know 100%%"
			],
			"ts": 1,
			"q": 70,
			"jobGuid": "xxx0xxx",
			"translationProvider": "Grandfather"
		},
		{
			"guid": "oRdDrqs0lf4rPJdRA5ut9PI_ix2KZmBaqiDiyAnT9XU",
			"ntgt": [
				"Translation-Frozen: ",
				{
					"t": "bx",
					"v": "<strike>",
					"v1": "a_bx_strike"
				},
				{
					"t": "x",
					"v": "%1$s",
					"v1": "b_x_1"
				},
				{
					"t": "ex",
					"v": "</strike>",
					"v1": "c_ex_strike"
				}
			],
			"ts": 1,
			"q": 70,
			"jobGuid": "xxx0xxx",
			"translationProvider": "Grandfather"
		},
		{
			"guid": "GxywI1j2v6A2Bq8oomjIkF6I2KphYzxSgKDNxWCHbJM",
			"ntgt": [
				"Translation-The translation has a nbsp, source doesn't"
			],
			"ts": 1,
			"q": 70,
			"jobGuid": "xxx0xxx",
			"translationProvider": "Grandfather"
		}
	],
	"translationProvider": "TMExport"
}