{
	"sourceLang": "en",
	"targetLang": "zh-Hans",
	"jobGuid": "tmexport_en_zh-Hans",
	"updatedAt": "2022-05-30T00:00:00.000Z",
	"status": "created",
	"tus": [
		{
			"sid": "winter",
			"guid": "Mi8CGeTkNxfnO-OshrNPE4_FrkVbQajzADA09g5O2Zk",
			"nsrc": [
				"Winter is ",
				{
					"t": "bx",
					"v": "<b>"
				},
				"coming",
				{
					"t": "ex",
					"v": "</b>"
				}
			],
			"rid": "app/src/main/res/values/strings.xml"
		},
		{
			"sid": "house",
			"guid": "Kexjq-2WakTgEVK2nZbiSlWPNJ_dQ1_Cll0vWPnNzVg",
			"nsrc": [
				"house: ",
				{
					"t": "x",
					"v": "%1$s"
				},
				" motto: ",
				{
					"t": "x",
					"v": "%2$s"
				}
			],
			"rid": "app/src/main/res/values/strings.xml"
		}
	]
}