{
	"en": {
		"ja": {
			"po": {
				"default": [
					{
						"minQ": 0,
						"q": 70,
						"res": 1,
						"seg": 6905,
						"words": 39784,
						"chars": 259764
					},
					{
						"minQ": 0,
						"q": 61,
						"res": 1,
						"seg": 7,
						"words": 30,
						"chars": 288
					},
					{
						"minQ": 0,
						"q": 2,
						"res": 1,
						"seg": 45,
						"words": 277,
						"chars": 1818
					}
				]
			}
		}
	}
}