{
	"sourceLang": "en",
	"targetLang": "piggy",
	"translationProvider": "PigLatinizer",
	"jobGuid": "xxx1xxx",
	"status": "done",
	"tus": [
		{
			"guid": "HwgvL0cEhi63k9J4qJl1XI5jV8qU_tvfP1JOe6Q2nCw",
			"ts": 1,
			"ntgt": [
				"[",
				"Includesyay ",
				{
					"t": "x",
					"v": "%s",
					"s": "$50"
				},
				" omfray Alletway",
				"-piggy]"
			],
			"q": 1
		},
		{
			"guid": "Ew2fYzyDfQwjtnekNw-fMGCxB0JGKMq2C19H9E50Mm0",
			"ts": 1,
			"ntgt": [
				"[",
				"Ifyay icespray ogay ownday, ouyay aypay ethay owerlay icepray. Ifyay icespray increaseyay, Opperhay overscay upyay otay ",
				{
					"t": "x",
					"v": "%1$s",
					"s": "$300"
				},
				".",
				"-piggy]"
			],
			"q": 1
		},
		{
			"guid": "dOknHLDILZNhXxHYaG0eYVnVV1S-E76-Oda3vQm8F9g",
			"ts": 1,
			"ntgt": [
				"[",
				"Ouyay ancay avesay upyay otay ",
				{
					"t": "x",
					"v": "%1$s",
					"s": "$300"
				},
				" enwhay ouyay omecay ackbay otay ookbay. Ifyay ethay icepray opsdray, ouyay aypay ethay owerlay icepray.",
				"-piggy]"
			],
			"q": 1
		},
		{
			"guid": "TBomaX-yNmx1U6mUgi-uPb6uzM5GI_z5LSFna60WCfA",
			"ts": 1,
			"ntgt": [
				"[",
				{
					"t": "x",
					"v": "%1$d",
					"s": "1"
				},
				" oomray • ",
				{
					"t": "x",
					"v": "%2$s",
					"s": "2 Adults"
				},
				"-piggy]"
			],
			"q": 1
		},
		{
			"guid": "_nIZEEilZbiPz1PGL9hJgNBmpEy7oySaeyy2Y08PWNA",
			"ts": 1,
			"ntgt": [
				"[",
				{
					"t": "x",
					"v": "%1$d",
					"s": "1"
				},
				" oomsray • ",
				{
					"t": "x",
					"v": "%2$s",
					"s": "2 Adults"
				},
				"-piggy]"
			],
			"q": 1
		}
	],
	"updatedAt": "2022-05-29T00:00:00.000Z"
}