{
	"v": 1,
	"sourceLang": "en",
	"targetLang": "zh-Hans",
	"blocks": {
		"xxx7xxx": {
			"blockName": "blocks/sl=en/tl=zh-Hans/tp=XliffBridge/block_xxx7xxx.jsonl",
			"modified": "TS1",
			"jobs": [
				[
					"xxx5xxx",
					"2022-05-29T00:00:00.000Z"
				]
			]
		}
	}
}