{
	"v": 1,
	"sourceLang": "en",
	"targetLang": "en-GB",
	"blocks": {
		"xxx3xxx": {
			"blockName": "blocks/sl=en/tl=en-GB/tp=BritishTranslator/block_xxx3xxx.jsonl",
			"modified": "TS1",
			"jobs": [
				[
					"xxx3xxx",
					"2022-05-29T00:00:00.000Z"
				]
			]
		}
	}
}