{
	"v": 1,
	"sourceLang": "en",
	"targetLang": "zh-Hant",
	"blocks": {
		"xxx1xxx": {
			"blockName": "blocks/sl=en/tl=zh-Hant/tp=Grandfather/block_xxx1xxx.jsonl",
			"modified": "TS1",
			"jobs": [
				[
					"xxx1xxx",
					"2022-05-29T00:00:00.000Z"
				]
			]
		},
		"xxx5xxx": {
			"blockName": "blocks/sl=en/tl=zh-Hant/tp=XliffBridge/block_xxx5xxx.jsonl",
			"modified": "TS1",
			"jobs": [
				[
					"xxx5xxx",
					"2022-05-29T00:00:00.000Z"
				]
			]
		}
	}
}