<?xml version="1.0" encoding="utf-8"?>
<resources>
    <string name="winter"><![CDATA[Winter is <b>coming</b>]]></string>
    <string name="house">house: %1$s motto: %2$s</string>
</resources>
