{
	"sourceLang": "en",
	"targetLang": "it",
	"tus": [
		{
			"rid": "en/mrmrs.html",
			"sid": "EFIlSDNZ1_Lp3YLOZIoLxRgv0ZdYssL5VDhn9c8QTgs",
			"nsrc": [
				"HTML Patterns"
			],
			"guid": "7Zu7CxuYzs5ZR0W1CgMZ3Y60_TzEYEhb42mXanyeHXI"
		},
		{
			"rid": "en/mrmrs.html",
			"sid": "ByOdvSoaHdeTvpBiogXra-iMNq8_5-TWQmrqRaolOBU",
			"nsrc": [
				"HTML"
			],
			"guid": "LjDrR5b5nHk64-qjOasBlp2I8RDRPnU7O2JQcZ_hoxY"
		},
		{
			"rid": "en/mrmrs.html",
			"sid": "lGbCKT1vDLvoXjaL7KJVLSP20NkZQUSRUSeEp8NeoTc",
			"nsrc": [
				"Site title"
			],
			"guid": "LZ7oZfH9c9Th-bJLS_z3nFjp6JO4ZZZ-aOI0bcQAq5w"
		},
		{
			"rid": "en/mrmrs.html",
			"sid": "u_GhZwkVDfEyuYbO_j8ipApCxlDtWQ67hmEhb7AOjwI",
			"nsrc": [
				{
					"t": "bx",
					"v": "<a href=\"#\" title=\"Home\">"
				},
				"Home",
				{
					"t": "ex",
					"v": "</a>"
				}
			],
			"guid": "kSISVxd-A8cFnlN_ShhjPojxAm1zr7DWhuHP9Y-tWBA"
		},
		{
			"rid": "en/mrmrs.html",
			"sid": "0KQ2IjpDx2RJPNEGPdpNDYD1rGw1yeL_Pq_tzVMeq08",
			"nsrc": [
				{
					"t": "bx",
					"v": "<a href=\"#\" title=\"About\">"
				},
				"About",
				{
					"t": "ex",
					"v": "</a>"
				}
			],
			"guid": "Yap997wEEsIyvcjBXwkfDwV6OMNlFrDZQRma-EKlJis"
		},
		{
			"rid": "en/mrmrs.html",
			"sid": "2p6QSlmbQoCpIeEOwEordHMWuHOyLOVKTdIIW4B0jYM",
			"nsrc": [
				{
					"t": "bx",
					"v": "<a href=\"#\" title=\"Sign Up\">"
				},
				"Sign Up",
				{
					"t": "ex",
					"v": "</a>"
				}
			],
			"guid": "53EOx6hhx30ZfMcHlUlZqoagnkTSjJAMEfMXXnq0U7Q"
		},
		{
			"rid": "en/mrmrs.html",
			"sid": "ps38699kHhuqke6lyBZ7Cy0uWxo_ZS2sxtNxoVYStRs",
			"nsrc": [
				{
					"t": "bx",
					"v": "<a href=\"#\" title=\"Contact\">"
				},
				"Contact",
				{
					"t": "ex",
					"v": "</a>"
				}
			],
			"guid": "ACSOaEr33qAxlLjVOSqJXiTOvytg_yKJsU9RvLpA81w"
		},
		{
			"rid": "en/mrmrs.html",
			"sid": "98Uc5lfKFoXpQSFEBlCrOPYuqoKfyMB5bBv3rZZaqKk",
			"nsrc": [
				{
					"t": "bx",
					"v": "<a href=\"#\" title=\"Careers\">"
				},
				"Careers",
				{
					"t": "ex",
					"v": "</a>"
				}
			],
			"guid": "coxExN8zoB7YZooahTk8eeV3tmNziNZEMAd81rCYu8o"
		},
		{
			"rid": "en/mrmrs.html",
			"sid": "ftM6b5uN6W5tVCH0RdBpCyxPjWPlLXYeObo--0--q0o",
			"nsrc": [
				"Headings & Copy"
			],
			"guid": "SOxT5faplVXI4GGokCOPqgIQ1ZUnf5ypouTCjSr14aM"
		},
		{
			"rid": "en/mrmrs.html",
			"sid": "AIqhPt2LkP4YygqSBbpR9mAFxPubPw1l25gCwlih55E",
			"nsrc": [
				"First Header h1"
			],
			"guid": "SEQc8QE_rTYPGRu3nHP4sJCfYoYCvNX_KkI6_YOu3oo"
		},
		{
			"rid": "en/mrmrs.html",
			"sid": "KbIMJTcJYKe0ijDMEw4_8hJ3WXD7npj6kiGqOWwrgvc",
			"nsrc": [
				"At vero eos et accusamus et iusto odio dignissimos ducimus qui blanditiis\n        praesentium voluptatum deleniti atque corrupti quos."
			],
			"guid": "11yPtt1t4_DADcX9X7sPiyxemTUY-oMJPmGI18oaH6U"
		},
		{
			"rid": "en/mrmrs.html",
			"sid": "coBtvdn_OQLwjwPR2yUat5e1gSACw4vz2W3WqM9-UeY",
			"nsrc": [
				"Second header h2"
			],
			"guid": "3wdLhbAMOn_6qB0SZZ6TjaIoqDHkGVCV3X5OPwdt_yo"
		},
		{
			"rid": "en/mrmrs.html",
			"sid": "VY0O8Gbz3R5nXRzD-CWZH0o_TPa6TceXvXt8_1dCJ5E",
			"nsrc": [
				"Lorem ipsum dolor sit amet, consectetur adipisicing elit, sed do eiusmod\n        tempor incididunt ut labore et dolore magna aliqua. Ut enim ad minim veniam,\n        quis nostrud exercitation ullamco laboris nisi ut aliquip ex ea commodo\n        consequat. Duis aute irure dolor in reprehenderit in voluptate velit esse\n        cillum dolore eu fugiat nulla pariatur. Excepteur sint occaecat cupidatat\n        non proident, sunt in culpa qui officia deserunt mollit anim id est laborum."
			],
			"guid": "Xqgi42f66G5S52MOye5A3MTaUoyNKJ3h_jgLQuyKwKA"
		},
		{
			"rid": "en/mrmrs.html",
			"sid": "xxjof4NsIsVHUQrE5qL_HaMXPowLeb-A6_wKJ4uvjhk",
			"nsrc": [
				"Third header h3"
			],
			"guid": "fpWY0mqxFUwyUXEGZSiJCpi2LK1_5bDgk1icXB2C_wY"
		},
		{
			"rid": "en/mrmrs.html",
			"sid": "8xYIMn1SdAwXBcDDwOTSWhDBz2sOy02zQNYlRjW88Gk",
			"nsrc": [
				"At vero eos et accusamus et iusto odio dignissimos ducimus qui blanditiis\n        praesentium voluptatum deleniti atque corrupti quos dolores et quas\n        molestias excepturi sint occaecati cupiditate non provident, similique sunt\n        in culpa qui officia deserunt mollitia animi, id est laborum et dolorum\n        fuga. Et harum quidem rerum facilis est et expedita distinctio."
			],
			"guid": "6q2bDflGzN6uGFeDBVrUrKvaS9m2kspmKFqQXphCBwk"
		},
		{
			"rid": "en/mrmrs.html",
			"sid": "aEPG94RKEan4LD0oB4jKA5OFrsT_zIlAftKhRa-7owM",
			"nsrc": [
				"Fourth header h4"
			],
			"guid": "pX8gAVMEgJAZ_8wY7l3lzd-62aZLBxUbv_LqyjpskcE"
		},
		{
			"rid": "en/mrmrs.html",
			"sid": "bVJF7GTUeO9F8Fv_ZdFmp8B2AiPgNRnpsKfchXkXgJ4",
			"nsrc": [
				"Neque porro quisquam est, qui dolorem ipsum quia dolor sit amet,\n        consectetur, adipisci velit, sed quia non numquam eius modi tempora incidunt\n        ut labore et dolore magnam aliquam quaerat voluptatem. Ut enim ad minima\n        veniam, quis nostrum exercitationem ullam corporis suscipit laboriosam, nisi\n        ut aliquid ex ea commodi consequatur? Quis autem vel eum iure reprehenderit\n        qui in ea voluptate velit esse quam nihil molestiae consequatur, vel illum\n        qui dolorem eum fugiat quo voluptas nulla pariatur?\""
			],
			"guid": "jtXnstFgLfEwP9X5yf3CJeRyasWfzu-JOYGC0uPHKCQ"
		},
		{
			"rid": "en/mrmrs.html",
			"sid": "d77Y1aowtGvxvVhhu0BIjzl7AFLbCkbW9K6c4ViSQmY",
			"nsrc": [
				"Fifth header h5"
			],
			"guid": "MQZrFKeco9Yk1m0URYB4veN1R6QGlokZgTmSpsEFMrA"
		},
		{
			"rid": "en/mrmrs.html",
			"sid": "WBPuTzXvFEZk1ajOsxCidWOYX9if7FhwOqxC4cctYPA",
			"nsrc": [
				"Sed ut perspiciatis unde omnis iste natus error sit voluptatem accusantium\n        doloremque laudantium, totam rem aperiam, eaque ipsa quae ab illo inventore\n        veritatis et quasi architecto beatae vitae dicta sunt explicabo. Nemo enim\n        ipsam voluptatem quia voluptas sit aspernatur aut odit aut fugit, sed quia\n        consequuntur magni dolores eos qui ratione voluptatem sequi nesciunt."
			],
			"guid": "428B6CFch7RxyhDzVVNF6RrmQkPy-mm7BzHQPkEDD4A"
		},
		{
			"rid": "en/mrmrs.html",
			"sid": "v2wHUONNvea9VANIleHDWgqfgDC8G2VZm7gY9eG2cdQ",
			"nsrc": [
				"Sixth header h6"
			],
			"guid": "jFWYyTeNykq3mNWSARoBtSjXag7PO4EH5M62CfGE_bo"
		},
		{
			"rid": "en/mrmrs.html",
			"sid": "tDYja9vzHh88EwnaKiBzlgiNy6LvogMTWMNXvIwRjZ4",
			"nsrc": [
				{
					"t": "bx",
					"v": "<h1 class=\"other-class\">"
				},
				"Links",
				{
					"t": "ex",
					"v": "</h1>"
				},
				" ",
				{
					"t": "bx",
					"v": "<a href=\"#\">"
				},
				"Sample text link",
				{
					"t": "ex",
					"v": "</a>"
				},
				" ",
				{
					"t": "bx",
					"v": "<a href=\"#\">"
				},
				"Sample button link",
				{
					"t": "ex",
					"v": "</a>"
				}
			],
			"guid": "c5CFcSj2SA3Zg8V0IKc-Smp1zg4pWo-ndDa10XFDilc"
		},
		{
			"rid": "en/mrmrs.html",
			"sid": "MI1aCQPyxXFOx3dICPyaZ7ksYCoBppsghLBb2y9q5pk",
			"nsrc": [
				"Lists"
			],
			"guid": "hLuOGX6OWOfGm6cL2KGzXiw0kAh3K3Y0GeW3BH0GuRc"
		},
		{
			"rid": "en/mrmrs.html",
			"sid": "6-qUZ4PiP9Q3gor7lVFj9aKeCZiv-K7qc7B54x3MAvw",
			"nsrc": [
				"Unordered list"
			],
			"guid": "8VxambcNHJ8CWDumld2cKm4OLn-6ts7N1lBfT8ZDL2k"
		},
		{
			"rid": "en/mrmrs.html",
			"sid": "eOd3G4tG4R3bNLpIiH4TMFJSFfltlHeJgNEYbm8J9rQ",
			"nsrc": [
				"Orange"
			],
			"guid": "JZ4vq8z-jT8n-LZuTqi7gsvASaejO9fBcTkR7bY2ozk"
		},
		{
			"rid": "en/mrmrs.html",
			"sid": "8iP6qW8ikWKUkisXGiaW2Gj9H5EpMC60GkWyououu_0",
			"nsrc": [
				"Apple"
			],
			"guid": "AJBY9KKwCAkR8r_LtTEoVRJ39q4VzFHA-zatPHcJz4U"
		},
		{
			"rid": "en/mrmrs.html",
			"sid": "8LYJp3YN-2pa6MYUAn6x8qcPsm_CLr450EmTMnOvhBY",
			"nsrc": [
				"Rhubarb"
			],
			"guid": "VUhkykhQWwBRlKIrRfXD9eLJgnj79hp51lmZomqaLWU"
		},
		{
			"rid": "en/mrmrs.html",
			"sid": "7cb89KEqJTdB7z2FPDne_pbCG_Ac4FJ3nfVpgD6mZnw",
			"nsrc": [
				"Rasberry"
			],
			"guid": "6iq-hrBdZCbp6SOew9HL9PmB2Vzg_lfzgyCkzOuzsug"
		},
		{
			"rid": "en/mrmrs.html",
			"sid": "0gJEFJV2DselKldh_Ku9BGqaufz6Ix0wT7QtliUk6wk",
			"nsrc": [
				"Blueberry"
			],
			"guid": "GFdgI2xn0rKvCZ3vrk2ZdC6FestuwwxWTNuZ2m7Uqbg"
		},
		{
			"rid": "en/mrmrs.html",
			"sid": "q_YbErAmbo52tQL_DNvFWkO-3qmFMQZtb3hSscJ9Ji8",
			"nsrc": [
				"Cherry"
			],
			"guid": "n1L9PmjKI-z_yRSe3TjLx3-aUa1iXtjIKgHXx-_XL40"
		},
		{
			"rid": "en/mrmrs.html",
			"sid": "LtOXRCQzmIr3PqKSRcknTZFukF8jL3L9pfvlEic3SIY",
			"nsrc": [
				"Ordered list"
			],
			"guid": "03lUO_w_mLEpBEOMOkvaW_X0W-Xl4lPLks11U90QIFo"
		},
		{
			"rid": "en/mrmrs.html",
			"sid": "oVHOsXEarVKadwQkjwMzOZACLrv6B6fwTABNcMFnkZ8",
			"nsrc": [
				"First"
			],
			"guid": "A-ZEyBnJrNMi_tYDsrPLGG2NpWZCUMo6Lo8npYdjP7Q"
		},
		{
			"rid": "en/mrmrs.html",
			"sid": "i4ioUIlWG3l4xOUsMVARKRISXz007Fm2_xRQ_BB5l5w",
			"nsrc": [
				"Second"
			],
			"guid": "VF08A4ZiTDyAGTiiVjNWSiUCymd4iVBq0uNwtdwLHdg"
		},
		{
			"rid": "en/mrmrs.html",
			"sid": "XnQl1y8yxcgKX3oTFYVle4ByOuIuAf1pd2go_rGeO9U",
			"nsrc": [
				"Third"
			],
			"guid": "joEdJrFdV2jqjJzV0vY3OaGRoliLuHdpGsndtLt72FI"
		},
		{
			"rid": "en/mrmrs.html",
			"sid": "xzfAsz6zCVnaR3SUudjyYiKzCkcyNu2IQyRlT1op_IQ",
			"nsrc": [
				"Fourth"
			],
			"guid": "WN8aiYMlvpgeGA9ERepAgdpbjcYDkL8vmodm0gVVk-I"
		},
		{
			"rid": "en/mrmrs.html",
			"sid": "thKkARPqw3L3eUtgAIZlXctu9ubEUdnmsUDtbdUJfUc",
			"nsrc": [
				"Fifth"
			],
			"guid": "ALInauWsE7G3R_-b2JAJIDomWjwx7p3sFkME5VuYx9Y"
		},
		{
			"rid": "en/mrmrs.html",
			"sid": "rE3vkR-CimMxlyL3wl8K9lAddh-xttgJuoDQ3ZyfIzE",
			"nsrc": [
				"Sixth"
			],
			"guid": "sCV1ETyyU59UctfjWAkAnzEofhFpA0HIXB7jxCjW4uM"
		},
		{
			"rid": "en/mrmrs.html",
			"sid": "yBdDse06Tf7_lK0TN_PFo_2PimiKuY2BaYhgkLd6szk",
			"nsrc": [
				"Definition list"
			],
			"guid": "bLd1kKl3LNFEFG1fJ-J2Ox2BfCcrWlL-6JfVDMtvFPI"
		},
		{
			"rid": "en/mrmrs.html",
			"sid": "N8o8-12FIsLhq-zVC8fkhMR6oojctLUbRmpoJklmsfk",
			"nsrc": [
				"Kick"
			],
			"guid": "C6oiHLzP_2K42tAcE22-zg2_to80wuL5LuBrXhaM9kk"
		},
		{
			"rid": "en/mrmrs.html",
			"sid": "1yoR0mTnRkZO1F9z4ewFjjOtQCcMeTJL4XGTLYNNEfM",
			"nsrc": [
				"808"
			],
			"guid": "x8W6ncPvnTS2TsZYta0AAn8ya3b0pK1vM1HkjHJWL0Y"
		},
		{
			"rid": "en/mrmrs.html",
			"sid": "I3SnzBF51-6-3dwrx1GjRZvTG7pC14HVuR3JLst1oVs",
			"nsrc": [
				"Snare"
			],
			"guid": "8xYN_3SHcK7LO3GBJu-hlPqvn74J9dKSaYFI9wcdLO0"
		},
		{
			"rid": "en/mrmrs.html",
			"sid": "sSP5WlV4rC_7VxrbP9YLAj6SUSjR71v5F6c6j6PRNqQ",
			"nsrc": [
				"909"
			],
			"guid": "J02n8Zq-DmVENt-gBzE20MO-yV0B-pHI0N36vOe8u-c"
		},
		{
			"rid": "en/mrmrs.html",
			"sid": "rn3vxdwapqa_E43M-PygPnEbniNnbglT7LYXjRnR14Y",
			"nsrc": [
				"Maine"
			],
			"guid": "Oc8teRwdM9kR3KqfPSkSsnNiGKOrJwOa7D8x2pCuxYM"
		},
		{
			"rid": "en/mrmrs.html",
			"sid": "B0ifLbT-WudNjzRb3MaM8NwOeZ255IbWoKGQtJ4MXz8",
			"nsrc": [
				"Augusta"
			],
			"guid": "JJTQsNYkBQvvA0Khfzb56P0mdnhquLLchhQBO7Xke-w"
		},
		{
			"rid": "en/mrmrs.html",
			"sid": "ytBTXezDiySLQOeu-aHP2RzjhvpcRvBepiJknn-vGPs",
			"nsrc": [
				"California"
			],
			"guid": "epcNCiu6b8J_C1odX2IyOFuvY5un_ezr_LiI0Dth_O8"
		},
		{
			"rid": "en/mrmrs.html",
			"sid": "H4Li8FAwlIuiSl64aYa6QMJGndZn_N3pFDr7DudgE7k",
			"nsrc": [
				"Sacremento"
			],
			"guid": "ZG7e62U8UPK67YnvRadPlRy1nmJ5NuHSbuN3fRg-k2s"
		},
		{
			"rid": "en/mrmrs.html",
			"sid": "mMtv4M6gQEHyd1xlTUFI3GNoFrigTZ1C49RGiUPrSuk",
			"nsrc": [
				"Oregon"
			],
			"guid": "UFFyrjUYXcrkLp7fP0QdaXZFwFdv3r184W_l7YGIUvM"
		},
		{
			"rid": "en/mrmrs.html",
			"sid": "YyF9GFAiBm-Um1-81vXpw1Pt1eB147AzxjiwqNWEX60",
			"nsrc": [
				"Salem"
			],
			"guid": "SSaLXCmUKfovWc6hx-trZcFonvLDhmeM5096__B4YYo"
		},
		{
			"rid": "en/mrmrs.html",
			"sid": "gV7Kl3x9dfcr0jvMyRvG-ZMaQvvwNFHrDX240qcE2U8",
			"nsrc": [
				"New York"
			],
			"guid": "YQcHJP2ssjMzVggkDJWy7RHQpTVb62NbvhMdcs5WNa8"
		},
		{
			"rid": "en/mrmrs.html",
			"sid": "ZqE4XzXG9jaMZYqUnmCtak4aQ3Gv38pbNZncvF98VA4",
			"nsrc": [
				"Albany"
			],
			"guid": "y7XbnYFbsfinNkGdv4UPl6gCmXUY-whVJK00MZJL-yE"
		},
		{
			"rid": "en/mrmrs.html",
			"sid": "xzqbL7xX6BupksHFa_FZFpjjbLzC3ws0BhUWPPvEy8g",
			"nsrc": [
				"Ascender"
			],
			"guid": "Ah0x02bjt_rnbKh7Lti0KkiGFbnyKQtNlPRnxQDbDiQ"
		},
		{
			"rid": "en/mrmrs.html",
			"sid": "-s-qGYiUxIo4pzM9-GL0W-kRbsIqg9kTXYiCqVR8OeA",
			"nsrc": [
				"The part of certain lowercase letters that extends above the x-height of a font."
			],
			"guid": "u2BF5lbdflKABPF0Q6cPefOCBhfJj58q0Xnm4p4b8po"
		},
		{
			"rid": "en/mrmrs.html",
			"sid": "ZNCzrc0tvjNQD-m5bSvASGAbGfTcnbDTD4ZI4Va1g60",
			"nsrc": [
				"Font"
			],
			"guid": "9xYRYfIKVIBfoVMh9Nx2yH8h7CGVbZ0CITnpQpad8B0"
		},
		{
			"rid": "en/mrmrs.html",
			"sid": "vwo5ZpI6ejYCIsf9fQ0dtY-OSbGWtu59bUlPE-JSsQo",
			"nsrc": [
				"Traditionally, a complete set of characters for one typeface at\n        one particular type size. Often used more loosely as a synonym for\n        \"typeface\"."
			],
			"guid": "xLj9X6yOgIjx_7CG4n7ZzBAFvDCtuX5LdMFKndSl1kI"
		},
		{
			"rid": "en/mrmrs.html",
			"sid": "AZH7HPYq8oLvSRhsgOTn5quut29f0Elb1cRA0yErXiU",
			"nsrc": [
				"Golden Section"
			],
			"guid": "nI1B2nZtk6AhJOsJ4RsyjlNu2BVM7bT80bnG2neLCwI"
		},
		{
			"rid": "en/mrmrs.html",
			"sid": "pGjdlfWe33VBM1Kp-S36B3lTNLPLz3BMSWN1_1GmqCM",
			"nsrc": [
				"The ideal proportion according to the ancient Greeks. It is visualized as the\n        division of a line into two unequal segments in such a way that the ratio of the\n        smaller segment to the larger segment is equal to the ratio of the larger to the\n        whole. It is usually defined as 21:34, that is, 21/34 and 34/(21+34) both equal\n        approximately 0.618. A rectangle whose sides are of this proportion is called a\n        \"golden rectangle\". Golden rectangles can be found in the proportions of the\n        Parthenon and many medieval manuscripts."
			],
			"guid": "YHzt_o1hR4rm9Bgi63k-WklNjdTVWLQbwzsQ369Y21w"
		},
		{
			"rid": "en/mrmrs.html",
			"sid": "hYRRJjsbm0El_Z-5pA9ZWVQxYuBKFK7CcSpFiC8tblQ",
			"nsrc": [
				"Forms"
			],
			"guid": "WJDzJa090w_WEXs6l-p0ChOJ1DP3bAqq9OPXZIt1mCE"
		},
		{
			"rid": "en/mrmrs.html",
			"sid": "vsyH31A0GvK3b5GXnfH176iJ31xewy1Bkp1tgi42lf0",
			"nsrc": [
				"Legend Example"
			],
			"guid": "fFY_d9LYcvovb5qSr2Y3xbddhLoe2z6pAlPrzHminkE"
		},
		{
			"rid": "en/mrmrs.html",
			"sid": "n4LhCwY9A_BgXWrfOIXSZmUL6Uh4C6OYJWWqlLY3CCo",
			"nsrc": [
				"Text Input Label"
			],
			"guid": "ZJMivmgpTnXv_R1kHwrSbiwms8zIu_bsdJ_mHO6eRIw"
		},
		{
			"rid": "en/mrmrs.html",
			"sid": "OrDitGVPfLO-8sgFyMigsMTOdLbGdDV2uPsI8gLD22o",
			"nsrc": [
				"Helper text if necessary."
			],
			"guid": "TyCAPgwY_vAkgA6hgd5UqPUuknbU0YolPPtkXlMghhc"
		},
		{
			"rid": "en/mrmrs.html",
			"sid": "588-9PF8OZmpTyxvYS6KiI5bECaHjk4ZOYsjvTjsIho",
			"nsrc": [
				"Password"
			],
			"guid": "j7igpR2yGHn9Gzy4rqoX92tAXexl4X6gnSm_ELGxSsM"
		},
		{
			"rid": "en/mrmrs.html",
			"sid": "y0Nhj3HQ8kI5ivIzeiRVPzoKBYAWvWEMyOSxze83jjc",
			"nsrc": [
				"Error messages when appropriate."
			],
			"guid": "qg9aE_JGO2rPji4qun8Iw8ufCa5k7AkcynMA2fxi9_s"
		},
		{
			"rid": "en/mrmrs.html",
			"sid": "ls5uYZOgRyYPXDKqQW2ItuiVkRH0P5hFevnMAJoJB60",
			"nsrc": [
				"First Name"
			],
			"guid": "24kyFHKALg1_SGvfLhkk3KYkPc9BTaLT7cIe8e6mLrw"
		},
		{
			"rid": "en/mrmrs.html",
			"sid": "9VVjs4ajncMJP_hkIftmXbA7Vxw28XV31kjaXSp8wkU",
			"nsrc": [
				"Last Name"
			],
			"guid": "Q__56V-XhiKC6828IvJoA-PuhsDZL2xSWJG1S6K3uT4"
		},
		{
			"rid": "en/mrmrs.html",
			"sid": "lpzL089jAOzVyIBFnYGukCffdRdWMYShuLFSgtsjBiE",
			"nsrc": [
				"Email"
			],
			"guid": "4C1KXolKOBN4CCdRnqzL3RISeulqLNweT9yoDNiQOrw"
		},
		{
			"rid": "en/mrmrs.html",
			"sid": "LITdjVna_XGvenl3vaeuXKXmNT5ddchTymHkqRRxeZk",
			"nsrc": [
				"Dropdown"
			],
			"guid": "LDXiJT2W9HC1OhfEERSqJJkSYMwLVGSvJnD86pohnsM"
		},
		{
			"rid": "en/mrmrs.html",
			"sid": "-uLbCT4d0xBC6KuUJ-hnOnDEP0vFGSNdmiMu-tYHaao",
			"nsrc": [
				"Option 1"
			],
			"guid": "yz29T5vrV1bE6lMyf9PkjglSajBL0qSxxwKduSzdlKU"
		},
		{
			"rid": "en/mrmrs.html",
			"sid": "IGsWdw8fem7qt0eGrTwDO-s6oODsSUPzmJD9UoxU5EU",
			"nsrc": [
				"Option 2"
			],
			"guid": "UFIfzY8TYu_N5PV7XlFsafy49OgrItLIn2Ev-d8Jc9Q"
		},
		{
			"rid": "en/mrmrs.html",
			"sid": "VdY3gd4OzALEGIsuaJr5Yh9W04H5SUvYg0Oiv1DVuio",
			"nsrc": [
				"Option 3"
			],
			"guid": "LOE5-K12dS88gurCavTFXEZC2x5evqNPhjWsnLLReLU"
		},
		{
			"rid": "en/mrmrs.html",
			"sid": "979QusxXCfHGjEMP5EP7jeXwH2zi691yCWWBv1W8wUY",
			"nsrc": [
				"Radio Buttons"
			],
			"guid": "M9GJbEOZ1olVy-4LBzSWpAQwSoevSt66ez1E0kuSK-8"
		},
		{
			"rid": "en/mrmrs.html",
			"sid": "cx1v9QKt9b64DnZH0satNwEnjgTe_p9FsppbESurFpY",
			"nsrc": [
				{
					"t": "bx",
					"v": "<input type=\"radio\">"
				},
				" Label 1"
			],
			"guid": "UZ0Cv13iUsbDNPt42CEZ4dTB_gcHM4f9hb0eSZtM_bk"
		},
		{
			"rid": "en/mrmrs.html",
			"sid": "DD_4Xe96L51H55lJhOoRV9PaZKPZc2Qizztbps7HryM",
			"nsrc": [
				{
					"t": "bx",
					"v": "<input type=\"radio\">"
				},
				" Label 2"
			],
			"guid": "YFb1VKvETkcEnDQ9p6z28xiTQtzUMAJlfTUS2RdIKS0"
		},
		{
			"rid": "en/mrmrs.html",
			"sid": "rrjoOdL594cvUurFKMlExFQPtAHRE06P59wKbYvkIeg",
			"nsrc": [
				{
					"t": "bx",
					"v": "<input type=\"radio\">"
				},
				" Label 3"
			],
			"guid": "2DkSPhAccctP9xbftX-ge5biCx7xeVzOM3_RDsJIx68"
		},
		{
			"rid": "en/mrmrs.html",
			"sid": "xME9_nQyEu8NX0AaGxH3EHINseGQkQBKVHN1opASvEQ",
			"nsrc": [
				"URL Input"
			],
			"guid": "lybT978I26VJ1MripKeAaat7yqvvvU0-E_qDxfdAJIM"
		},
		{
			"rid": "en/mrmrs.html",
			"sid": "uqTqj83LjuzVAoIt05f87DNxTR3aoXTyZ_wLeO5mbcA",
			"nsrc": [
				"Text area"
			],
			"guid": "DLm2EvPN8Cn2oKloabN0uzZ4GVtWJilY_rEmPgeqHgI"
		},
		{
			"rid": "en/mrmrs.html",
			"sid": "CVMJVJKpPQJVGtYO7QcHlpsssOcCGdsY9o_-zAANleg",
			"nsrc": [
				{
					"t": "bx",
					"v": "<input type=\"checkbox\">"
				},
				" This is a checkbox."
			],
			"guid": "_16Z6B36infrZ6WvKEMKj7CAbhE_7TGCmX7WFshJGEg"
		},
		{
			"rid": "en/mrmrs.html",
			"sid": "1FJYOnTQ53Lbidj3g4MQmIaRSCIkJ3UL7ezEobUDgLU",
			"nsrc": [
				"Buttons"
			],
			"guid": "ulIpbphdgeSugVpYCj_8mVaeZYMpOG8Aw68Fed0fzec"
		},
		{
			"rid": "en/mrmrs.html",
			"sid": "aGi5LEzmuPnNbvtuIUqJ_4TZpTF25OiSHKflLIxnXSU",
			"nsrc": [
				"A button"
			],
			"guid": "78S7cOM9Md65DwCCgcA6KOilobwxjG5JVhJc2ljvx8g"
		},
		{
			"rid": "en/mrmrs.html",
			"sid": "mXyc4djNuZmPIDacPLpKRuIY6zB5mgLY7VQWGQIw8p8",
			"nsrc": [
				"A large button"
			],
			"guid": "Dwt7824hAFfcrBxrZRX20CSCmawIxKeyWEqR42E3KT0"
		},
		{
			"rid": "en/mrmrs.html",
			"sid": "iEN9srJZ8cLM8s2tIJgEYJCEtJZRgLBbChVKkXU0ChI",
			"nsrc": [
				"An Example Article"
			],
			"guid": "ZGhBTKl_RPeMpaokLMih0Qvndp0AtKRHxLSyKbDLVSI"
		},
		{
			"rid": "en/mrmrs.html",
			"sid": "fozSBW2nOn_vts2R9OXRmdCNkFjFF7miR2sbUgMk1nQ",
			"nsrc": [
				"Title"
			],
			"guid": "1x8sWyFaug-pkJXVegXzdrw2FH2EXWITXtaNCa0OxWE"
		},
		{
			"rid": "en/mrmrs.html",
			"sid": "MASPCM69TBwHH5pzMtMy4qnIb-ldaHmlZOiDy2IbQfY",
			"nsrc": [
				"Lorem ipsum dolor sit amet, ",
				{
					"t": "bx",
					"v": "<b>"
				},
				"consectetur adipisicing elit",
				{
					"t": "ex",
					"v": "</b>"
				},
				", sed do eiusmod\n          tempor incididunt ut labore et dolore magna aliqua. Ut enim ad minim veniam,\n          quis nostrud ",
				{
					"t": "bx",
					"v": "<em>"
				},
				"exercitation ullamco laboris nisi ut aliquip ex ea commodo\n            consequat",
				{
					"t": "ex",
					"v": "</em>"
				},
				". Duis aute irure dolor in reprehenderit in voluptate velit esse\n          cillum dolore eu fugiat nulla pariatur. Excepteur sint occaecat cupidatat\n          non proident, sunt in culpa qui officia deserunt mollit anim id est laborum."
			],
			"guid": "uHGRiZz6oGySM1kG5GL07n-SFbXleQ7jKIkVP6jtOq4"
		},
		{
			"rid": "en/mrmrs.html",
			"sid": "0sPVnQ-a5Pvgktq2zbofWPQ0eNeRz1VcnV4uCr4vV_I",
			"nsrc": [
				{
					"t": "bx",
					"v": "<p class=\"test-class\">"
				},
				"\n            This is a GREAT pull quote.\n          ",
				{
					"t": "ex",
					"v": "</p>"
				},
				" ",
				{
					"t": "bx",
					"v": "<a href=\"#\">"
				},
				"- Author",
				{
					"t": "ex",
					"v": "</a>"
				}
			],
			"guid": "8WZvhVI6hiZDXI7qdAK9prYQPAu0Bq7WdNYk91RvtME"
		},
		{
			"rid": "en/mrmrs.html",
			"sid": "9wpPGcMXI_7CppyXmc0xIQDSzXNbpQvM6Cc_G5nsvHo",
			"nsrc": [
				"Neque porro quisquam est, qui dolorem ipsum quia dolor sit amet,\n          consectetur, adipisci velit, sed quia non numquam eius modi tempora incidunt\n          ut labore et dolore magnam aliquam quaerat voluptatem. Ut enim ad minima\n          veniam, quis nostrum exercitationem ullam corporis suscipit laboriosam, nisi\n          ut aliquid ex ea commodi consequatur? Quis autem vel eum iure reprehenderit\n          qui in ea voluptate velit esse quam nihil molestiae consequatur, vel illum\n          qui dolorem eum fugiat quo voluptas nulla pariatur?\""
			],
			"guid": "FL_o286PoUpWhKK3P7ryA2F_KE_Li1RxEpy50bhWA6w"
		},
		{
			"rid": "en/mrmrs.html",
			"sid": "XutdIZUvwf9yhAfLyn8Uvz7TNREL276I_ySDqgx-Re4",
			"nsrc": [
				"At vero eos et accusamus et iusto odio dignissimos ducimus qui blanditiis\n          praesentium voluptatum deleniti atque corrupti quos dolores et quas\n          molestias excepturi sint occaecati cupiditate non provident, similique sunt\n          in culpa qui officia deserunt mollitia animi, id est laborum et dolorum\n          fuga. Et harum quidem rerum facilis est et expedita distinctio."
			],
			"guid": "xtvaHaKUn_OcoemqVBlzjHvPknJPpefHhofk3eCxO1k"
		},
		{
			"rid": "en/mrmrs.html",
			"sid": "epoLwucoixBGGDMNXzZr8RENz3_jt9Zi0dqkYDvfaSg",
			"nsrc": [
				"Code examples"
			],
			"guid": "SGnCu2Z_JcpRCxXjRNrAONuzN62zB4jjBCQ5h5TyY2g"
		},
		{
			"rid": "en/mrmrs.html",
			"sid": "Jsh7tR5peP45hzQMAFZTemlqhafUbIvzKR7RPEWzSVg",
			"nsrc": [
				"Footer"
			],
			"guid": "l-v6a7CcytVaRmmCv7SJWsUZLcFTKlTK62x0cbTCN_Q"
		},
		{
			"rid": "en/mrmrs.html",
			"sid": "6KeWWUKgfiD_NkFn05dUzwrwzH2uk537RxLiDdnd95o",
			"nsrc": [
				"Copyright 2013. Made with love by ",
				{
					"t": "bx",
					"v": "<a href=\"http://mrmrs.cc/\" title=\"MRMRS - Designer\">"
				},
				"mrmrs",
				{
					"t": "ex",
					"v": "</a>"
				},
				"."
			],
			"guid": "cvTg-Sy-fO2hLL1qq777dn9QiwHRB0M11_xl6nTSKmc"
		},
		{
			"rid": "en/mrmrs.html",
			"sid": "KOE2YUmdRhDBDf3wn78e6OgVH_uJ4Hxx_LFgREoEF3Y",
			"nsrc": [
				{
					"t": "bx",
					"v": "<a href=\"#\">"
				},
				"Home",
				{
					"t": "ex",
					"v": "</a>"
				}
			],
			"guid": "2m1mTIaFZdX1o7MXNgPodaFkM8AZ2b_jP2gBSmS1c-s"
		},
		{
			"rid": "en/mrmrs.html",
			"sid": "vQq4NFMBiCqINZaHLQpTFj_3e78Rx8baGKaomsc5igA",
			"nsrc": [
				{
					"t": "bx",
					"v": "<a href=\"#\">"
				},
				"Contact",
				{
					"t": "ex",
					"v": "</a>"
				}
			],
			"guid": "OaHG_iT3yWkdAfJNC6Ah8XUDb3MHz55_9RLmzaAvb7U"
		},
		{
			"rid": "en/mrmrs.html",
			"sid": "j_YaRZjMhA0O47GgGAdzl_J8CYOOr_V2y0SMzC9TmhQ",
			"nsrc": [
				{
					"t": "bx",
					"v": "<a href=\"#\">"
				},
				"Jobs",
				{
					"t": "ex",
					"v": "</a>"
				}
			],
			"guid": "70n89fM2fEkuQ93CJVT9I8y5No3mUUNPkZRy-5VRjNA"
		},
		{
			"rid": "en/mrmrs.html",
			"sid": "5dv7sERIvKVZcx7_PFOpCYmSLpXocSOsSRAVzzLC4cw",
			"nsrc": [
				{
					"t": "bx",
					"v": "<a href=\"http://twitter.com/\" title=\" on Twitter\">"
				},
				"Twitter",
				{
					"t": "ex",
					"v": "</a>"
				}
			],
			"guid": "KcRd9dKPHDUmXwFe-JdS9TiGgHcI4PKBnPi8nhbxtBk"
		},
		{
			"rid": "en/mrmrs.html",
			"sid": "xIYZ0pQLQsuAzFwAqcbgqHC_XhDuGNwdGUypfBQNysk",
			"nsrc": [
				{
					"t": "bx",
					"v": "<a href=\"http://pinterest.com/\" title=\" on Pinterest\">"
				},
				"Pinterest",
				{
					"t": "ex",
					"v": "</a>"
				}
			],
			"guid": "B7lXiNqoY_d9qO3D4JU6qDJwr1zcV2Czb_UErLZjo_Y"
		},
		{
			"rid": "en/mrmrs.html",
			"sid": "vKtly4mduFqkBviz7j3OsFnGshuoVk0iKKY8ZRTgl10",
			"nsrc": [
				{
					"t": "bx",
					"v": "<a href=\"http://instagram.com/\" title=\" on Instagram\">"
				},
				"Instagram",
				{
					"t": "ex",
					"v": "</a>"
				}
			],
			"guid": "KFRXNyHUm1WHby9hQg320mnjK1kgNiSesQeNY0TRU00"
		},
		{
			"rid": "en/mrmrs.html",
			"sid": "pY_d_aYhDE-cZKeqJ7t4btmQXr2th_ovkZWaiAsUXAk",
			"nsrc": [
				{
					"t": "bx",
					"v": "<a href=\"http://dribbbble.com/\" title=\" on Dribbble\">"
				},
				"Dribbble",
				{
					"t": "ex",
					"v": "</a>"
				}
			],
			"guid": "n_y53axBvLkWYnaUdxb_7glhFWiEwRNxNPv7XJUB42s"
		},
		{
			"rid": "en/mrmrs.html",
			"sid": "B8FcZ901csEML7uXmxUbChidTHcpzukTDv-sWgE3th8",
			"nsrc": [
				{
					"t": "bx",
					"v": "<a href=\"http://github.com/\" title=\" on Github\">"
				},
				"Github",
				{
					"t": "ex",
					"v": "</a>"
				}
			],
			"guid": "O6SunN5KLprNJjUrlLVxmxpdm3_ByhtCm1bAiqNQjWQ"
		},
		{
			"rid": "en/mrmrs.html",
			"sid": "_vVY18GSPmGp2u7j8t3EIQIYjy3Ljg007lUvmoOExfU",
			"nsrc": [
				{
					"t": "bx",
					"v": "<h1 class=\"other-class\">"
				},
				"New hawtness",
				{
					"t": "ex",
					"v": "</h1>"
				},
				" ",
				{
					"t": "bx",
					"v": "<progress value=\"80\" max=\"100\">"
				},
				"80 %",
				{
					"t": "ex",
					"v": "</progress>"
				},
				" ",
				{
					"t": "bx",
					"v": "<p class=\"test-class\">"
				},
				"We are this close to the goal: ",
				{
					"t": "bx",
					"v": "<meter min=\"0\" max=\"1000\" value=\"824\">"
				},
				"$824",
				{
					"t": "ex",
					"v": "</meter>"
				},
				".",
				{
					"t": "ex",
					"v": "</p>"
				}
			],
			"guid": "vnCT6R3Cu726ochkWdYlvNSSwossKVzU-V6MK_FvG24"
		},
		{
			"rid": "en/mrmrs.html",
			"sid": "QqhAxuRjcReoMi0Ht7p0Hr3lL7fpgrotlFZ2JrTU_VU",
			"nsrc": [
				{
					"t": "bx",
					"v": "<header>"
				},
				" ",
				{
					"t": "bx",
					"v": "<h1 class=\"other-class\">"
				},
				"Random Stuff",
				{
					"t": "ex",
					"v": "</h1>"
				},
				" ",
				{
					"t": "ex",
					"v": "</header>"
				},
				" ",
				{
					"t": "bx",
					"v": "<small>"
				},
				"This is for things like copyright info",
				{
					"t": "ex",
					"v": "</small>"
				},
				" ",
				{
					"t": "bx",
					"v": "<s>"
				},
				"Content that isn't accurate or relevant anymore.",
				{
					"t": "ex",
					"v": "</s>"
				},
				" ",
				{
					"t": "bx",
					"v": "<span>"
				},
				"Generic span wrapper",
				{
					"t": "ex",
					"v": "</span>"
				},
				" ",
				{
					"t": "bx",
					"v": "<abbr>"
				},
				"HTML How to meet ladies",
				{
					"t": "ex",
					"v": "</abbr>"
				},
				" ",
				{
					"t": "bx",
					"v": "<p class=\"test-class\">"
				},
				"This is inline text with ",
				{
					"t": "bx",
					"v": "<sub>"
				},
				"subscript",
				{
					"t": "ex",
					"v": "</sub>"
				},
				" and ",
				{
					"t": "bx",
					"v": "<sup>"
				},
				"superscript",
				{
					"t": "ex",
					"v": "</sup>"
				},
				" elements.",
				{
					"t": "ex",
					"v": "</p>"
				},
				" ",
				{
					"t": "bx",
					"v": "<p class=\"test-class\">"
				},
				" ",
				{
					"t": "bx",
					"v": "<var>"
				},
				"f",
				{
					"t": "ex",
					"v": "</var>"
				},
				"(",
				{
					"t": "bx",
					"v": "<var>"
				},
				"x",
				{
					"t": "ex",
					"v": "</var>"
				},
				") = ",
				{
					"t": "bx",
					"v": "<var>"
				},
				"a",
				{
					"t": "ex",
					"v": "</var>"
				},
				{
					"t": "bx",
					"v": "<sub>"
				},
				"0",
				{
					"t": "ex",
					"v": "</sub>"
				},
				" + ",
				{
					"t": "bx",
					"v": "<var>"
				},
				"a",
				{
					"t": "ex",
					"v": "</var>"
				},
				{
					"t": "bx",
					"v": "<sub>"
				},
				"1",
				{
					"t": "ex",
					"v": "</sub>"
				},
				{
					"t": "bx",
					"v": "<var>"
				},
				"x",
				{
					"t": "ex",
					"v": "</var>"
				},
				" +\n      ",
				{
					"t": "bx",
					"v": "<var>"
				},
				"a",
				{
					"t": "ex",
					"v": "</var>"
				},
				{
					"t": "bx",
					"v": "<sub>"
				},
				"2",
				{
					"t": "ex",
					"v": "</sub>"
				},
				{
					"t": "bx",
					"v": "<var>"
				},
				"x",
				{
					"t": "ex",
					"v": "</var>"
				},
				{
					"t": "bx",
					"v": "<sup>"
				},
				"2",
				{
					"t": "ex",
					"v": "</sup>"
				},
				", where ",
				{
					"t": "bx",
					"v": "<var>"
				},
				"a",
				{
					"t": "ex",
					"v": "</var>"
				},
				{
					"t": "bx",
					"v": "<sup>"
				},
				"2",
				{
					"t": "ex",
					"v": "</sup>"
				},
				" ≠ 0\n    ",
				{
					"t": "ex",
					"v": "</p>"
				},
				" ",
				{
					"t": "bx",
					"v": "<time datetime=\"2013-09-07\" pubdate=\"\">"
				},
				"07 September 2013",
				{
					"t": "ex",
					"v": "</time>"
				}
			],
			"guid": "zbYRC-uinCQEq1h1v3Sasgj8RnKYCl2dBogNobosi7k"
		},
		{
			"rid": "en/mrmrs.html",
			"sid": "Wcz8Mu0nuCD1zu3rBUhd0iD5AOvS8BXqMmXyo9fSo64",
			"nsrc": [
				"Photo of the sky at night. Original by ",
				{
					"t": "bx",
					"v": "<a href=\"http://flickr.com/photos/heyitsadam/\">"
				},
				"@mrmrs",
				{
					"t": "ex",
					"v": "</a>"
				}
			],
			"guid": "ZYw_6GqbfiaPtyNLkYd8MIcADvP8plZ7fgz4lOiszAI"
		},
		{
			"rid": "en/mrmrs.html",
			"sid": "4_4qP-UsnDWHRHjSIygoHr91Txs1dHFSwT5EGp7tkt8",
			"nsrc": [
				"Tables"
			],
			"guid": "_wSlN0GU0mr_xYdfgXWteqlWj2YsmEN5SdgkRsOIL2M"
		},
		{
			"rid": "en/mrmrs.html",
			"sid": "sib1KXtMcr57CXlHPR1YhuogBi-xPMTQgI2pc3MZEzE",
			"nsrc": [
				"This is a caption for a table"
			],
			"guid": "L2YVc39h1TmYezSbT2M-BCTnpdTvUGTQ1ljYJEAR8JA"
		},
		{
			"rid": "en/mrmrs.html",
			"sid": "OEOXHc_e5Qg-Yonhu9uwA-U4taimaPxDrk8Z1BWsGKI",
			"nsrc": [
				"ID"
			],
			"guid": "Z2i4E-FJWXybsGmyhzoZDo6j1_UBS1BVbm4B_M3q-KE"
		},
		{
			"rid": "en/mrmrs.html",
			"sid": "3NHVIj9zs6llwH4_9dvuPu3P7bgGaGoFubOGiiw9bVA",
			"nsrc": [
				"Name"
			],
			"guid": "E_7vArdYGI9xh_TRVyrz9OdghiMzAz87FA3kgcJOi6g"
		},
		{
			"rid": "en/mrmrs.html",
			"sid": "mcQKtAWSbLWtHe-c_0185iT4-Kv_9OhfZVNH_LlJ0I4",
			"nsrc": [
				"Date"
			],
			"guid": "St0YB7UDCNTcEo32S-NSQ5yvX5NFvTGvIOn7t1BWXqI"
		},
		{
			"rid": "en/mrmrs.html",
			"sid": "Vu-PIJVfJWQj0yj2W2IQYAUlJVHbJdZgAxiH5CHLRoQ",
			"nsrc": [
				"Address"
			],
			"guid": "4MhJhcc3RTl9rHY_oTZjz4U5MexWDbXX1Y9a0kye7rU"
		},
		{
			"rid": "en/mrmrs.html",
			"sid": "z3Jl7uKkodUTM5l7WI4mL9jUh3L2LtCD_fjj7GyY050",
			"nsrc": [
				"Table footer info"
			],
			"guid": "11x7A0O1pTL4izTsINb58lgAnu8Qmmz3DZz__DLNJvg"
		},
		{
			"rid": "en/mrmrs.html",
			"sid": "07P09-4zQ5pDjz1RyAAYwHllkTvw0rL8eNiSZnwra58",
			"nsrc": [
				"#999-32ac"
			],
			"guid": "bE06G5hwWAekdhVZao8w3-uUJsunuONSJ9zFv897_5k"
		},
		{
			"rid": "en/mrmrs.html",
			"sid": "Y8sYEWJAY7bhqbGS3xhwP3zvoWYkXh2maHATaL3twTw",
			"nsrc": [
				"13 May, 2013"
			],
			"guid": "eAtK2hjyDqES8SHJxyUx1I-9rfqyBWjHNlYslroZop0"
		},
		{
			"rid": "en/mrmrs.html",
			"sid": "-MzLTpe9OoCvjknrV5lDfuFvELTOZJoQ4X9nF4F2WdQ",
			"nsrc": [
				"999 Spruce Lane, Somewhere, CA 94101"
			],
			"guid": "_sn4I6huH1Pj1KgV0qAK_DQNLVDtcsiCxlHDfbNASjk"
		},
		{
			"rid": "en/mrmrs.html",
			"sid": "oFBA1xLmv-4H5dfeF74PXQX_GSO5c6IL8H0I2XFL-z4",
			"nsrc": [
				"#888-32dd"
			],
			"guid": "lbd7LwfOwoepPJqG9ItV8TUT6CRfTbDWrSCfi59zOjQ"
		},
		{
			"rid": "en/mrmrs.html",
			"sid": "9PzGv02-GgL63RX0SQSsTBPip9gm0SW35uzpWrc-DFo",
			"nsrc": [
				"Sample Name"
			],
			"guid": "RuOBDqzq8Tks8n1cDVTRZtxARkXIxlpIu4GbX3Eng5k"
		},
		{
			"rid": "en/mrmrs.html",
			"sid": "EU27vqKQ_hKJYDOBtbeCswGDsB50WJQqREDRa5CmkoM",
			"nsrc": [
				"17 May, 1984"
			],
			"guid": "x8XMaXJHOiphXzQFZoL24HxEXHCZNZNCfvDB6tR_5gE"
		},
		{
			"rid": "en/mrmrs.html",
			"sid": "JQl2ZpjOWb5DcpCEoWbhAsE3xjy8dSbW2dniMmtsKk0",
			"nsrc": [
				{
					"t": "bx",
					"v": "<small>"
				},
				"© 2014 Some company name",
				{
					"t": "ex",
					"v": "</small>"
				},
				" ",
				{
					"t": "bx",
					"v": "<address>"
				},
				"email@email.com",
				{
					"t": "ex",
					"v": "</address>"
				}
			],
			"guid": "5DV2smTYTOz2vV-bhvUx6RqiCbBlZn0-K9pEZoxwFHs"
		},
		{
			"rid": "en/voucher.html",
			"sid": "P9vq1R3XnX7Fy2UZ-nadhNNa5PiFG4DIxs5QvyT2wKA",
			"nsrc": [
				{
					"t": "bx",
					"v": "<h1>"
				},
				"Winter is 🎉",
				{
					"t": "ex",
					"v": "</h1>"
				},
				" ",
				{
					"t": "bx",
					"v": "<div>"
				},
				" ",
				{
					"t": "bx",
					"v": "<div class=\"body-paragraph\">"
				},
				"coming",
				{
					"t": "ex",
					"v": "</div>"
				},
				" ",
				{
					"t": "ex",
					"v": "</div>"
				},
				" ",
				{
					"t": "bx",
					"v": "<a href=\"#\" id=\"redeemButton\" class=\"button white w-button\">"
				},
				"Redeem Gift",
				{
					"t": "ex",
					"v": "</a>"
				}
			],
			"guid": "vVc1_vsNL4nHHXr5LbrkF4sXNxiuqLYsqUvFuwxl_3g"
		}
	],
	"translationProvider": "Piggy",
	"jobGuid": "xxx0xxx",
	"status": "created",
	"updatedAt": "2022-05-29T00:00:00.000Z"
}