{
	"Sch-OXL3KPaFNWvKiWNmafNmqHZo8oNtcaB-9jYE1sk": 1023,
	"S5zXEp9KGe9nqhqgtH8vMM106HfoiBTZzDQ8qyPdB5A": 1022,
	"PV7WBP4aNfZzq1Hre1_bkECpoSmhPedg7xfh7UKYkyw": 1024,
	"jkJekuVBcsiufoG2zmxszlbnMGkREPRBAeb2QTDfUaI": 1025,
	"2n8bq0sVYs9Xil3nEw7OEVuhOSGvpaoInQAZ89RnD7c": 1026,
	"XY8o8xA5C_HlR4v8LDc4L98Y0mR-4gHyLjDxwvNhDrM": 1027,
	"MmBuoyCIE3eiz_wlkLAZMeoIhXX52LOiAHNCnl3o4Fc": 1028,
	"QaV08RUEuxPOCugEXCnQ7tnShKARCrrKeZxYO7kxLSc": 1029,
	"c6aK6IBRyaNfMidf7na8JYOmhVI2r4vsn3O6B-pr-xc": 1030,
	"ZYAxQNY0zLKx4RB3CGTDXujQrbLQclR9EH5EQ7Fzbok": 1021,
	"Kj45w0Rgr1SHV55MeVawhgff4UYIfb-XuWWnyf9_dks": 1031,
	"8_cqAMCRj_4YGH6-e5xWNNAupQF-OHn20AQoeGp75h4": 1032,
	"yiK0MVBkcMRpl-7tMMPVMmlUvDJvqVxRbLLDHOchAko": 1033,
	"L3Um-sKnXUAP1liD4dLFvMGh7c2p80P5DRx1ZFPYpqM": 1020,
	"6nFW5iZToYQ3LtLDeb9Adlfu-EQWDAuFyMsAlRw4cf4": 1034,
	"4jxuTPXhhsLGShj5wDGlsktW8NV1GAYrGDxHaZV_6C4": 1035,
	"6hNFreOOSaLtvtpZeirvd7YWah19RxogxrXPw89jle8": 1036,
	"JdemGm2zCUjeubRLZsgXcHubo03AMla3GDG3EQOcRaA": 1037,
	"slgigM0NfUFIqYMNDpipEAV2LaSg4PIejxEgH37p4Pw": 1038,
	"wqrXrCWCECaeOiuDSJiLjeSfPaVlrgpeDFJp8NK39WU": 1019,
	"kNNZEkHiye4nzgXH33tGPIpo_dN9p9dtDvtyQLknghg": 1039,
	"qTP4qKQCnREcyJAH2Kaph3DNOicsXMZGYTlqeVzrb2c": 1018,
	"Ko1R6hKlnw0dJtnGrwHdjhq0igmaxHWUuci1ZrEiYvg": 1040,
	"_AhOCAPiMyasIto9QG_S4I0SlAYd_aMe7FWWEAduL38": 1017,
	"CBwqRfe5Ye7rqvX0p6oInX-rrmYU3pvl1Sb7GOjEY2k": 1041,
	"xX2wjf_JnaqCdoe4AvzrpR0w__P7h12WCoMygm6ru8U": 1042,
	"QBJSpbVgw6NtOonlImeo7N4Ys6aMk-tIHP-Jha6jjwk": 1016,
	"ngT5pq_BhXgX71IJFDYZQRJX80bl9J1XPD2oBb-VEAE": 1043,
	"Ln6QELVxYXr2EgOv6P2-EYewhB5H6jLOJ1W5jilT_nc": 1044,
	"p72nj2yZPB-RfJOZa2iZg2pt16HznCGr_kdYQziGHxs": 1045,
	"snWaUNjXnKuXlItO8jUPfKITKfuqshl6xCXxUgiP4jI": 1046,
	"d13hqt62wEq5drSC-g7auJUOAlQL-N3VrEyi1mCjMH0": 1015,
	"kjYD6n4DIB9kQKYRd0QStGsZfU2yOhcUG091zj53Skw": 1047
}